lcd.c:785:13:prvSendMessageUSART2	24	static
lcd.c:280:6:set_background_color	0	static
lcd.c:286:6:lcd_delay_pool	8	static
lcd.c:294:6:lcd_backligth_on	0	static
lcd.c:299:6:lcd_backlight_off	0	static
lcd.c:544:9:lcd_spi_send	16	static
lcd.c:526:7:lcd_send_commnad	16	static
lcd.c:535:7:lcd_send_data	16	static
lcd.c:695:6:lcd_setAddrWindow	24	static
lcd.c:571:7:lcd_draw_pixel	16	static
lcd.c:677:6:lcd_draw_fillrect	32	static
lcd.c:304:6:lcd_init	48	static
lcd.c:586:7:lcd_draw_line	48	static
lcd.c:661:7:lcd_draw_rect	40	static
lcd.c:711:6:lcd_draw_pixelFromChar	16	static
lcd.c:726:6:lcd_draw_char	56	static
lcd.c:556:7:lcd_draw_string	40	static
lcd.c:750:6:lcd_draw_circle	56	static
lcd.c:799:6:rcc_lcd_info	96	static
