Archive member included to satisfy reference by file (symbol)

c:/st/stm32cubeide_1.8.0/stm32cubeide/plugins/com.st.stm32cube.ide.mcu.externaltools.gnu-tools-for-stm32.9-2020-q2-update.win32_2.0.0.202105311346/tools/bin/../lib/gcc/arm-none-eabi/9.3.1/../../../../arm-none-eabi/lib/thumb/v7-m/nofp\libc_nano.a(lib_a-errno.o)
                              ./src/syscalls.o (__errno)
c:/st/stm32cubeide_1.8.0/stm32cubeide/plugins/com.st.stm32cube.ide.mcu.externaltools.gnu-tools-for-stm32.9-2020-q2-update.win32_2.0.0.202105311346/tools/bin/../lib/gcc/arm-none-eabi/9.3.1/../../../../arm-none-eabi/lib/thumb/v7-m/nofp\libc_nano.a(lib_a-exit.o)
                              c:/st/stm32cubeide_1.8.0/stm32cubeide/plugins/com.st.stm32cube.ide.mcu.externaltools.gnu-tools-for-stm32.9-2020-q2-update.win32_2.0.0.202105311346/tools/bin/../lib/gcc/arm-none-eabi/9.3.1/../../../../arm-none-eabi/lib/thumb/v7-m/nofp/crt0.o (exit)
c:/st/stm32cubeide_1.8.0/stm32cubeide/plugins/com.st.stm32cube.ide.mcu.externaltools.gnu-tools-for-stm32.9-2020-q2-update.win32_2.0.0.202105311346/tools/bin/../lib/gcc/arm-none-eabi/9.3.1/../../../../arm-none-eabi/lib/thumb/v7-m/nofp\libc_nano.a(lib_a-impure.o)
                              c:/st/stm32cubeide_1.8.0/stm32cubeide/plugins/com.st.stm32cube.ide.mcu.externaltools.gnu-tools-for-stm32.9-2020-q2-update.win32_2.0.0.202105311346/tools/bin/../lib/gcc/arm-none-eabi/9.3.1/../../../../arm-none-eabi/lib/thumb/v7-m/nofp\libc_nano.a(lib_a-exit.o) (_global_impure_ptr)
c:/st/stm32cubeide_1.8.0/stm32cubeide/plugins/com.st.stm32cube.ide.mcu.externaltools.gnu-tools-for-stm32.9-2020-q2-update.win32_2.0.0.202105311346/tools/bin/../lib/gcc/arm-none-eabi/9.3.1/../../../../arm-none-eabi/lib/thumb/v7-m/nofp\libc_nano.a(lib_a-init.o)
                              c:/st/stm32cubeide_1.8.0/stm32cubeide/plugins/com.st.stm32cube.ide.mcu.externaltools.gnu-tools-for-stm32.9-2020-q2-update.win32_2.0.0.202105311346/tools/bin/../lib/gcc/arm-none-eabi/9.3.1/../../../../arm-none-eabi/lib/thumb/v7-m/nofp/crt0.o (__libc_init_array)
c:/st/stm32cubeide_1.8.0/stm32cubeide/plugins/com.st.stm32cube.ide.mcu.externaltools.gnu-tools-for-stm32.9-2020-q2-update.win32_2.0.0.202105311346/tools/bin/../lib/gcc/arm-none-eabi/9.3.1/../../../../arm-none-eabi/lib/thumb/v7-m/nofp\libc_nano.a(lib_a-memcpy-stub.o)
                              ./FreeRTOS/queue.o (memcpy)
c:/st/stm32cubeide_1.8.0/stm32cubeide/plugins/com.st.stm32cube.ide.mcu.externaltools.gnu-tools-for-stm32.9-2020-q2-update.win32_2.0.0.202105311346/tools/bin/../lib/gcc/arm-none-eabi/9.3.1/../../../../arm-none-eabi/lib/thumb/v7-m/nofp\libc_nano.a(lib_a-memset.o)
                              c:/st/stm32cubeide_1.8.0/stm32cubeide/plugins/com.st.stm32cube.ide.mcu.externaltools.gnu-tools-for-stm32.9-2020-q2-update.win32_2.0.0.202105311346/tools/bin/../lib/gcc/arm-none-eabi/9.3.1/../../../../arm-none-eabi/lib/thumb/v7-m/nofp/crt0.o (memset)
c:/st/stm32cubeide_1.8.0/stm32cubeide/plugins/com.st.stm32cube.ide.mcu.externaltools.gnu-tools-for-stm32.9-2020-q2-update.win32_2.0.0.202105311346/tools/bin/../lib/gcc/arm-none-eabi/9.3.1/../../../../arm-none-eabi/lib/thumb/v7-m/nofp\libc_nano.a(lib_a-sprintf.o)
                              ./FreeRTOS/tasks.o (sprintf)
c:/st/stm32cubeide_1.8.0/stm32cubeide/plugins/com.st.stm32cube.ide.mcu.externaltools.gnu-tools-for-stm32.9-2020-q2-update.win32_2.0.0.202105311346/tools/bin/../lib/gcc/arm-none-eabi/9.3.1/../../../../arm-none-eabi/lib/thumb/v7-m/nofp\libc_nano.a(lib_a-strcat.o)
                              ./src/lcd.o (strcat)
c:/st/stm32cubeide_1.8.0/stm32cubeide/plugins/com.st.stm32cube.ide.mcu.externaltools.gnu-tools-for-stm32.9-2020-q2-update.win32_2.0.0.202105311346/tools/bin/../lib/gcc/arm-none-eabi/9.3.1/../../../../arm-none-eabi/lib/thumb/v7-m/nofp\libc_nano.a(lib_a-strcpy.o)
                              ./FreeRTOS/tasks.o (strcpy)
c:/st/stm32cubeide_1.8.0/stm32cubeide/plugins/com.st.stm32cube.ide.mcu.externaltools.gnu-tools-for-stm32.9-2020-q2-update.win32_2.0.0.202105311346/tools/bin/../lib/gcc/arm-none-eabi/9.3.1/../../../../arm-none-eabi/lib/thumb/v7-m/nofp\libc_nano.a(lib_a-strlen.o)
                              ./FreeRTOS/tasks.o (strlen)
c:/st/stm32cubeide_1.8.0/stm32cubeide/plugins/com.st.stm32cube.ide.mcu.externaltools.gnu-tools-for-stm32.9-2020-q2-update.win32_2.0.0.202105311346/tools/bin/../lib/gcc/arm-none-eabi/9.3.1/../../../../arm-none-eabi/lib/thumb/v7-m/nofp\libc_nano.a(lib_a-nano-svfprintf.o)
                              c:/st/stm32cubeide_1.8.0/stm32cubeide/plugins/com.st.stm32cube.ide.mcu.externaltools.gnu-tools-for-stm32.9-2020-q2-update.win32_2.0.0.202105311346/tools/bin/../lib/gcc/arm-none-eabi/9.3.1/../../../../arm-none-eabi/lib/thumb/v7-m/nofp\libc_nano.a(lib_a-sprintf.o) (_svfprintf_r)
[...]
Memory Configuration

Name             Origin             Length             Attributes
RAM              0x0000000020000000 0x0000000000005000 xrw
ROM              0x0000000008000000 0x0000000000020000 xr
*default*        0x0000000000000000 0xffffffffffffffff

Linker script and memory map

LOAD c:/st/stm32cubeide_1.8.0/stm32cubeide/plugins/com.st.stm32cube.ide.mcu.externaltools.gnu-tools-for-stm32.9-2020-q2-update.win32_2.0.0.202105311346/tools/bin/../lib/gcc/arm-none-eabi/9.3.1/thumb/v7-m/nofp/crti.o
LOAD c:/st/stm32cubeide_1.8.0/stm32cubeide/plugins/com.st.stm32cube.ide.mcu.externaltools.gnu-tools-for-stm32.9-2020-q2-update.win32_2.0.0.202105311346/tools/bin/../lib/gcc/arm-none-eabi/9.3.1/thumb/v7-m/nofp/crtbegin.o
LOAD c:/st/stm32cubeide_1.8.0/stm32cubeide/plugins/com.st.stm32cube.ide.mcu.externaltools.gnu-tools-for-stm32.9-2020-q2-update.win32_2.0.0.202105311346/tools/bin/../lib/gcc/arm-none-eabi/9.3.1/../../../../arm-none-eabi/lib/thumb/v7-m/nofp/crt0.o
LOAD ./CMSIS/core/core_cm3.o
LOAD ./FreeRTOS/croutine.o
LOAD ./FreeRTOS/event_groups.o
LOAD ./FreeRTOS/heap_2.o
LOAD ./FreeRTOS/list.o
LOAD ./FreeRTOS/port.o
LOAD ./FreeRTOS/queue.o
LOAD ./FreeRTOS/stream_buffer.o
LOAD ./FreeRTOS/tasks.o
LOAD ./FreeRTOS/timers.o
LOAD ./StdPeriph_Driver/src/misc.o
LOAD ./StdPeriph_Driver/src/stm32f10x_adc.o
LOAD ./StdPeriph_Driver/src/stm32f10x_bkp.o
LOAD ./StdPeriph_Driver/src/stm32f10x_can.o
LOAD ./StdPeriph_Driver/src/stm32f10x_cec.o
LOAD ./StdPeriph_Driver/src/stm32f10x_crc.o
LOAD ./StdPeriph_Driver/src/stm32f10x_dac.o
LOAD ./StdPeriph_Driver/src/stm32f10x_dbgmcu.o
LOAD ./StdPeriph_Driver/src/stm32f10x_dma.o
LOAD ./StdPeriph_Driver/src/stm32f10x_exti.o
LOAD ./StdPeriph_Driver/src/stm32f10x_flash.o
LOAD ./StdPeriph_Driver/src/stm32f10x_fsmc.o
LOAD ./StdPeriph_Driver/src/stm32f10x_gpio.o
LOAD ./StdPeriph_Driver/src/stm32f10x_i2c.o
LOAD ./StdPeriph_Driver/src/stm32f10x_iwdg.o
LOAD ./StdPeriph_Driver/src/stm32f10x_pwr.o
LOAD ./StdPeriph_Driver/src/stm32f10x_rcc.o
LOAD ./StdPeriph_Driver/src/stm32f10x_rtc.o
LOAD ./StdPeriph_Driver/src/stm32f10x_sdio.o
LOAD ./StdPeriph_Driver/src/stm32f10x_spi.o
LOAD ./StdPeriph_Driver/src/stm32f10x_tim.o
LOAD ./StdPeriph_Driver/src/stm32f10x_usart.o
LOAD ./StdPeriph_Driver/src/stm32f10x_wwdg.o
LOAD ./src/lcd.o
LOAD ./src/main.o
LOAD ./src/stm32f10x_it.o
LOAD ./src/syscalls.o
LOAD ./startup/startup_stm32.o
START GROUP
LOAD c:/st/stm32cubeide_1.8.0/stm32cubeide/plugins/com.st.stm32cube.ide.mcu.externaltools.gnu-tools-for-stm32.9-2020-q2-update.win32_2.0.0.202105311346/tools/bin/../lib/gcc/arm-none-eabi/9.3.1/../../../../arm-none-eabi/lib/thumb/v7-m/nofp\libc_nano.a
LOAD c:/st/stm32cubeide_1.8.0/stm32cubeide/plugins/com.st.stm32cube.ide.mcu.externaltools.gnu-tools-for-stm32.9-2020-q2-update.win32_2.0.0.202105311346/tools/bin/../lib/gcc/arm-none-eabi/9.3.1/../../../../arm-none-eabi/lib/thumb/v7-m/nofp\libm.a
END GROUP
START GROUP
LOAD c:/st/stm32cubeide_1.8.0/stm32cubeide/plugins/com.st.stm32cube.ide.mcu.externaltools.gnu-tools-for-stm32.9-2020-q2-update.win32_2.0.0.202105311346/tools/bin/../lib/gcc/arm-none-eabi/9.3.1/thumb/v7-m/nofp\libgcc.a
LOAD c:/st/stm32cubeide_1.8.0/stm32cubeide/plugins/com.st.stm32cube.ide.mcu.externaltools.gnu-tools-for-stm32.9-2020-q2-update.win32_2.0.0.202105311346/tools/bin/../lib/gcc/arm-none-eabi/9.3.1/../../../../arm-none-eabi/lib/thumb/v7-m/nofp\libc_nano.a
END GROUP
START GROUP
LOAD c:/st/stm32cubeide_1.8.0/stm32cubeide/plugins/com.st.stm32cube.ide.mcu.externaltools.gnu-tools-for-stm32.9-2020-q2-update.win32_2.0.0.202105311346/tools/bin/../lib/gcc/arm-none-eabi/9.3.1/thumb/v7-m/nofp\libgcc.a
LOAD c:/st/stm32cubeide_1.8.0/stm32cubeide/plugins/com.st.stm32cube.ide.mcu.externaltools.gnu-tools-for-stm32.9-2020-q2-update.win32_2.0.0.202105311346/tools/bin/../lib/gcc/arm-none-eabi/9.3.1/../../../../arm-none-eabi/lib/thumb/v7-m/nofp\libc_nano.a
LOAD c:/st/stm32cubeide_1.8.0/stm32cubeide/plugins/com.st.stm32cube.ide.mcu.externaltools.gnu-tools-for-stm32.9-2020-q2-update.win32_2.0.0.202105311346/tools/bin/../lib/gcc/arm-none-eabi/9.3.1/../../../../arm-none-eabi/lib/thumb/v7-m/nofp\libnosys.a
END GROUP
START GROUP
LOAD c:/st/stm32cubeide_1.8.0/stm32cubeide/plugins/com.st.stm32cube.ide.mcu.externaltools.gnu-tools-for-stm32.9-2020-q2-update.win32_2.0.0.202105311346/tools/bin/../lib/gcc/arm-none-eabi/9.3.1/thumb/v7-m/nofp\libgcc.a
LOAD c:/st/stm32cubeide_1.8.0/stm32cubeide/plugins/com.st.stm32cube.ide.mcu.externaltools.gnu-tools-for-stm32.9-2020-q2-update.win32_2.0.0.202105311346/tools/bin/../lib/gcc/arm-none-eabi/9.3.1/../../../../arm-none-eabi/lib/thumb/v7-m/nofp\libc_nano.a
LOAD c:/st/stm32cubeide_1.8.0/stm32cubeide/plugins/com.st.stm32cube.ide.mcu.externaltools.gnu-tools-for-stm32.9-2020-q2-update.win32_2.0.0.202105311346/tools/bin/../lib/gcc/arm-none-eabi/9.3.1/../../../../arm-none-eabi/lib/thumb/v7-m/nofp\libnosys.a
END GROUP
LOAD c:/st/stm32cubeide_1.8.0/stm32cubeide/plugins/com.st.stm32cube.ide.mcu.externaltools.gnu-tools-for-stm32.9-2020-q2-update.win32_2.0.0.202105311346/tools/bin/../lib/gcc/arm-none-eabi/9.3.1/thumb/v7-m/nofp/crtend.o
LOAD c:/st/stm32cubeide_1.8.0/stm32cubeide/plugins/com.st.stm32cube.ide.mcu.externaltools.gnu-tools-for-stm32.9-2020-q2-update.win32_2.0.0.202105311346/tools/bin/../lib/gcc/arm-none-eabi/9.3.1/thumb/v7-m/nofp/crtn.o
                0x0000000020005000                _estack = 0x20005000
                0x0000000000000000                _Min_Heap_Size = 0x0
                0x0000000000000400                _Min_Stack_Size = 0x400

.isr_vector     0x0000000008000000      0x10c
                0x0000000008000000                . = ALIGN (0x4)
 *(.isr_vector)
 .isr_vector    0x0000000008000000      0x10c ./startup/startup_stm32.o
                0x0000000008000000                g_pfnVectors
                0x000000000800010c                . = ALIGN (0x4)

.text           0x0000000008000110     0x2ab0
                0x0000000008000110                . = ALIGN (0x4)
 *(.text)
 .text          0x0000000008000110       0x40 c:/st/stm32cubeide_1.8.0/stm32cubeide/plugins/com.st.stm32cube.ide.mcu.externaltools.gnu-tools-for-stm32.9-2020-q2-update.win32_2.0.0.202105311346/tools/bin/../lib/gcc/arm-none-eabi/9.3.1/thumb/v7-m/nofp/crtbegin.o
 *(.text*)
 .text.pvPortMalloc
                0x0000000008000150       0xac ./FreeRTOS/heap_2.o
                0x0000000008000150                pvPortMalloc
 .text.vPortFree
                0x00000000080001fc       0x40 ./FreeRTOS/heap_2.o
                0x00000000080001fc                vPortFree
 .text.vListInitialise
                0x000000000800023c       0x16 ./FreeRTOS/list.o
                0x000000000800023c                vListInitialise
 .text.vListInitialiseItem
                0x0000000008000252        0x6 ./FreeRTOS/list.o
                0x0000000008000252                vListInitialiseItem
 .text.vListInsert
                0x0000000008000258       0x2e ./FreeRTOS/list.o
                0x0000000008000258                vListInsert
 .text.uxListRemove
                0x0000000008000286       0x20 ./FreeRTOS/list.o
                0x0000000008000286                uxListRemove
 .text.prvTaskExitError
                0x00000000080002a6       0x20 ./FreeRTOS/port.o
 *fill*         0x00000000080002c6        0x2 
 .text.prvPortStartFirstTask
                0x00000000080002c8       0x20 ./FreeRTOS/port.o
 .text.pxPortInitialiseStack
                0x00000000080002e8       0x24 ./FreeRTOS/port.o
                0x00000000080002e8                pxPortInitialiseStack
 *fill*         0x000000000800030c        0x4 
 .text.SVC_Handler
                0x0000000008000310       0x24 ./FreeRTOS/port.o
                0x0000000008000310                SVC_Handler
 .text.vPortEnterCritical
                0x0000000008000334       0x20 ./FreeRTOS/port.o
                0x0000000008000334                vPortEnterCritical
 .text.vPortExitCritical
                0x0000000008000354       0x14 ./FreeRTOS/port.o
                0x0000000008000354                vPortExitCritical
 *fill*         0x0000000008000368        0x8 
 .text.PendSV_Handler
                0x0000000008000370       0x44 ./FreeRTOS/port.o
                0x0000000008000370                PendSV_Handler
 .text.SysTick_Handler
                0x00000000080003b4       0x2c ./FreeRTOS/port.o
                0x00000000080003b4                SysTick_Handler
 .text.vPortSetupTimerInterrupt
                0x00000000080003e0       0x28 ./FreeRTOS/port.o
                0x00000000080003e0                vPortSetupTimerInterrupt
 .text.xPortStartScheduler
                0x0000000008000408       0x38 ./FreeRTOS/port.o
                0x0000000008000408                xPortStartScheduler
 .text.prvIsQueueEmpty
                0x0000000008000440       0x16 ./FreeRTOS/queue.o
 .text.prvCopyDataToQueue
                0x0000000008000456       0x6a ./FreeRTOS/queue.o
 .text.prvUnlockQueue
                0x00000000080004c0       0x70 ./FreeRTOS/queue.o
 .text.xQueueGenericReset
                0x0000000008000530       0x7c ./FreeRTOS/queue.o
                0x0000000008000530                xQueueGenericReset
 .text.xQueueGenericCreate
                0x00000000080005ac       0x4a ./FreeRTOS/queue.o
                0x00000000080005ac                xQueueGenericCreate
 .text.xQueueCreateCountingSemaphore
                0x00000000080005f6       0x1c ./FreeRTOS/queue.o
                0x00000000080005f6                xQueueCreateCountingSemaphore
 *fill*         0x0000000008000612        0x2 
 .text.xQueueGenericSend
                0x0000000008000614      0x104 ./FreeRTOS/queue.o
                0x0000000008000614                xQueueGenericSend
 .text.xQueueCreateMutex
                0x0000000008000718       0x36 ./FreeRTOS/queue.o
                0x0000000008000718                xQueueCreateMutex
 .text.xQueueGiveFromISR
                0x000000000800074e       0x5c ./FreeRTOS/queue.o
                0x000000000800074e                xQueueGiveFromISR
 *fill*         0x00000000080007aa        0x2 
 .text.xQueueSemaphoreTake
                0x00000000080007ac      0x128 ./FreeRTOS/queue.o
                0x00000000080007ac                xQueueSemaphoreTake
 .text.uxQueueMessagesWaiting
                0x00000000080008d4       0x12 ./FreeRTOS/queue.o
                0x00000000080008d4                uxQueueMessagesWaiting
 *fill*         0x00000000080008e6        0x2 
 .text.prvAddCurrentTaskToDelayedList
                0x00000000080008e8       0x84 ./FreeRTOS/tasks.o
 .text.prvResetNextTaskUnblockTime
                0x000000000800096c       0x1c ./FreeRTOS/tasks.o
 .text.prvIdleTask
                0x0000000008000988       0x54 ./FreeRTOS/tasks.o
 .text.xTaskCreate
                0x00000000080009dc      0x1a8 ./FreeRTOS/tasks.o
                0x00000000080009dc                xTaskCreate
 .text.vTaskStartScheduler
                0x0000000008000b84       0x58 ./FreeRTOS/tasks.o
                0x0000000008000b84                vTaskStartScheduler
 .text.vTaskSuspendAll
                0x0000000008000bdc       0x14 ./FreeRTOS/tasks.o
                0x0000000008000bdc                vTaskSuspendAll
 .text.xTaskGetTickCount
                0x0000000008000bf0        0xc ./FreeRTOS/tasks.o
                0x0000000008000bf0                xTaskGetTickCount
 .text.xTaskIncrementTick
                0x0000000008000bfc      0x124 ./FreeRTOS/tasks.o
                0x0000000008000bfc                xTaskIncrementTick
 .text.xTaskResumeAll
                0x0000000008000d20      0x108 ./FreeRTOS/tasks.o
                0x0000000008000d20                xTaskResumeAll
 .text.xTaskDelayUntil
                0x0000000008000e28       0x58 ./FreeRTOS/tasks.o
                0x0000000008000e28                xTaskDelayUntil
 .text.vTaskDelay
                0x0000000008000e80       0x30 ./FreeRTOS/tasks.o
                0x0000000008000e80                vTaskDelay
 .text.vTaskSwitchContext
                0x0000000008000eb0       0x50 ./FreeRTOS/tasks.o
                0x0000000008000eb0                vTaskSwitchContext
 .text.vTaskPlaceOnEventList
                0x0000000008000f00       0x20 ./FreeRTOS/tasks.o
                0x0000000008000f00                vTaskPlaceOnEventList
 .text.xTaskRemoveFromEventList
                0x0000000008000f20       0xb4 ./FreeRTOS/tasks.o
                0x0000000008000f20                xTaskRemoveFromEventList
 .text.vTaskInternalSetTimeOutState
                0x0000000008000fd4       0x14 ./FreeRTOS/tasks.o
                0x0000000008000fd4                vTaskInternalSetTimeOutState
 .text.xTaskCheckForTimeOut
                0x0000000008000fe8       0x4c ./FreeRTOS/tasks.o
                0x0000000008000fe8                xTaskCheckForTimeOut
 .text.vTaskMissedYield
                0x0000000008001034       0x10 ./FreeRTOS/tasks.o
                0x0000000008001034                vTaskMissedYield
 .text.xTaskPriorityInherit
                0x0000000008001044       0xa0 ./FreeRTOS/tasks.o
                0x0000000008001044                xTaskPriorityInherit
 .text.xTaskPriorityDisinherit
                0x00000000080010e4       0x78 ./FreeRTOS/tasks.o
                0x00000000080010e4                xTaskPriorityDisinherit
 .text.vTaskPriorityDisinheritAfterTimeout
                0x000000000800115c       0x84 ./FreeRTOS/tasks.o
                0x000000000800115c                vTaskPriorityDisinheritAfterTimeout
 .text.pvTaskIncrementMutexHeldCount
                0x00000000080011e0       0x18 ./FreeRTOS/tasks.o
                0x00000000080011e0                pvTaskIncrementMutexHeldCount
 .text.NVIC_PriorityGroupConfig
                0x00000000080011f8       0x14 ./StdPeriph_Driver/src/misc.o
                0x00000000080011f8                NVIC_PriorityGroupConfig
 .text.NVIC_Init
                0x000000000800120c       0x58 ./StdPeriph_Driver/src/misc.o
                0x000000000800120c                NVIC_Init
 .text.EXTI_Init
                0x0000000008001264       0x6c ./StdPeriph_Driver/src/stm32f10x_exti.o
                0x0000000008001264                EXTI_Init
 .text.EXTI_ClearITPendingBit
                0x00000000080012d0        0xc ./StdPeriph_Driver/src/stm32f10x_exti.o
                0x00000000080012d0                EXTI_ClearITPendingBit
 .text.FLASH_SetLatency
                0x00000000080012dc       0x14 ./StdPeriph_Driver/src/stm32f10x_flash.o
                0x00000000080012dc                FLASH_SetLatency
 .text.FLASH_PrefetchBufferCmd
                0x00000000080012f0       0x18 ./StdPeriph_Driver/src/stm32f10x_flash.o
                0x00000000080012f0                FLASH_PrefetchBufferCmd
 .text.GPIO_Init
                0x0000000008001308       0xa0 ./StdPeriph_Driver/src/stm32f10x_gpio.o
                0x0000000008001308                GPIO_Init
 .text.GPIO_ReadOutputDataBit
                0x00000000080013a8        0xc ./StdPeriph_Driver/src/stm32f10x_gpio.o
                0x00000000080013a8                GPIO_ReadOutputDataBit
 .text.GPIO_SetBits
                0x00000000080013b4        0x4 ./StdPeriph_Driver/src/stm32f10x_gpio.o
                0x00000000080013b4                GPIO_SetBits
 .text.GPIO_ResetBits
                0x00000000080013b8        0x4 ./StdPeriph_Driver/src/stm32f10x_gpio.o
                0x00000000080013b8                GPIO_ResetBits
 .text.GPIO_WriteBit
                0x00000000080013bc        0xa ./StdPeriph_Driver/src/stm32f10x_gpio.o
                0x00000000080013bc                GPIO_WriteBit
 *fill*         0x00000000080013c6        0x2 
 .text.GPIO_PinRemapConfig
                0x00000000080013c8       0x60 ./StdPeriph_Driver/src/stm32f10x_gpio.o
                0x00000000080013c8                GPIO_PinRemapConfig
 .text.GPIO_EXTILineConfig
                0x0000000008001428       0x2a ./StdPeriph_Driver/src/stm32f10x_gpio.o
                0x0000000008001428                GPIO_EXTILineConfig
 *fill*         0x0000000008001452        0x2 
 .text.RCC_DeInit
                0x0000000008001454       0x40 ./StdPeriph_Driver/src/stm32f10x_rcc.o
                0x0000000008001454                RCC_DeInit
 .text.RCC_HSEConfig
                0x0000000008001494       0x38 ./StdPeriph_Driver/src/stm32f10x_rcc.o
                0x0000000008001494                RCC_HSEConfig
 .text.RCC_PLLConfig
                0x00000000080014cc       0x14 ./StdPeriph_Driver/src/stm32f10x_rcc.o
                0x00000000080014cc                RCC_PLLConfig
 .text.RCC_PLLCmd
                0x00000000080014e0        0xc ./StdPeriph_Driver/src/stm32f10x_rcc.o
                0x00000000080014e0                RCC_PLLCmd
 .text.RCC_SYSCLKConfig
                0x00000000080014ec       0x14 ./StdPeriph_Driver/src/stm32f10x_rcc.o
                0x00000000080014ec                RCC_SYSCLKConfig
 .text.RCC_GetSYSCLKSource
                0x0000000008001500       0x10 ./StdPeriph_Driver/src/stm32f10x_rcc.o
                0x0000000008001500                RCC_GetSYSCLKSource
 .text.RCC_HCLKConfig
                0x0000000008001510       0x14 ./StdPeriph_Driver/src/stm32f10x_rcc.o
                0x0000000008001510                RCC_HCLKConfig
 .text.RCC_PCLK1Config
                0x0000000008001524       0x14 ./StdPeriph_Driver/src/stm32f10x_rcc.o
                0x0000000008001524                RCC_PCLK1Config
 .text.RCC_PCLK2Config
                0x0000000008001538       0x14 ./StdPeriph_Driver/src/stm32f10x_rcc.o
                0x0000000008001538                RCC_PCLK2Config
 .text.RCC_GetClocksFreq
                0x000000000800154c       0x90 ./StdPeriph_Driver/src/stm32f10x_rcc.o
                0x000000000800154c                RCC_GetClocksFreq
 .text.RCC_APB2PeriphClockCmd
                0x00000000080015dc       0x18 ./StdPeriph_Driver/src/stm32f10x_rcc.o
                0x00000000080015dc                RCC_APB2PeriphClockCmd
 .text.RCC_APB1PeriphClockCmd
                0x00000000080015f4       0x18 ./StdPeriph_Driver/src/stm32f10x_rcc.o
                0x00000000080015f4                RCC_APB1PeriphClockCmd
 .text.RCC_GetFlagStatus
                0x000000000800160c       0x28 ./StdPeriph_Driver/src/stm32f10x_rcc.o
                0x000000000800160c                RCC_GetFlagStatus
 .text.RCC_WaitForHSEStartUp
                0x0000000008001634       0x30 ./StdPeriph_Driver/src/stm32f10x_rcc.o
                0x0000000008001634                RCC_WaitForHSEStartUp
 .text.SPI_Init
                0x0000000008001664       0x3e ./StdPeriph_Driver/src/stm32f10x_spi.o
                0x0000000008001664                SPI_Init
 .text.SPI_Cmd  0x00000000080016a2       0x18 ./StdPeriph_Driver/src/stm32f10x_spi.o
                0x00000000080016a2                SPI_Cmd
 .text.SPI_I2S_SendData
                0x00000000080016ba        0x4 ./StdPeriph_Driver/src/stm32f10x_spi.o
                0x00000000080016ba                SPI_I2S_SendData
 .text.SPI_I2S_ReceiveData
                0x00000000080016be        0x6 ./StdPeriph_Driver/src/stm32f10x_spi.o
                0x00000000080016be                SPI_I2S_ReceiveData
 .text.SPI_I2S_GetFlagStatus
                0x00000000080016c4        0xc ./StdPeriph_Driver/src/stm32f10x_spi.o
                0x00000000080016c4                SPI_I2S_GetFlagStatus
 .text.USART_Init
                0x00000000080016d0       0xa8 ./StdPeriph_Driver/src/stm32f10x_usart.o
                0x00000000080016d0                USART_Init
 .text.USART_Cmd
                0x0000000008001778       0x18 ./StdPeriph_Driver/src/stm32f10x_usart.o
                0x0000000008001778                USART_Cmd
 .text.USART_ITConfig
                0x0000000008001790       0x30 ./StdPeriph_Driver/src/stm32f10x_usart.o
                0x0000000008001790                USART_ITConfig
 .text.USART_ClearITPendingBit
                0x00000000080017c0        0xe ./StdPeriph_Driver/src/stm32f10x_usart.o
                0x00000000080017c0                USART_ClearITPendingBit
 .text.lcd_delay_pool
                0x00000000080017ce       0x1c ./src/lcd.o
                0x00000000080017ce                lcd_delay_pool
 *fill*         0x00000000080017ea        0x2 
 .text.lcd_spi_send
                0x00000000080017ec       0x38 ./src/lcd.o
                0x00000000080017ec                lcd_spi_send
 .text.lcd_send_commnad
                0x0000000008001824       0x34 ./src/lcd.o
                0x0000000008001824                lcd_send_commnad
 .text.lcd_send_data
                0x0000000008001858       0x34 ./src/lcd.o
                0x0000000008001858                lcd_send_data
 .text.lcd_setAddrWindow
                0x000000000800188c       0x50 ./src/lcd.o
                0x000000000800188c                lcd_setAddrWindow
 .text.lcd_draw_fillrect
                0x00000000080018dc       0x70 ./src/lcd.o
                0x00000000080018dc                lcd_draw_fillrect
 .text.lcd_init
                0x000000000800194c      0x35c ./src/lcd.o
                0x000000000800194c                lcd_init
 .text.lcd_draw_pixelFromChar
                0x0000000008001ca8       0x48 ./src/lcd.o
                0x0000000008001ca8                lcd_draw_pixelFromChar
 .text.lcd_draw_char
                0x0000000008001cf0       0xac ./src/lcd.o
                0x0000000008001cf0                lcd_draw_char
 .text.lcd_draw_string
                0x0000000008001d9c       0x42 ./src/lcd.o
                0x0000000008001d9c                lcd_draw_string
 *fill*         0x0000000008001dde        0x2 
 .text.prvLibertar
                0x0000000008001de0       0x38 ./src/main.o
 .text.prvCountDisplay
                0x0000000008001e18       0x9c ./src/main.o
 .text.prvCountBot
                0x0000000008001eb4       0x60 ./src/main.o
 .text.pvrLED   0x0000000008001f14       0x40 ./src/main.o
 .text.startup.main
                0x0000000008001f54      0x234 ./src/main.o
                0x0000000008001f54                main
 .text.WWDG_IRQHandler
                0x0000000008002188        0x2 ./src/stm32f10x_it.o
                0x0000000008002188                WWDG_IRQHandler
 .text.PVD_IRQHandler
                0x000000000800218a        0x2 ./src/stm32f10x_it.o
                0x000000000800218a                PVD_IRQHandler
 .text.TAMPER_IRQHandler
                0x000000000800218c        0x2 ./src/stm32f10x_it.o
                0x000000000800218c                TAMPER_IRQHandler
 .text.RTC_IRQHandler
                0x000000000800218e        0x2 ./src/stm32f10x_it.o
                0x000000000800218e                RTC_IRQHandler
 .text.FLASH_IRQHandler
                0x0000000008002190        0x2 ./src/stm32f10x_it.o
                0x0000000008002190                FLASH_IRQHandler
 .text.RCC_IRQHandler
                0x0000000008002192        0x2 ./src/stm32f10x_it.o
                0x0000000008002192                RCC_IRQHandler
 .text.EXTI0_IRQHandler
                0x0000000008002194        0x2 ./src/stm32f10x_it.o
                0x0000000008002194                EXTI0_IRQHandler
 *fill*         0x0000000008002196        0x2 
 .text.EXTI1_IRQHandler
                0x0000000008002198       0x40 ./src/stm32f10x_it.o
                0x0000000008002198                EXTI1_IRQHandler
 .text.EXTI2_IRQHandler
                0x00000000080021d8        0x2 ./src/stm32f10x_it.o
                0x00000000080021d8                EXTI2_IRQHandler
 .text.EXTI3_IRQHandler
                0x00000000080021da        0x2 ./src/stm32f10x_it.o
                0x00000000080021da                EXTI3_IRQHandler
 .text.EXTI4_IRQHandler
                0x00000000080021dc        0x2 ./src/stm32f10x_it.o
                0x00000000080021dc                EXTI4_IRQHandler
 .text.DMA1_Channel1_IRQHandler
                0x00000000080021de        0x2 ./src/stm32f10x_it.o
                0x00000000080021de                DMA1_Channel1_IRQHandler
 .text.DMA1_Channel2_IRQHandler
                0x00000000080021e0        0x2 ./src/stm32f10x_it.o
                0x00000000080021e0                DMA1_Channel2_IRQHandler
 .text.DMA1_Channel3_IRQHandler
                0x00000000080021e2        0x2 ./src/stm32f10x_it.o
                0x00000000080021e2                DMA1_Channel3_IRQHandler
 .text.DMA1_Channel4_IRQHandler
                0x00000000080021e4        0x2 ./src/stm32f10x_it.o
                0x00000000080021e4                DMA1_Channel4_IRQHandler
 .text.DMA1_Channel5_IRQHandler
                0x00000000080021e6        0x2 ./src/stm32f10x_it.o
                0x00000000080021e6                DMA1_Channel5_IRQHandler
 .text.DMA1_Channel6_IRQHandler
                0x00000000080021e8        0x2 ./src/stm32f10x_it.o
                0x00000000080021e8                DMA1_Channel6_IRQHandler
 .text.DMA1_Channel7_IRQHandler
                0x00000000080021ea        0x2 ./src/stm32f10x_it.o
                0x00000000080021ea                DMA1_Channel7_IRQHandler
 .text.ADC1_2_IRQHandler
                0x00000000080021ec        0x2 ./src/stm32f10x_it.o
                0x00000000080021ec                ADC1_2_IRQHandler
 .text.EXTI9_5_IRQHandler
                0x00000000080021ee        0x2 ./src/stm32f10x_it.o
                0x00000000080021ee                EXTI9_5_IRQHandler
 .text.TIM1_BRK_IRQHandler
                0x00000000080021f0        0x2 ./src/stm32f10x_it.o
                0x00000000080021f0                TIM1_BRK_IRQHandler
 .text.TIM1_UP_IRQHandler
                0x00000000080021f2        0x2 ./src/stm32f10x_it.o
                0x00000000080021f2                TIM1_UP_IRQHandler
 .text.TIM1_TRG_COM_IRQHandler
                0x00000000080021f4        0x2 ./src/stm32f10x_it.o
                0x00000000080021f4                TIM1_TRG_COM_IRQHandler
 .text.TIM1_CC_IRQHandler
                0x00000000080021f6        0x2 ./src/stm32f10x_it.o
                0x00000000080021f6                TIM1_CC_IRQHandler
 .text.TIM2_IRQHandler
                0x00000000080021f8        0x2 ./src/stm32f10x_it.o
                0x00000000080021f8                TIM2_IRQHandler
 .text.TIM3_IRQHandler
                0x00000000080021fa        0x2 ./src/stm32f10x_it.o
                0x00000000080021fa                TIM3_IRQHandler
 .text.TIM4_IRQHandler
                0x00000000080021fc        0x2 ./src/stm32f10x_it.o
                0x00000000080021fc                TIM4_IRQHandler
 .text.I2C1_EV_IRQHandler
                0x00000000080021fe        0x2 ./src/stm32f10x_it.o
                0x00000000080021fe                I2C1_EV_IRQHandler
 .text.I2C1_ER_IRQHandler
                0x0000000008002200        0x2 ./src/stm32f10x_it.o
                0x0000000008002200                I2C1_ER_IRQHandler
 .text.I2C2_EV_IRQHandler
                0x0000000008002202        0x2 ./src/stm32f10x_it.o
                0x0000000008002202                I2C2_EV_IRQHandler
 .text.I2C2_ER_IRQHandler
                0x0000000008002204        0x2 ./src/stm32f10x_it.o
                0x0000000008002204                I2C2_ER_IRQHandler
 .text.SPI1_IRQHandler
                0x0000000008002206        0x2 ./src/stm32f10x_it.o
                0x0000000008002206                SPI1_IRQHandler
 .text.SPI2_IRQHandler
                0x0000000008002208        0x2 ./src/stm32f10x_it.o
                0x0000000008002208                SPI2_IRQHandler
 .text.USART1_IRQHandler
                0x000000000800220a        0x2 ./src/stm32f10x_it.o
                0x000000000800220a                USART1_IRQHandler
 .text.USART2_IRQHandler
                0x000000000800220c       0x40 ./src/stm32f10x_it.o
                0x000000000800220c                USART2_IRQHandler
 .text.USART3_IRQHandler
                0x000000000800224c        0x2 ./src/stm32f10x_it.o
                0x000000000800224c                USART3_IRQHandler
 .text.EXTI15_10_IRQHandler
                0x000000000800224e        0x2 ./src/stm32f10x_it.o
                0x000000000800224e                EXTI15_10_IRQHandler
 .text.RTCAlarm_IRQHandler
                0x0000000008002250        0x2 ./src/stm32f10x_it.o
                0x0000000008002250                RTCAlarm_IRQHandler
 .text.USBWakeUp_IRQHandler
                0x0000000008002252        0x2 ./src/stm32f10x_it.o
                0x0000000008002252                USBWakeUp_IRQHandler
 .text._sbrk    0x0000000008002254       0x34 ./src/syscalls.o
                0x0000000008002254                _sbrk
 .text.Reset_Handler
                0x0000000008002288       0x44 ./startup/startup_stm32.o
                0x0000000008002288                Reset_Handler
 .text.Default_Handler
                0x00000000080022cc        0x2 ./startup/startup_stm32.o
                0x00000000080022cc                DebugMon_Handler
                0x00000000080022cc                HardFault_Handler
                0x00000000080022cc                NMI_Handler
                0x00000000080022cc                UsageFault_Handler
                0x00000000080022cc                CAN1_RX1_IRQHandler
                0x00000000080022cc                Default_Handler
                0x00000000080022cc                MemManage_Handler
                0x00000000080022cc                USB_LP_CAN1_RX0_IRQHandler
                0x00000000080022cc                USB_HP_CAN1_TX_IRQHandler
                0x00000000080022cc                CAN1_SCE_IRQHandler
                0x00000000080022cc                BusFault_Handler
 *fill*         0x00000000080022ce        0x2 
 .text.__errno  0x00000000080022d0        0xc c:/st/stm32cubeide_1.8.0/stm32cubeide/plugins/com.st.stm32cube.ide.mcu.externaltools.gnu-tools-for-stm32.9-2020-q2-update.win32_2.0.0.202105311346/tools/bin/../lib/gcc/arm-none-eabi/9.3.1/../../../../arm-none-eabi/lib/thumb/v7-m/nofp\libc_nano.a(lib_a-errno.o)
                0x00000000080022d0                __errno
 .text.__libc_init_array
                0x00000000080022dc       0x48 c:/st/stm32cubeide_1.8.0/stm32cubeide/plugins/com.st.stm32cube.ide.mcu.externaltools.gnu-tools-for-stm32.9-2020-q2-update.win32_2.0.0.202105311346/tools/bin/../lib/gcc/arm-none-eabi/9.3.1/../../../../arm-none-eabi/lib/thumb/v7-m/nofp\libc_nano.a(lib_a-init.o)
                0x00000000080022dc                __libc_init_array
 .text.memcpy   0x0000000008002324       0x1c c:/st/stm32cubeide_1.8.0/stm32cubeide/plugins/com.st.stm32cube.ide.mcu.externaltools.gnu-tools-for-stm32.9-2020-q2-update.win32_2.0.0.202105311346/tools/bin/../lib/gcc/arm-none-eabi/9.3.1/../../../../arm-none-eabi/lib/thumb/v7-m/nofp\libc_nano.a(lib_a-memcpy-stub.o)
                0x0000000008002324                memcpy
 .text.memset   0x0000000008002340       0x10 c:/st/stm32cubeide_1.8.0/stm32cubeide/plugins/com.st.stm32cube.ide.mcu.externaltools.gnu-tools-for-stm32.9-2020-q2-update.win32_2.0.0.202105311346/tools/bin/../lib/gcc/arm-none-eabi/9.3.1/../../../../arm-none-eabi/lib/thumb/v7-m/nofp\libc_nano.a(lib_a-memset.o)
                0x0000000008002340                memset
 .text.sprintf  0x0000000008002350       0x40 c:/st/stm32cubeide_1.8.0/stm32cubeide/plugins/com.st.stm32cube.ide.mcu.externaltools.gnu-tools-for-stm32.9-2020-q2-update.win32_2.0.0.202105311346/tools/bin/../lib/gcc/arm-none-eabi/9.3.1/../../../../arm-none-eabi/lib/thumb/v7-m/nofp\libc_nano.a(lib_a-sprintf.o)
                0x0000000008002350                siprintf
                0x0000000008002350                sprintf
 .text.__ssputs_r
                0x0000000008002390       0xb6 c:/st/stm32cubeide_1.8.0/stm32cubeide/plugins/com.st.stm32cube.ide.mcu.externaltools.gnu-tools-for-stm32.9-2020-q2-update.win32_2.0.0.202105311346/tools/bin/../lib/gcc/arm-none-eabi/9.3.1/../../../../arm-none-eabi/lib/thumb/v7-m/nofp\libc_nano.a(lib_a-nano-svfprintf.o)
                0x0000000008002390                __ssputs_r
 *fill*         0x0000000008002446        0x2 
 .text._svfprintf_r
                0x0000000008002448      0x200 c:/st/stm32cubeide_1.8.0/stm32cubeide/plugins/com.st.stm32cube.ide.mcu.externaltools.gnu-tools-for-stm32.9-2020-q2-update.win32_2.0.0.202105311346/tools/bin/../lib/gcc/arm-none-eabi/9.3.1/../../../../arm-none-eabi/lib/thumb/v7-m/nofp\libc_nano.a(lib_a-nano-svfprintf.o)
                0x0000000008002448                _svfiprintf_r
                0x0000000008002448                _svfprintf_r
 .text._printf_common
                0x0000000008002648       0xde c:/st/stm32cubeide_1.8.0/stm32cubeide/plugins/com.st.stm32cube.ide.mcu.externaltools.gnu-tools-for-stm32.9-2020-q2-update.win32_2.0.0.202105311346/tools/bin/../lib/gcc/arm-none-eabi/9.3.1/../../../../arm-none-eabi/lib/thumb/v7-m/nofp\libc_nano.a(lib_a-nano-vfprintf_i.o)
                0x0000000008002648                _printf_common
 *fill*         0x0000000008002726        0x2 
 .text._printf_i
                0x0000000008002728      0x24c c:/st/stm32cubeide_1.8.0/stm32cubeide/plugins/com.st.stm32cube.ide.mcu.externaltools.gnu-tools-for-stm32.9-2020-q2-update.win32_2.0.0.202105311346/tools/bin/../lib/gcc/arm-none-eabi/9.3.1/../../../../arm-none-eabi/lib/thumb/v7-m/nofp\libc_nano.a(lib_a-nano-vfprintf_i.o)
                0x0000000008002728                _printf_i
 .text.memchr   0x0000000008002974       0x1c c:/st/stm32cubeide_1.8.0/stm32cubeide/plugins/com.st.stm32cube.ide.mcu.externaltools.gnu-tools-for-stm32.9-2020-q2-update.win32_2.0.0.202105311346/tools/bin/../lib/gcc/arm-none-eabi/9.3.1/../../../../arm-none-eabi/lib/thumb/v7-m/nofp\libc_nano.a(lib_a-memchr-stub.o)
                0x0000000008002974                memchr
 .text.memmove  0x0000000008002990       0x34 c:/st/stm32cubeide_1.8.0/stm32cubeide/plugins/com.st.stm32cube.ide.mcu.externaltools.gnu-tools-for-stm32.9-2020-q2-update.win32_2.0.0.202105311346/tools/bin/../lib/gcc/arm-none-eabi/9.3.1/../../../../arm-none-eabi/lib/thumb/v7-m/nofp\libc_nano.a(lib_a-memmove.o)
                0x0000000008002990                memmove
 .text._free_r  0x00000000080029c4       0x98 c:/st/stm32cubeide_1.8.0/stm32cubeide/plugins/com.st.stm32cube.ide.mcu.externaltools.gnu-tools-for-stm32.9-2020-q2-update.win32_2.0.0.202105311346/tools/bin/../lib/gcc/arm-none-eabi/9.3.1/../../../../arm-none-eabi/lib/thumb/v7-m/nofp\libc_nano.a(lib_a-nano-freer.o)
                0x00000000080029c4                _free_r
 .text._malloc_r
                0x0000000008002a5c       0xb4 c:/st/stm32cubeide_1.8.0/stm32cubeide/plugins/com.st.stm32cube.ide.mcu.externaltools.gnu-tools-for-stm32.9-2020-q2-update.win32_2.0.0.202105311346/tools/bin/../lib/gcc/arm-none-eabi/9.3.1/../../../../arm-none-eabi/lib/thumb/v7-m/nofp\libc_nano.a(lib_a-nano-mallocr.o)
                0x0000000008002a5c                _malloc_r
 .text._realloc_r
                0x0000000008002b10       0x4c c:/st/stm32cubeide_1.8.0/stm32cubeide/plugins/com.st.stm32cube.ide.mcu.externaltools.gnu-tools-for-stm32.9-2020-q2-update.win32_2.0.0.202105311346/tools/bin/../lib/gcc/arm-none-eabi/9.3.1/../../../../arm-none-eabi/lib/thumb/v7-m/nofp\libc_nano.a(lib_a-nano-reallocr.o)
                0x0000000008002b10                _realloc_r
 .text._sbrk_r  0x0000000008002b5c       0x20 c:/st/stm32cubeide_1.8.0/stm32cubeide/plugins/com.st.stm32cube.ide.mcu.externaltools.gnu-tools-for-stm32.9-2020-q2-update.win32_2.0.0.202105311346/tools/bin/../lib/gcc/arm-none-eabi/9.3.1/../../../../arm-none-eabi/lib/thumb/v7-m/nofp\libc_nano.a(lib_a-sbrkr.o)
                0x0000000008002b5c                _sbrk_r
 .text.__malloc_lock
                0x0000000008002b7c        0xc c:/st/stm32cubeide_1.8.0/stm32cubeide/plugins/com.st.stm32cube.ide.mcu.externaltools.gnu-tools-for-stm32.9-2020-q2-update.win32_2.0.0.202105311346/tools/bin/../lib/gcc/arm-none-eabi/9.3.1/../../../../arm-none-eabi/lib/thumb/v7-m/nofp\libc_nano.a(lib_a-mlock.o)
                0x0000000008002b7c                __malloc_lock
 .text.__malloc_unlock
                0x0000000008002b88        0xc c:/st/stm32cubeide_1.8.0/stm32cubeide/plugins/com.st.stm32cube.ide.mcu.externaltools.gnu-tools-for-stm32.9-2020-q2-update.win32_2.0.0.202105311346/tools/bin/../lib/gcc/arm-none-eabi/9.3.1/../../../../arm-none-eabi/lib/thumb/v7-m/nofp\libc_nano.a(lib_a-mlock.o)
                0x0000000008002b88                __malloc_unlock
 .text._malloc_usable_size_r
                0x0000000008002b94       0x10 c:/st/stm32cubeide_1.8.0/stm32cubeide/plugins/com.st.stm32cube.ide.mcu.externaltools.gnu-tools-for-stm32.9-2020-q2-update.win32_2.0.0.202105311346/tools/bin/../lib/gcc/arm-none-eabi/9.3.1/../../../../arm-none-eabi/lib/thumb/v7-m/nofp\libc_nano.a(lib_a-nano-msizer.o)
                0x0000000008002b94                _malloc_usable_size_r
 .text.__retarget_lock_acquire_recursive
                0x0000000008002ba4        0x2 c:/st/stm32cubeide_1.8.0/stm32cubeide/plugins/com.st.stm32cube.ide.mcu.externaltools.gnu-tools-for-stm32.9-2020-q2-update.win32_2.0.0.202105311346/tools/bin/../lib/gcc/arm-none-eabi/9.3.1/../../../../arm-none-eabi/lib/thumb/v7-m/nofp\libc_nano.a(lib_a-lock.o)
                0x0000000008002ba4                __retarget_lock_acquire_recursive
 .text.__retarget_lock_release_recursive
                0x0000000008002ba6        0x2 c:/st/stm32cubeide_1.8.0/stm32cubeide/plugins/com.st.stm32cube.ide.mcu.externaltools.gnu-tools-for-stm32.9-2020-q2-update.win32_2.0.0.202105311346/tools/bin/../lib/gcc/arm-none-eabi/9.3.1/../../../../arm-none-eabi/lib/thumb/v7-m/nofp\libc_nano.a(lib_a-lock.o)
                0x0000000008002ba6                __retarget_lock_release_recursive
 *(.glue_7)
 .glue_7        0x0000000008002ba8        0x0 linker stubs
 *(.glue_7t)
 .glue_7t       0x0000000008002ba8        0x0 linker stubs
 *(.eh_frame)
 .eh_frame      0x0000000008002ba8        0x0 c:/st/stm32cubeide_1.8.0/stm32cubeide/plugins/com.st.stm32cube.ide.mcu.externaltools.gnu-tools-for-stm32.9-2020-q2-update.win32_2.0.0.202105311346/tools/bin/../lib/gcc/arm-none-eabi/9.3.1/thumb/v7-m/nofp/crtbegin.o
 *(.init)
 .init          0x0000000008002ba8        0x4 c:/st/stm32cubeide_1.8.0/stm32cubeide/plugins/com.st.stm32cube.ide.mcu.externaltools.gnu-tools-for-stm32.9-2020-q2-update.win32_2.0.0.202105311346/tools/bin/../lib/gcc/arm-none-eabi/9.3.1/thumb/v7-m/nofp/crti.o
                0x0000000008002ba8                _init
 .init          0x0000000008002bac        0x8 c:/st/stm32cubeide_1.8.0/stm32cubeide/plugins/com.st.stm32cube.ide.mcu.externaltools.gnu-tools-for-stm32.9-2020-q2-update.win32_2.0.0.202105311346/tools/bin/../lib/gcc/arm-none-eabi/9.3.1/thumb/v7-m/nofp/crtn.o
 *(.fini)
 .fini          0x0000000008002bb4        0x4 c:/st/stm32cubeide_1.8.0/stm32cubeide/plugins/com.st.stm32cube.ide.mcu.externaltools.gnu-tools-for-stm32.9-2020-q2-update.win32_2.0.0.202105311346/tools/bin/../lib/gcc/arm-none-eabi/9.3.1/thumb/v7-m/nofp/crti.o
                0x0000000008002bb4                _fini
 .fini          0x0000000008002bb8        0x8 c:/st/stm32cubeide_1.8.0/stm32cubeide/plugins/com.st.stm32cube.ide.mcu.externaltools.gnu-tools-for-stm32.9-2020-q2-update.win32_2.0.0.202105311346/tools/bin/../lib/gcc/arm-none-eabi/9.3.1/thumb/v7-m/nofp/crtn.o
                0x0000000008002bc0                . = ALIGN (0x4)
                0x0000000008002bc0                _etext = .

.vfp11_veneer   0x0000000008002bc0        0x0
 .vfp11_veneer  0x0000000008002bc0        0x0 linker stubs

.v4_bx          0x0000000008002bc0        0x0
 .v4_bx         0x0000000008002bc0        0x0 linker stubs

.iplt           0x0000000008002bc0        0x0
 .iplt          0x0000000008002bc0        0x0 c:/st/stm32cubeide_1.8.0/stm32cubeide/plugins/com.st.stm32cube.ide.mcu.externaltools.gnu-tools-for-stm32.9-2020-q2-update.win32_2.0.0.202105311346/tools/bin/../lib/gcc/arm-none-eabi/9.3.1/thumb/v7-m/nofp/crtbegin.o

.rodata         0x0000000008002bc0      0x570
                0x0000000008002bc0                . = ALIGN (0x4)
 *(.rodata)
 .rodata        0x0000000008002bc0      0x4fd ./src/lcd.o
                0x0000000008002bc0                font
                0x00000000080030bb                height
                0x00000000080030bc                width
 *(.rodata*)
 .rodata.str1.1
                0x00000000080030bd       0x14 ./FreeRTOS/tasks.o
 .rodata.str1.1
                0x00000000080030d1       0x29 ./src/main.o
 .rodata._svfprintf_r.str1.1
                0x00000000080030fa       0x11 c:/st/stm32cubeide_1.8.0/stm32cubeide/plugins/com.st.stm32cube.ide.mcu.externaltools.gnu-tools-for-stm32.9-2020-q2-update.win32_2.0.0.202105311346/tools/bin/../lib/gcc/arm-none-eabi/9.3.1/../../../../arm-none-eabi/lib/thumb/v7-m/nofp\libc_nano.a(lib_a-nano-svfprintf.o)
 .rodata._printf_i.str1.1
                0x000000000800310b       0x22 c:/st/stm32cubeide_1.8.0/stm32cubeide/plugins/com.st.stm32cube.ide.mcu.externaltools.gnu-tools-for-stm32.9-2020-q2-update.win32_2.0.0.202105311346/tools/bin/../lib/gcc/arm-none-eabi/9.3.1/../../../../arm-none-eabi/lib/thumb/v7-m/nofp\libc_nano.a(lib_a-nano-vfprintf_i.o)
                0x0000000008003130                . = ALIGN (0x4)
 *fill*         0x000000000800312d        0x3 

.rel.dyn        0x0000000008003130        0x0
 .rel.iplt      0x0000000008003130        0x0 c:/st/stm32cubeide_1.8.0/stm32cubeide/plugins/com.st.stm32cube.ide.mcu.externaltools.gnu-tools-for-stm32.9-2020-q2-update.win32_2.0.0.202105311346/tools/bin/../lib/gcc/arm-none-eabi/9.3.1/thumb/v7-m/nofp/crtbegin.o

.ARM.extab      0x0000000008003130        0x0
                0x0000000008003130                . = ALIGN (0x4)
 *(.ARM.extab* .gnu.linkonce.armextab.*)
                0x0000000008003130                . = ALIGN (0x4)

.ARM            0x0000000008003130        0x0
                0x0000000008003130                . = ALIGN (0x4)
                0x0000000008003130                __exidx_start = .
 *(.ARM.exidx*)
                0x0000000008003130                __exidx_end = .
                0x0000000008003130                . = ALIGN (0x4)

.preinit_array  0x0000000008003130        0x0
                0x0000000008003130                . = ALIGN (0x4)
                0x0000000008003130                PROVIDE (__preinit_array_start = .)
 *(.preinit_array*)
                0x0000000008003130                PROVIDE (__preinit_array_end = .)
                0x0000000008003130                . = ALIGN (0x4)

.init_array     0x0000000008003130        0x4
                0x0000000008003130                . = ALIGN (0x4)
                0x0000000008003130                PROVIDE (__init_array_start = .)
 *(SORT_BY_NAME(.init_array.*))
 *(.init_array*)
 .init_array    0x0000000008003130        0x4 c:/st/stm32cubeide_1.8.0/stm32cubeide/plugins/com.st.stm32cube.ide.mcu.externaltools.gnu-tools-for-stm32.9-2020-q2-update.win32_2.0.0.202105311346/tools/bin/../lib/gcc/arm-none-eabi/9.3.1/thumb/v7-m/nofp/crtbegin.o
                0x0000000008003134                PROVIDE (__init_array_end = .)
                0x0000000008003134                . = ALIGN (0x4)

.fini_array     0x0000000008003134        0x4
                0x0000000008003134                . = ALIGN (0x4)
                [!provide]                        PROVIDE (__fini_array_start = .)
 *(SORT_BY_NAME(.fini_array.*))
 *(.fini_array*)
 .fini_array    0x0000000008003134        0x4 c:/st/stm32cubeide_1.8.0/stm32cubeide/plugins/com.st.stm32cube.ide.mcu.externaltools.gnu-tools-for-stm32.9-2020-q2-update.win32_2.0.0.202105311346/tools/bin/../lib/gcc/arm-none-eabi/9.3.1/thumb/v7-m/nofp/crtbegin.o
                [!provide]                        PROVIDE (__fini_array_end = .)
                0x0000000008003138                . = ALIGN (0x4)
                0x0000000008003138                _sidata = LOADADDR (.data)

.data           0x0000000020000000       0x88 load address 0x0000000008003138
                0x0000000020000000                . = ALIGN (0x4)
                0x0000000020000000                _sdata = .
 *(.data)
 .data          0x0000000020000000        0x4 ./FreeRTOS/heap_2.o
 .data          0x0000000020000004        0x4 ./FreeRTOS/port.o
 .data          0x0000000020000008        0x4 ./FreeRTOS/tasks.o
                0x0000000020000008                uxTopUsedPriority
 .data          0x000000002000000c       0x14 ./StdPeriph_Driver/src/stm32f10x_rcc.o
 .data          0x0000000020000020        0x2 ./src/main.o
                0x0000000020000020                green
 *(.data*)
 *fill*         0x0000000020000022        0x2 
 .data._impure_ptr
                0x0000000020000024        0x4 c:/st/stm32cubeide_1.8.0/stm32cubeide/plugins/com.st.stm32cube.ide.mcu.externaltools.gnu-tools-for-stm32.9-2020-q2-update.win32_2.0.0.202105311346/tools/bin/../lib/gcc/arm-none-eabi/9.3.1/../../../../arm-none-eabi/lib/thumb/v7-m/nofp\libc_nano.a(lib_a-impure.o)
                0x0000000020000024                _impure_ptr
 .data.impure_data
                0x0000000020000028       0x60 c:/st/stm32cubeide_1.8.0/stm32cubeide/plugins/com.st.stm32cube.ide.mcu.externaltools.gnu-tools-for-stm32.9-2020-q2-update.win32_2.0.0.202105311346/tools/bin/../lib/gcc/arm-none-eabi/9.3.1/../../../../arm-none-eabi/lib/thumb/v7-m/nofp\libc_nano.a(lib_a-impure.o)
                0x0000000020000088                . = ALIGN (0x4)
                0x0000000020000088                _edata = .

.igot.plt       0x0000000020000088        0x0 load address 0x00000000080031c0
 .igot.plt      0x0000000020000088        0x0 c:/st/stm32cubeide_1.8.0/stm32cubeide/plugins/com.st.stm32cube.ide.mcu.externaltools.gnu-tools-for-stm32.9-2020-q2-update.win32_2.0.0.202105311346/tools/bin/../lib/gcc/arm-none-eabi/9.3.1/thumb/v7-m/nofp/crtbegin.o
                0x0000000020000088                . = ALIGN (0x4)

.bss            0x0000000020000088     0x458c load address 0x00000000080031c0
                0x0000000020000088                _sbss = .
                0x0000000020000088                __bss_start__ = _sbss
 *(.bss)
 .bss           0x0000000020000088       0x1c c:/st/stm32cubeide_1.8.0/stm32cubeide/plugins/com.st.stm32cube.ide.mcu.externaltools.gnu-tools-for-stm32.9-2020-q2-update.win32_2.0.0.202105311346/tools/bin/../lib/gcc/arm-none-eabi/9.3.1/thumb/v7-m/nofp/crtbegin.o
 .bss           0x00000000200000a4     0x4414 ./FreeRTOS/heap_2.o
 .bss           0x00000000200044b8      0x104 ./FreeRTOS/tasks.o
                0x00000000200044bc                pxCurrentTCB
 .bss           0x00000000200045bc        0x3 ./src/lcd.o
                0x00000000200045bc                background_color
                0x00000000200045be                lcd_initialized
 *fill*         0x00000000200045bf        0x1 
 .bss           0x00000000200045c0        0x8 ./src/syscalls.o
                0x00000000200045c4                __env
 *(.bss*)
 .bss.__malloc_free_list
                0x00000000200045c8        0x4 c:/st/stm32cubeide_1.8.0/stm32cubeide/plugins/com.st.stm32cube.ide.mcu.externaltools.gnu-tools-for-stm32.9-2020-q2-update.win32_2.0.0.202105311346/tools/bin/../lib/gcc/arm-none-eabi/9.3.1/../../../../arm-none-eabi/lib/thumb/v7-m/nofp\libc_nano.a(lib_a-nano-mallocr.o)
                0x00000000200045c8                __malloc_free_list
 .bss.__malloc_sbrk_start
                0x00000000200045cc        0x4 c:/st/stm32cubeide_1.8.0/stm32cubeide/plugins/com.st.stm32cube.ide.mcu.externaltools.gnu-tools-for-stm32.9-2020-q2-update.win32_2.0.0.202105311346/tools/bin/../lib/gcc/arm-none-eabi/9.3.1/../../../../arm-none-eabi/lib/thumb/v7-m/nofp\libc_nano.a(lib_a-nano-mallocr.o)
                0x00000000200045cc                __malloc_sbrk_start
 *(COMMON)
 COMMON         0x00000000200045d0        0x1 ./src/lcd.o
                0x00000000200045d0                madctl
 *fill*         0x00000000200045d1        0x3 
 COMMON         0x00000000200045d4       0x30 ./src/main.o
                0x00000000200045d4                HandleTask2
                0x00000000200045d8                HandleTask3
                0x00000000200045dc                HandleTask7
                0x00000000200045e0                flag_libertar
                0x00000000200045e4                xSemaphore1
                0x00000000200045e8                HandleTask8
                0x00000000200045ec                xSemaphore2
                0x00000000200045f0                HandleTask6
                0x00000000200045f4                HandleTask5
                0x00000000200045f8                HandleTask1
                0x00000000200045fc                xSemaphoreCount
                0x0000000020004600                HandleTask4
 COMMON         0x0000000020004604        0x4 c:/st/stm32cubeide_1.8.0/stm32cubeide/plugins/com.st.stm32cube.ide.mcu.externaltools.gnu-tools-for-stm32.9-2020-q2-update.win32_2.0.0.202105311346/tools/bin/../lib/gcc/arm-none-eabi/9.3.1/../../../../arm-none-eabi/lib/thumb/v7-m/nofp\libc_nano.a(lib_a-reent.o)
                0x0000000020004604                errno
 COMMON         0x0000000020004608        0x9 c:/st/stm32cubeide_1.8.0/stm32cubeide/plugins/com.st.stm32cube.ide.mcu.externaltools.gnu-tools-for-stm32.9-2020-q2-update.win32_2.0.0.202105311346/tools/bin/../lib/gcc/arm-none-eabi/9.3.1/../../../../arm-none-eabi/lib/thumb/v7-m/nofp\libc_nano.a(lib_a-lock.o)
                0x0000000020004608                __lock___atexit_recursive_mutex
                0x0000000020004609                __lock___arc4random_mutex
                0x000000002000460a                __lock___env_recursive_mutex
                0x000000002000460b                __lock___sinit_recursive_mutex
                0x000000002000460c                __lock___malloc_recursive_mutex
                0x000000002000460d                __lock___at_quick_exit_mutex
                0x000000002000460e                __lock___dd_hash_mutex
                0x000000002000460f                __lock___tz_mutex
                0x0000000020004610                __lock___sfp_recursive_mutex
                0x0000000020004614                . = ALIGN (0x4)
 *fill*         0x0000000020004611        0x3 
                0x0000000020004614                _ebss = .
                0x0000000020004614                __bss_end__ = _ebss

._user_heap_stack
                0x0000000020004614      0x404 load address 0x00000000080031c0
                0x0000000020004618                . = ALIGN (0x8)
 *fill*         0x0000000020004614        0x4 
                0x0000000020004618                PROVIDE (end = .)
                [!provide]                        PROVIDE (_end = .)
                0x0000000020004618                . = (. + _Min_Heap_Size)
                0x0000000020004a18                . = (. + _Min_Stack_Size)
 *fill*         0x0000000020004618      0x400 
                0x0000000020004a18                . = ALIGN (0x8)

/DISCARD/
 libc.a(*)
 libm.a(*)
 libgcc.a(*)

.ARM.attributes
                0x0000000000000000       0x29
 *(.ARM.attributes)
 .ARM.attributes
                0x0000000000000000       0x1d c:/st/stm32cubeide_1.8.0/stm32cubeide/plugins/com.st.stm32cube.ide.mcu.externaltools.gnu-tools-for-stm32.9-2020-q2-update.win32_2.0.0.202105311346/tools/bin/../lib/gcc/arm-none-eabi/9.3.1/thumb/v7-m/nofp/crti.o
 .ARM.attributes
                0x000000000000001d       0x2d c:/st/stm32cubeide_1.8.0/stm32cubeide/plugins/com.st.stm32cube.ide.mcu.externaltools.gnu-tools-for-stm32.9-2020-q2-update.win32_2.0.0.202105311346/tools/bin/../lib/gcc/arm-none-eabi/9.3.1/thumb/v7-m/nofp/crtbegin.o
 .ARM.attributes
                0x000000000000004a       0x2d ./FreeRTOS/heap_2.o
 .ARM.attributes
                0x0000000000000077       0x2d ./FreeRTOS/list.o
 .ARM.attributes
                0x00000000000000a4       0x2d ./FreeRTOS/port.o
 .ARM.attributes
                0x00000000000000d1       0x2d ./FreeRTOS/queue.o
 .ARM.attributes
                0x00000000000000fe       0x2d ./FreeRTOS/tasks.o
 .ARM.attributes
                0x000000000000012b       0x2d ./StdPeriph_Driver/src/misc.o
 .ARM.attributes
                0x0000000000000158       0x2d ./StdPeriph_Driver/src/stm32f10x_exti.o
 .ARM.attributes
                0x0000000000000185       0x2d ./StdPeriph_Driver/src/stm32f10x_flash.o
 .ARM.attributes
                0x00000000000001b2       0x2d ./StdPeriph_Driver/src/stm32f10x_gpio.o
 .ARM.attributes
                0x00000000000001df       0x2d ./StdPeriph_Driver/src/stm32f10x_rcc.o
 .ARM.attributes
                0x000000000000020c       0x2d ./StdPeriph_Driver/src/stm32f10x_spi.o
 .ARM.attributes
                0x0000000000000239       0x2d ./StdPeriph_Driver/src/stm32f10x_usart.o
 .ARM.attributes
                0x0000000000000266       0x2d ./src/lcd.o
 .ARM.attributes
                0x0000000000000293       0x2d ./src/main.o
 .ARM.attributes
                0x00000000000002c0       0x2d ./src/stm32f10x_it.o
 .ARM.attributes
                0x00000000000002ed       0x2d ./src/syscalls.o
 .ARM.attributes
                0x000000000000031a       0x21 ./startup/startup_stm32.o
 .ARM.attributes
                0x000000000000033b       0x2d c:/st/stm32cubeide_1.8.0/stm32cubeide/plugins/com.st.stm32cube.ide.mcu.externaltools.gnu-tools-for-stm32.9-2020-q2-update.win32_2.0.0.202105311346/tools/bin/../lib/gcc/arm-none-eabi/9.3.1/../../../../arm-none-eabi/lib/thumb/v7-m/nofp\libc_nano.a(lib_a-errno.o)
 .ARM.attributes
                0x0000000000000368       0x2d c:/st/stm32cubeide_1.8.0/stm32cubeide/plugins/com.st.stm32cube.ide.mcu.externaltools.gnu-tools-for-stm32.9-2020-q2-update.win32_2.0.0.202105311346/tools/bin/../lib/gcc/arm-none-eabi/9.3.1/../../../../arm-none-eabi/lib/thumb/v7-m/nofp\libc_nano.a(lib_a-impure.o)
 .ARM.attributes
                0x0000000000000395       0x2d c:/st/stm32cubeide_1.8.0/stm32cubeide/plugins/com.st.stm32cube.ide.mcu.externaltools.gnu-tools-for-stm32.9-2020-q2-update.win32_2.0.0.202105311346/tools/bin/../lib/gcc/arm-none-eabi/9.3.1/../../../../arm-none-eabi/lib/thumb/v7-m/nofp\libc_nano.a(lib_a-init.o)
 .ARM.attributes
                0x00000000000003c2       0x2d c:/st/stm32cubeide_1.8.0/stm32cubeide/plugins/com.st.stm32cube.ide.mcu.externaltools.gnu-tools-for-stm32.9-2020-q2-update.win32_2.0.0.202105311346/tools/bin/../lib/gcc/arm-none-eabi/9.3.1/../../../../arm-none-eabi/lib/thumb/v7-m/nofp\libc_nano.a(lib_a-memcpy-stub.o)
 .ARM.attributes
                0x00000000000003ef       0x2d c:/st/stm32cubeide_1.8.0/stm32cubeide/plugins/com.st.stm32cube.ide.mcu.externaltools.gnu-tools-for-stm32.9-2020-q2-update.win32_2.0.0.202105311346/tools/bin/../lib/gcc/arm-none-eabi/9.3.1/../../../../arm-none-eabi/lib/thumb/v7-m/nofp\libc_nano.a(lib_a-memset.o)
 .ARM.attributes
                0x000000000000041c       0x2d c:/st/stm32cubeide_1.8.0/stm32cubeide/plugins/com.st.stm32cube.ide.mcu.externaltools.gnu-tools-for-stm32.9-2020-q2-update.win32_2.0.0.202105311346/tools/bin/../lib/gcc/arm-none-eabi/9.3.1/../../../../arm-none-eabi/lib/thumb/v7-m/nofp\libc_nano.a(lib_a-sprintf.o)
 .ARM.attributes
                0x0000000000000449       0x2d c:/st/stm32cubeide_1.8.0/stm32cubeide/plugins/com.st.stm32cube.ide.mcu.externaltools.gnu-tools-for-stm32.9-2020-q2-update.win32_2.0.0.202105311346/tools/bin/../lib/gcc/arm-none-eabi/9.3.1/../../../../arm-none-eabi/lib/thumb/v7-m/nofp\libc_nano.a(lib_a-nano-svfprintf.o)
 .ARM.attributes
                0x0000000000000476       0x2d c:/st/stm32cubeide_1.8.0/stm32cubeide/plugins/com.st.stm32cube.ide.mcu.externaltools.gnu-tools-for-stm32.9-2020-q2-update.win32_2.0.0.202105311346/tools/bin/../lib/gcc/arm-none-eabi/9.3.1/../../../../arm-none-eabi/lib/thumb/v7-m/nofp\libc_nano.a(lib_a-nano-vfprintf_i.o)
 .ARM.attributes
                0x00000000000004a3       0x2d c:/st/stm32cubeide_1.8.0/stm32cubeide/plugins/com.st.stm32cube.ide.mcu.externaltools.gnu-tools-for-stm32.9-2020-q2-update.win32_2.0.0.202105311346/tools/bin/../lib/gcc/arm-none-eabi/9.3.1/../../../../arm-none-eabi/lib/thumb/v7-m/nofp\libc_nano.a(lib_a-memchr-stub.o)
 .ARM.attributes
                0x00000000000004d0       0x2d c:/st/stm32cubeide_1.8.0/stm32cubeide/plugins/com.st.stm32cube.ide.mcu.externaltools.gnu-tools-for-stm32.9-2020-q2-update.win32_2.0.0.202105311346/tools/bin/../lib/gcc/arm-none-eabi/9.3.1/../../../../arm-none-eabi/lib/thumb/v7-m/nofp\libc_nano.a(lib_a-memmove.o)
 .ARM.attributes
                0x00000000000004fd       0x2d c:/st/stm32cubeide_1.8.0/stm32cubeide/plugins/com.st.stm32cube.ide.mcu.externaltools.gnu-tools-for-stm32.9-2020-q2-update.win32_2.0.0.202105311346/tools/bin/../lib/gcc/arm-none-eabi/9.3.1/../../../../arm-none-eabi/lib/thumb/v7-m/nofp\libc_nano.a(lib_a-nano-freer.o)
 .ARM.attributes
                0x000000000000052a       0x2d c:/st/stm32cubeide_1.8.0/stm32cubeide/plugins/com.st.stm32cube.ide.mcu.externaltools.gnu-tools-for-stm32.9-2020-q2-update.win32_2.0.0.202105311346/tools/bin/../lib/gcc/arm-none-eabi/9.3.1/../../../../arm-none-eabi/lib/thumb/v7-m/nofp\libc_nano.a(lib_a-nano-mallocr.o)
 .ARM.attributes
                0x0000000000000557       0x2d c:/st/stm32cubeide_1.8.0/stm32cubeide/plugins/com.st.stm32cube.ide.mcu.externaltools.gnu-tools-for-stm32.9-2020-q2-update.win32_2.0.0.202105311346/tools/bin/../lib/gcc/arm-none-eabi/9.3.1/../../../../arm-none-eabi/lib/thumb/v7-m/nofp\libc_nano.a(lib_a-nano-reallocr.o)
 .ARM.attributes
                0x0000000000000584       0x2d c:/st/stm32cubeide_1.8.0/stm32cubeide/plugins/com.st.stm32cube.ide.mcu.externaltools.gnu-tools-for-stm32.9-2020-q2-update.win32_2.0.0.202105311346/tools/bin/../lib/gcc/arm-none-eabi/9.3.1/../../../../arm-none-eabi/lib/thumb/v7-m/nofp\libc_nano.a(lib_a-sbrkr.o)
 .ARM.attributes
                0x00000000000005b1       0x2d c:/st/stm32cubeide_1.8.0/stm32cubeide/plugins/com.st.stm32cube.ide.mcu.externaltools.gnu-tools-for-stm32.9-2020-q2-update.win32_2.0.0.202105311346/tools/bin/../lib/gcc/arm-none-eabi/9.3.1/../../../../arm-none-eabi/lib/thumb/v7-m/nofp\libc_nano.a(lib_a-mlock.o)
 .ARM.attributes
                0x00000000000005de       0x2d c:/st/stm32cubeide_1.8.0/stm32cubeide/plugins/com.st.stm32cube.ide.mcu.externaltools.gnu-tools-for-stm32.9-2020-q2-update.win32_2.0.0.202105311346/tools/bin/../lib/gcc/arm-none-eabi/9.3.1/../../../../arm-none-eabi/lib/thumb/v7-m/nofp\libc_nano.a(lib_a-nano-msizer.o)
 .ARM.attributes
                0x000000000000060b       0x2d c:/st/stm32cubeide_1.8.0/stm32cubeide/plugins/com.st.stm32cube.ide.mcu.externaltools.gnu-tools-for-stm32.9-2020-q2-update.win32_2.0.0.202105311346/tools/bin/../lib/gcc/arm-none-eabi/9.3.1/../../../../arm-none-eabi/lib/thumb/v7-m/nofp\libc_nano.a(lib_a-reent.o)
 .ARM.attributes
                0x0000000000000638       0x2d c:/st/stm32cubeide_1.8.0/stm32cubeide/plugins/com.st.stm32cube.ide.mcu.externaltools.gnu-tools-for-stm32.9-2020-q2-update.win32_2.0.0.202105311346/tools/bin/../lib/gcc/arm-none-eabi/9.3.1/../../../../arm-none-eabi/lib/thumb/v7-m/nofp\libc_nano.a(lib_a-lock.o)
 .ARM.attributes
                0x0000000000000665       0x1d c:/st/stm32cubeide_1.8.0/stm32cubeide/plugins/com.st.stm32cube.ide.mcu.externaltools.gnu-tools-for-stm32.9-2020-q2-update.win32_2.0.0.202105311346/tools/bin/../lib/gcc/arm-none-eabi/9.3.1/thumb/v7-m/nofp/crtn.o
OUTPUT(3SO_FreeRTOS.elf elf32-littlearm)
LOAD linker stubs
LOAD c:/st/stm32cubeide_1.8.0/stm32cubeide/plugins/com.st.stm32cube.ide.mcu.externaltools.gnu-tools-for-stm32.9-2020-q2-update.win32_2.0.0.202105311346/tools/bin/../lib/gcc/arm-none-eabi/9.3.1/../../../../arm-none-eabi/lib/thumb/v7-m/nofp\libc.a
LOAD c:/st/stm32cubeide_1.8.0/stm32cubeide/plugins/com.st.stm32cube.ide.mcu.externaltools.gnu-tools-for-stm32.9-2020-q2-update.win32_2.0.0.202105311346/tools/bin/../lib/gcc/arm-none-eabi/9.3.1/../../../../arm-none-eabi/lib/thumb/v7-m/nofp\libm.a
LOAD c:/st/stm32cubeide_1.8.0/stm32cubeide/plugins/com.st.stm32cube.ide.mcu.externaltools.gnu-tools-for-stm32.9-2020-q2-update.win32_2.0.0.202105311346/tools/bin/../lib/gcc/arm-none-eabi/9.3.1/thumb/v7-m/nofp\libgcc.a

.debug_info     0x0000000000000000    0x11ca8
 .debug_info    0x0000000000000000      0xc5d ./FreeRTOS/heap_2.o
 .debug_info    0x0000000000000c5d      0xba7 ./FreeRTOS/list.o
 .debug_info    0x0000000000001804      0x378 ./FreeRTOS/port.o
 .debug_info    0x0000000000001b7c     0x258f ./FreeRTOS/queue.o
 .debug_info    0x000000000000410b     0x3806 ./FreeRTOS/tasks.o
 .debug_info    0x0000000000007911      0x54e ./StdPeriph_Driver/src/misc.o
 .debug_info    0x0000000000007e5f      0x392 ./StdPeriph_Driver/src/stm32f10x_exti.o
 .debug_info    0x00000000000081f1      0xab7 ./StdPeriph_Driver/src/stm32f10x_flash.o
 .debug_info    0x0000000000008ca8      0x8a2 ./StdPeriph_Driver/src/stm32f10x_gpio.o
 .debug_info    0x000000000000954a      0x99b ./StdPeriph_Driver/src/stm32f10x_rcc.o
 .debug_info    0x0000000000009ee5      0xa98 ./StdPeriph_Driver/src/stm32f10x_spi.o
 .debug_info    0x000000000000a97d      0xbcb ./StdPeriph_Driver/src/stm32f10x_usart.o
 .debug_info    0x000000000000b548     0x2d00 ./src/lcd.o
 .debug_info    0x000000000000e248     0x1b5f ./src/main.o
 .debug_info    0x000000000000fda7      0xd7d ./src/stm32f10x_it.o
 .debug_info    0x0000000000010b24     0x1162 ./src/syscalls.o
 .debug_info    0x0000000000011c86       0x22 ./startup/startup_stm32.o

.debug_abbrev   0x0000000000000000     0x2ccc
 .debug_abbrev  0x0000000000000000      0x2f5 ./FreeRTOS/heap_2.o
 .debug_abbrev  0x00000000000002f5      0x20e ./FreeRTOS/list.o
 .debug_abbrev  0x0000000000000503      0x240 ./FreeRTOS/port.o
 .debug_abbrev  0x0000000000000743      0x41a ./FreeRTOS/queue.o
 .debug_abbrev  0x0000000000000b5d      0x532 ./FreeRTOS/tasks.o
 .debug_abbrev  0x000000000000108f      0x1c1 ./StdPeriph_Driver/src/misc.o
 .debug_abbrev  0x0000000000001250      0x1fb ./StdPeriph_Driver/src/stm32f10x_exti.o
 .debug_abbrev  0x000000000000144b      0x28b ./StdPeriph_Driver/src/stm32f10x_flash.o
 .debug_abbrev  0x00000000000016d6      0x265 ./StdPeriph_Driver/src/stm32f10x_gpio.o
 .debug_abbrev  0x000000000000193b      0x22d ./StdPeriph_Driver/src/stm32f10x_rcc.o
 .debug_abbrev  0x0000000000001b68      0x239 ./StdPeriph_Driver/src/stm32f10x_spi.o
 .debug_abbrev  0x0000000000001da1      0x223 ./StdPeriph_Driver/src/stm32f10x_usart.o
 .debug_abbrev  0x0000000000001fc4      0x3f0 ./src/lcd.o
 .debug_abbrev  0x00000000000023b4      0x33c ./src/main.o
 .debug_abbrev  0x00000000000026f0      0x2a6 ./src/stm32f10x_it.o
 .debug_abbrev  0x0000000000002996      0x324 ./src/syscalls.o
 .debug_abbrev  0x0000000000002cba       0x12 ./startup/startup_stm32.o

.debug_loc      0x0000000000000000     0x77be
 .debug_loc     0x0000000000000000      0x24a ./FreeRTOS/heap_2.o
 .debug_loc     0x000000000000024a       0xaf ./FreeRTOS/list.o
 .debug_loc     0x00000000000002f9       0xbe ./FreeRTOS/port.o
 .debug_loc     0x00000000000003b7     0x1765 ./FreeRTOS/queue.o
 .debug_loc     0x0000000000001b1c     0x2519 ./FreeRTOS/tasks.o
 .debug_loc     0x0000000000004035      0x1ab ./StdPeriph_Driver/src/misc.o
 .debug_loc     0x00000000000041e0      0x17b ./StdPeriph_Driver/src/stm32f10x_exti.o
 .debug_loc     0x000000000000435b      0x872 ./StdPeriph_Driver/src/stm32f10x_flash.o
 .debug_loc     0x0000000000004bcd      0x635 ./StdPeriph_Driver/src/stm32f10x_gpio.o
 .debug_loc     0x0000000000005202      0x616 ./StdPeriph_Driver/src/stm32f10x_rcc.o
 .debug_loc     0x0000000000005818      0x68b ./StdPeriph_Driver/src/stm32f10x_spi.o
 .debug_loc     0x0000000000005ea3      0x7d8 ./StdPeriph_Driver/src/stm32f10x_usart.o
 .debug_loc     0x000000000000667b      0xc0f ./src/lcd.o
 .debug_loc     0x000000000000728a       0xe5 ./src/main.o
 .debug_loc     0x000000000000736f      0x44f ./src/syscalls.o

.debug_aranges  0x0000000000000000      0xa88
 .debug_aranges
                0x0000000000000000       0x38 ./FreeRTOS/heap_2.o
 .debug_aranges
                0x0000000000000038       0x40 ./FreeRTOS/list.o
 .debug_aranges
                0x0000000000000078       0x70 ./FreeRTOS/port.o
 .debug_aranges
                0x00000000000000e8       0xe0 ./FreeRTOS/queue.o
 .debug_aranges
                0x00000000000001c8      0x1b0 ./FreeRTOS/tasks.o
 .debug_aranges
                0x0000000000000378       0x40 ./StdPeriph_Driver/src/misc.o
 .debug_aranges
                0x00000000000003b8       0x50 ./StdPeriph_Driver/src/stm32f10x_exti.o
 .debug_aranges
                0x0000000000000408       0xd8 ./StdPeriph_Driver/src/stm32f10x_flash.o
 .debug_aranges
                0x00000000000004e0       0xa8 ./StdPeriph_Driver/src/stm32f10x_gpio.o
 .debug_aranges
                0x0000000000000588      0x118 ./StdPeriph_Driver/src/stm32f10x_rcc.o
 .debug_aranges
                0x00000000000006a0       0xd0 ./StdPeriph_Driver/src/stm32f10x_spi.o
 .debug_aranges
                0x0000000000000770      0x100 ./StdPeriph_Driver/src/stm32f10x_usart.o
 .debug_aranges
                0x0000000000000870       0xb0 ./src/lcd.o
 .debug_aranges
                0x0000000000000920       0x40 ./src/main.o
 .debug_aranges
                0x0000000000000960       0x50 ./src/stm32f10x_it.o
 .debug_aranges
                0x00000000000009b0       0xb0 ./src/syscalls.o
 .debug_aranges
                0x0000000000000a60       0x28 ./startup/startup_stm32.o

.debug_ranges   0x0000000000000000      0xfe8
 .debug_ranges  0x0000000000000000       0x40 ./FreeRTOS/heap_2.o
 .debug_ranges  0x0000000000000040       0x30 ./FreeRTOS/list.o
 .debug_ranges  0x0000000000000070       0x78 ./FreeRTOS/port.o
 .debug_ranges  0x00000000000000e8      0x2e8 ./FreeRTOS/queue.o
 .debug_ranges  0x00000000000003d0      0x4e0 ./FreeRTOS/tasks.o
 .debug_ranges  0x00000000000008b0       0x30 ./StdPeriph_Driver/src/misc.o
 .debug_ranges  0x00000000000008e0       0x40 ./StdPeriph_Driver/src/stm32f10x_exti.o
 .debug_ranges  0x0000000000000920       0xc8 ./StdPeriph_Driver/src/stm32f10x_flash.o
 .debug_ranges  0x00000000000009e8       0x98 ./StdPeriph_Driver/src/stm32f10x_gpio.o
 .debug_ranges  0x0000000000000a80      0x108 ./StdPeriph_Driver/src/stm32f10x_rcc.o
 .debug_ranges  0x0000000000000b88       0xc0 ./StdPeriph_Driver/src/stm32f10x_spi.o
 .debug_ranges  0x0000000000000c48       0xf0 ./StdPeriph_Driver/src/stm32f10x_usart.o
 .debug_ranges  0x0000000000000d38      0x138 ./src/lcd.o
 .debug_ranges  0x0000000000000e70       0x60 ./src/main.o
 .debug_ranges  0x0000000000000ed0       0x40 ./src/stm32f10x_it.o
 .debug_ranges  0x0000000000000f10       0xb8 ./src/syscalls.o
 .debug_ranges  0x0000000000000fc8       0x20 ./startup/startup_stm32.o

.debug_macro    0x0000000000000000     0x4f7d
 .debug_macro   0x0000000000000000      0x2d2 ./FreeRTOS/heap_2.o
 .debug_macro   0x00000000000002d2      0x2b1 ./FreeRTOS/list.o
 .debug_macro   0x0000000000000583      0x290 ./FreeRTOS/port.o
 .debug_macro   0x0000000000000813      0x33a ./FreeRTOS/queue.o
 .debug_macro   0x0000000000000b4d       0x16 ./FreeRTOS/queue.o
 .debug_macro   0x0000000000000b63       0x35 ./FreeRTOS/queue.o
 .debug_macro   0x0000000000000b98       0x20 ./FreeRTOS/queue.o
 .debug_macro   0x0000000000000bb8       0x80 ./FreeRTOS/queue.o
 .debug_macro   0x0000000000000c38      0x458 ./FreeRTOS/tasks.o
 .debug_macro   0x0000000000001090       0x17 ./FreeRTOS/tasks.o
 .debug_macro   0x00000000000010a7       0x1c ./FreeRTOS/tasks.o
 .debug_macro   0x00000000000010c3       0x10 ./FreeRTOS/tasks.o
 .debug_macro   0x00000000000010d3       0x10 ./FreeRTOS/tasks.o
 .debug_macro   0x00000000000010e3       0x1c ./FreeRTOS/tasks.o
 .debug_macro   0x00000000000010ff       0x52 ./FreeRTOS/tasks.o
 .debug_macro   0x0000000000001151       0x22 ./FreeRTOS/tasks.o
 .debug_macro   0x0000000000001173       0x10 ./FreeRTOS/tasks.o
 .debug_macro   0x0000000000001183       0x40 ./FreeRTOS/tasks.o
 .debug_macro   0x00000000000011c3       0xd5 ./FreeRTOS/tasks.o
 .debug_macro   0x0000000000001298       0x1c ./FreeRTOS/tasks.o
 .debug_macro   0x00000000000012b4       0x3d ./FreeRTOS/tasks.o
 .debug_macro   0x00000000000012f1       0x16 ./FreeRTOS/tasks.o
 .debug_macro   0x0000000000001307      0x145 ./FreeRTOS/tasks.o
 .debug_macro   0x000000000000144c      0x18b ./StdPeriph_Driver/src/misc.o
 .debug_macro   0x00000000000015d7       0x22 ./StdPeriph_Driver/src/misc.o
 .debug_macro   0x00000000000015f9      0x69f ./StdPeriph_Driver/src/misc.o
 .debug_macro   0x0000000000001c98       0x85 ./StdPeriph_Driver/src/misc.o
 .debug_macro   0x0000000000001d1d      0x18b ./StdPeriph_Driver/src/stm32f10x_exti.o
 .debug_macro   0x0000000000001ea8       0x94 ./StdPeriph_Driver/src/stm32f10x_exti.o
 .debug_macro   0x0000000000001f3c      0x22d ./StdPeriph_Driver/src/stm32f10x_flash.o
 .debug_macro   0x0000000000002169      0x2c9 ./StdPeriph_Driver/src/stm32f10x_flash.o
 .debug_macro   0x0000000000002432      0x1d7 ./StdPeriph_Driver/src/stm32f10x_gpio.o
 .debug_macro   0x0000000000002609      0x2a6 ./StdPeriph_Driver/src/stm32f10x_gpio.o
 .debug_macro   0x00000000000028af      0x2a1 ./StdPeriph_Driver/src/stm32f10x_rcc.o
 .debug_macro   0x0000000000002b50      0x3dc ./StdPeriph_Driver/src/stm32f10x_rcc.o
 .debug_macro   0x0000000000002f2c      0x1ef ./StdPeriph_Driver/src/stm32f10x_spi.o
 .debug_macro   0x000000000000311b      0x2be ./StdPeriph_Driver/src/stm32f10x_spi.o
 .debug_macro   0x00000000000033d9      0x23d ./StdPeriph_Driver/src/stm32f10x_usart.o
 .debug_macro   0x0000000000003616      0x21a ./StdPeriph_Driver/src/stm32f10x_usart.o
 .debug_macro   0x0000000000003830      0x32c ./src/lcd.o
 .debug_macro   0x0000000000003b5c      0x112 ./src/lcd.o
 .debug_macro   0x0000000000003c6e       0x16 ./src/lcd.o
 .debug_macro   0x0000000000003c84       0x97 ./src/lcd.o
 .debug_macro   0x0000000000003d1b       0xfd ./src/lcd.o
 .debug_macro   0x0000000000003e18      0x3dc ./src/main.o
 .debug_macro   0x00000000000041f4       0xc2 ./src/main.o
 .debug_macro   0x00000000000042b6       0x70 ./src/main.o
 .debug_macro   0x0000000000004326      0x3ac ./src/stm32f10x_it.o
 .debug_macro   0x00000000000046d2      0x24c ./src/syscalls.o
 .debug_macro   0x000000000000491e       0x10 ./src/syscalls.o
 .debug_macro   0x000000000000492e       0x10 ./src/syscalls.o
 .debug_macro   0x000000000000493e       0x10 ./src/syscalls.o
 .debug_macro   0x000000000000494e       0x35 ./src/syscalls.o
 .debug_macro   0x0000000000004983      0x12c ./src/syscalls.o
 .debug_macro   0x0000000000004aaf       0x10 ./src/syscalls.o
 .debug_macro   0x0000000000004abf      0x241 ./src/syscalls.o
 .debug_macro   0x0000000000004d00       0x10 ./src/syscalls.o
 .debug_macro   0x0000000000004d10      0x189 ./src/syscalls.o
 .debug_macro   0x0000000000004e99       0x16 ./src/syscalls.o
 .debug_macro   0x0000000000004eaf       0xce ./src/syscalls.o

.debug_line     0x0000000000000000     0xe921
 .debug_line    0x0000000000000000      0xb75 ./FreeRTOS/heap_2.o
 .debug_line    0x0000000000000b75      0xae3 ./FreeRTOS/list.o
 .debug_line    0x0000000000001658      0xa55 ./FreeRTOS/port.o
 .debug_line    0x00000000000020ad     0x186d ./FreeRTOS/queue.o
 .debug_line    0x000000000000391a     0x29a0 ./FreeRTOS/tasks.o
 .debug_line    0x00000000000062ba      0x7d3 ./StdPeriph_Driver/src/misc.o
 .debug_line    0x0000000000006a8d      0x847 ./StdPeriph_Driver/src/stm32f10x_exti.o
 .debug_line    0x00000000000072d4      0xe97 ./StdPeriph_Driver/src/stm32f10x_flash.o
 .debug_line    0x000000000000816b      0xbc5 ./StdPeriph_Driver/src/stm32f10x_gpio.o
 .debug_line    0x0000000000008d30      0xdaf ./StdPeriph_Driver/src/stm32f10x_rcc.o
 .debug_line    0x0000000000009adf      0xc52 ./StdPeriph_Driver/src/stm32f10x_spi.o
 .debug_line    0x000000000000a731      0xddf ./StdPeriph_Driver/src/stm32f10x_usart.o
 .debug_line    0x000000000000b510     0x1179 ./src/lcd.o
 .debug_line    0x000000000000c689      0xda5 ./src/main.o
 .debug_line    0x000000000000d42e      0xb62 ./src/stm32f10x_it.o
 .debug_line    0x000000000000df90      0x91b ./src/syscalls.o
 .debug_line    0x000000000000e8ab       0x76 ./startup/startup_stm32.o

.debug_str      0x0000000000000000    0x5ef9c
 .debug_str     0x0000000000000000    0x55747 ./FreeRTOS/heap_2.o
                                      0x55a0f (size before relaxing)
 .debug_str     0x0000000000055747      0x11e ./FreeRTOS/list.o
                                      0x5456d (size before relaxing)
 .debug_str     0x0000000000055865      0x678 ./FreeRTOS/port.o
                                      0x52a51 (size before relaxing)
 .debug_str     0x0000000000055edd     0x1030 ./FreeRTOS/queue.o
                                      0x5687d (size before relaxing)
 .debug_str     0x0000000000056f0d     0x29e9 ./FreeRTOS/tasks.o
                                      0x5856f (size before relaxing)
 .debug_str     0x00000000000598f6      0x283 ./StdPeriph_Driver/src/misc.o
                                      0x4d536 (size before relaxing)
 .debug_str     0x0000000000059b79      0x1e5 ./StdPeriph_Driver/src/stm32f10x_exti.o
                                      0x4d4bf (size before relaxing)
 .debug_str     0x0000000000059d5e      0x7f5 ./StdPeriph_Driver/src/stm32f10x_flash.o
                                      0x4db20 (size before relaxing)
 .debug_str     0x000000000005a553      0x5bb ./StdPeriph_Driver/src/stm32f10x_gpio.o
                                      0x4d8c5 (size before relaxing)
 .debug_str     0x000000000005ab0e      0xb3d ./StdPeriph_Driver/src/stm32f10x_rcc.o
                                      0x4de94 (size before relaxing)
 .debug_str     0x000000000005b64b      0x5dc ./StdPeriph_Driver/src/stm32f10x_spi.o
                                      0x4d9ee (size before relaxing)
 .debug_str     0x000000000005bc27      0x7e9 ./StdPeriph_Driver/src/stm32f10x_usart.o
                                      0x4dbfe (size before relaxing)
 .debug_str     0x000000000005c410      0x5c9 ./src/lcd.o
                                      0x521bf (size before relaxing)
 .debug_str     0x000000000005c9d9      0xc8e ./src/main.o
                                      0x582f7 (size before relaxing)
 .debug_str     0x000000000005d667      0x3e9 ./src/stm32f10x_it.o
                                      0x57b13 (size before relaxing)
 .debug_str     0x000000000005da50     0x1523 ./src/syscalls.o
                                       0x8f25 (size before relaxing)
 .debug_str     0x000000000005ef73       0x29 ./startup/startup_stm32.o
                                         0x82 (size before relaxing)

.comment        0x0000000000000000       0x53
 .comment       0x0000000000000000       0x53 ./FreeRTOS/heap_2.o
                                         0x54 (size before relaxing)
 .comment       0x0000000000000053       0x54 ./FreeRTOS/list.o
 .comment       0x0000000000000053       0x54 ./FreeRTOS/port.o
 .comment       0x0000000000000053       0x54 ./FreeRTOS/queue.o
 .comment       0x0000000000000053       0x54 ./FreeRTOS/tasks.o
 .comment       0x0000000000000053       0x54 ./StdPeriph_Driver/src/misc.o
 .comment       0x0000000000000053       0x54 ./StdPeriph_Driver/src/stm32f10x_exti.o
 .comment       0x0000000000000053       0x54 ./StdPeriph_Driver/src/stm32f10x_flash.o
 .comment       0x0000000000000053       0x54 ./StdPeriph_Driver/src/stm32f10x_gpio.o
 .comment       0x0000000000000053       0x54 ./StdPeriph_Driver/src/stm32f10x_rcc.o
 .comment       0x0000000000000053       0x54 ./StdPeriph_Driver/src/stm32f10x_spi.o
 .comment       0x0000000000000053       0x54 ./StdPeriph_Driver/src/stm32f10x_usart.o
 .comment       0x0000000000000053       0x54 ./src/lcd.o
 .comment       0x0000000000000053       0x54 ./src/main.o
 .comment       0x0000000000000053       0x54 ./src/stm32f10x_it.o
 .comment       0x0000000000000053       0x54 ./src/syscalls.o

.debug_frame    0x0000000000000000     0x21f0
 .debug_frame   0x0000000000000000       0x74 ./FreeRTOS/heap_2.o
 .debug_frame   0x0000000000000074       0x6c ./FreeRTOS/list.o
 .debug_frame   0x00000000000000e0       0xd8 ./FreeRTOS/port.o
 .debug_frame   0x00000000000001b8      0x2c8 ./FreeRTOS/queue.o
 .debug_frame   0x0000000000000480      0x5c8 ./FreeRTOS/tasks.o
 .debug_frame   0x0000000000000a48       0x6c ./StdPeriph_Driver/src/misc.o
 .debug_frame   0x0000000000000ab4       0x9c ./StdPeriph_Driver/src/stm32f10x_exti.o
 .debug_frame   0x0000000000000b50      0x244 ./StdPeriph_Driver/src/stm32f10x_flash.o
 .debug_frame   0x0000000000000d94      0x170 ./StdPeriph_Driver/src/stm32f10x_gpio.o
 .debug_frame   0x0000000000000f04      0x220 ./StdPeriph_Driver/src/stm32f10x_rcc.o
 .debug_frame   0x0000000000001124      0x1c0 ./StdPeriph_Driver/src/stm32f10x_spi.o
 .debug_frame   0x00000000000012e4      0x224 ./StdPeriph_Driver/src/stm32f10x_usart.o
 .debug_frame   0x0000000000001508      0x2d0 ./src/lcd.o
 .debug_frame   0x00000000000017d8       0xa4 ./src/main.o
 .debug_frame   0x000000000000187c      0x360 ./src/stm32f10x_it.o
 .debug_frame   0x0000000000001bdc      0x1a8 ./src/syscalls.o
 .debug_frame   0x0000000000001d84       0x20 c:/st/stm32cubeide_1.8.0/stm32cubeide/plugins/com.st.stm32cube.ide.mcu.externaltools.gnu-tools-for-stm32.9-2020-q2-update.win32_2.0.0.202105311346/tools/bin/../lib/gcc/arm-none-eabi/9.3.1/../../../../arm-none-eabi/lib/thumb/v7-m/nofp\libc_nano.a(lib_a-errno.o)
 .debug_frame   0x0000000000001da4       0x2c c:/st/stm32cubeide_1.8.0/stm32cubeide/plugins/com.st.stm32cube.ide.mcu.externaltools.gnu-tools-for-stm32.9-2020-q2-update.win32_2.0.0.202105311346/tools/bin/../lib/gcc/arm-none-eabi/9.3.1/../../../../arm-none-eabi/lib/thumb/v7-m/nofp\libc_nano.a(lib_a-init.o)
 .debug_frame   0x0000000000001dd0       0x28 c:/st/stm32cubeide_1.8.0/stm32cubeide/plugins/com.st.stm32cube.ide.mcu.externaltools.gnu-tools-for-stm32.9-2020-q2-update.win32_2.0.0.202105311346/tools/bin/../lib/gcc/arm-none-eabi/9.3.1/../../../../arm-none-eabi/lib/thumb/v7-m/nofp\libc_nano.a(lib_a-memcpy-stub.o)
 .debug_frame   0x0000000000001df8       0x20 c:/st/stm32cubeide_1.8.0/stm32cubeide/plugins/com.st.stm32cube.ide.mcu.externaltools.gnu-tools-for-stm32.9-2020-q2-update.win32_2.0.0.202105311346/tools/bin/../lib/gcc/arm-none-eabi/9.3.1/../../../../arm-none-eabi/lib/thumb/v7-m/nofp\libc_nano.a(lib_a-memset.o)
 .debug_frame   0x0000000000001e18       0x6c c:/st/stm32cubeide_1.8.0/stm32cubeide/plugins/com.st.stm32cube.ide.mcu.externaltools.gnu-tools-for-stm32.9-2020-q2-update.win32_2.0.0.202105311346/tools/bin/../lib/gcc/arm-none-eabi/9.3.1/../../../../arm-none-eabi/lib/thumb/v7-m/nofp\libc_nano.a(lib_a-sprintf.o)
 .debug_frame   0x0000000000001e84       0x90 c:/st/stm32cubeide_1.8.0/stm32cubeide/plugins/com.st.stm32cube.ide.mcu.externaltools.gnu-tools-for-stm32.9-2020-q2-update.win32_2.0.0.202105311346/tools/bin/../lib/gcc/arm-none-eabi/9.3.1/../../../../arm-none-eabi/lib/thumb/v7-m/nofp\libc_nano.a(lib_a-nano-svfprintf.o)
 .debug_frame   0x0000000000001f14       0x60 c:/st/stm32cubeide_1.8.0/stm32cubeide/plugins/com.st.stm32cube.ide.mcu.externaltools.gnu-tools-for-stm32.9-2020-q2-update.win32_2.0.0.202105311346/tools/bin/../lib/gcc/arm-none-eabi/9.3.1/../../../../arm-none-eabi/lib/thumb/v7-m/nofp\libc_nano.a(lib_a-nano-vfprintf_i.o)
 .debug_frame   0x0000000000001f74       0x28 c:/st/stm32cubeide_1.8.0/stm32cubeide/plugins/com.st.stm32cube.ide.mcu.externaltools.gnu-tools-for-stm32.9-2020-q2-update.win32_2.0.0.202105311346/tools/bin/../lib/gcc/arm-none-eabi/9.3.1/../../../../arm-none-eabi/lib/thumb/v7-m/nofp\libc_nano.a(lib_a-memchr-stub.o)
 .debug_frame   0x0000000000001f9c       0x28 c:/st/stm32cubeide_1.8.0/stm32cubeide/plugins/com.st.stm32cube.ide.mcu.externaltools.gnu-tools-for-stm32.9-2020-q2-update.win32_2.0.0.202105311346/tools/bin/../lib/gcc/arm-none-eabi/9.3.1/../../../../arm-none-eabi/lib/thumb/v7-m/nofp\libc_nano.a(lib_a-memmove.o)
 .debug_frame   0x0000000000001fc4       0x38 c:/st/stm32cubeide_1.8.0/stm32cubeide/plugins/com.st.stm32cube.ide.mcu.externaltools.gnu-tools-for-stm32.9-2020-q2-update.win32_2.0.0.202105311346/tools/bin/../lib/gcc/arm-none-eabi/9.3.1/../../../../arm-none-eabi/lib/thumb/v7-m/nofp\libc_nano.a(lib_a-nano-freer.o)
 .debug_frame   0x0000000000001ffc       0x30 c:/st/stm32cubeide_1.8.0/stm32cubeide/plugins/com.st.stm32cube.ide.mcu.externaltools.gnu-tools-for-stm32.9-2020-q2-update.win32_2.0.0.202105311346/tools/bin/../lib/gcc/arm-none-eabi/9.3.1/../../../../arm-none-eabi/lib/thumb/v7-m/nofp\libc_nano.a(lib_a-nano-mallocr.o)
 .debug_frame   0x000000000000202c       0x3c c:/st/stm32cubeide_1.8.0/stm32cubeide/plugins/com.st.stm32cube.ide.mcu.externaltools.gnu-tools-for-stm32.9-2020-q2-update.win32_2.0.0.202105311346/tools/bin/../lib/gcc/arm-none-eabi/9.3.1/../../../../arm-none-eabi/lib/thumb/v7-m/nofp\libc_nano.a(lib_a-nano-reallocr.o)
 .debug_frame   0x0000000000002068       0x2c c:/st/stm32cubeide_1.8.0/stm32cubeide/plugins/com.st.stm32cube.ide.mcu.externaltools.gnu-tools-for-stm32.9-2020-q2-update.win32_2.0.0.202105311346/tools/bin/../lib/gcc/arm-none-eabi/9.3.1/../../../../arm-none-eabi/lib/thumb/v7-m/nofp\libc_nano.a(lib_a-sbrkr.o)
 .debug_frame   0x0000000000002094       0x30 c:/st/stm32cubeide_1.8.0/stm32cubeide/plugins/com.st.stm32cube.ide.mcu.externaltools.gnu-tools-for-stm32.9-2020-q2-update.win32_2.0.0.202105311346/tools/bin/../lib/gcc/arm-none-eabi/9.3.1/../../../../arm-none-eabi/lib/thumb/v7-m/nofp\libc_nano.a(lib_a-mlock.o)
 .debug_frame   0x00000000000020c4       0x20 c:/st/stm32cubeide_1.8.0/stm32cubeide/plugins/com.st.stm32cube.ide.mcu.externaltools.gnu-tools-for-stm32.9-2020-q2-update.win32_2.0.0.202105311346/tools/bin/../lib/gcc/arm-none-eabi/9.3.1/../../../../arm-none-eabi/lib/thumb/v7-m/nofp\libc_nano.a(lib_a-nano-msizer.o)
 .debug_frame   0x00000000000020e4       0x5c c:/st/stm32cubeide_1.8.0/stm32cubeide/plugins/com.st.stm32cube.ide.mcu.externaltools.gnu-tools-for-stm32.9-2020-q2-update.win32_2.0.0.202105311346/tools/bin/../lib/gcc/arm-none-eabi/9.3.1/../../../../arm-none-eabi/lib/thumb/v7-m/nofp\libc_nano.a(lib_a-reent.o)
 .debug_frame   0x0000000000002140       0xb0 c:/st/stm32cubeide_1.8.0/stm32cubeide/plugins/com.st.stm32cube.ide.mcu.externaltools.gnu-tools-for-stm32.9-2020-q2-update.win32_2.0.0.202105311346/tools/bin/../lib/gcc/arm-none-eabi/9.3.1/../../../../arm-none-eabi/lib/thumb/v7-m/nofp\libc_nano.a(lib_a-lock.o)
