Archive member included to satisfy reference by file (symbol)

/opt/st/stm32cubeide_1.8.0/plugins/com.st.stm32cube.ide.mcu.externaltools.gnu-tools-for-stm32.9-2020-q2-update.linux64_2.0.0.202105311346/tools/bin/../lib/gcc/arm-none-eabi/9.3.1/../../../../arm-none-eabi/lib/thumb/v7-m/nofp/libc_nano.a(lib_a-errno.o)
                              ./src/syscalls.o (__errno)
/opt/st/stm32cubeide_1.8.0/plugins/com.st.stm32cube.ide.mcu.externaltools.gnu-tools-for-stm32.9-2020-q2-update.linux64_2.0.0.202105311346/tools/bin/../lib/gcc/arm-none-eabi/9.3.1/../../../../arm-none-eabi/lib/thumb/v7-m/nofp/libc_nano.a(lib_a-exit.o)
                              /opt/st/stm32cubeide_1.8.0/plugins/com.st.stm32cube.ide.mcu.externaltools.gnu-tools-for-stm32.9-2020-q2-update.linux64_2.0.0.202105311346/tools/bin/../lib/gcc/arm-none-eabi/9.3.1/../../../../arm-none-eabi/lib/thumb/v7-m/nofp/crt0.o (exit)
/opt/st/stm32cubeide_1.8.0/plugins/com.st.stm32cube.ide.mcu.externaltools.gnu-tools-for-stm32.9-2020-q2-update.linux64_2.0.0.202105311346/tools/bin/../lib/gcc/arm-none-eabi/9.3.1/../../../../arm-none-eabi/lib/thumb/v7-m/nofp/libc_nano.a(lib_a-impure.o)
                              /opt/st/stm32cubeide_1.8.0/plugins/com.st.stm32cube.ide.mcu.externaltools.gnu-tools-for-stm32.9-2020-q2-update.linux64_2.0.0.202105311346/tools/bin/../lib/gcc/arm-none-eabi/9.3.1/../../../../arm-none-eabi/lib/thumb/v7-m/nofp/libc_nano.a(lib_a-exit.o) (_global_impure_ptr)
/opt/st/stm32cubeide_1.8.0/plugins/com.st.stm32cube.ide.mcu.externaltools.gnu-tools-for-stm32.9-2020-q2-update.linux64_2.0.0.202105311346/tools/bin/../lib/gcc/arm-none-eabi/9.3.1/../../../../arm-none-eabi/lib/thumb/v7-m/nofp/libc_nano.a(lib_a-init.o)
                              /opt/st/stm32cubeide_1.8.0/plugins/com.st.stm32cube.ide.mcu.externaltools.gnu-tools-for-stm32.9-2020-q2-update.linux64_2.0.0.202105311346/tools/bin/../lib/gcc/arm-none-eabi/9.3.1/../../../../arm-none-eabi/lib/thumb/v7-m/nofp/crt0.o (__libc_init_array)
/opt/st/stm32cubeide_1.8.0/plugins/com.st.stm32cube.ide.mcu.externaltools.gnu-tools-for-stm32.9-2020-q2-update.linux64_2.0.0.202105311346/tools/bin/../lib/gcc/arm-none-eabi/9.3.1/../../../../arm-none-eabi/lib/thumb/v7-m/nofp/libc_nano.a(lib_a-memcpy-stub.o)
                              ./FreeRTOS/queue.o (memcpy)
/opt/st/stm32cubeide_1.8.0/plugins/com.st.stm32cube.ide.mcu.externaltools.gnu-tools-for-stm32.9-2020-q2-update.linux64_2.0.0.202105311346/tools/bin/../lib/gcc/arm-none-eabi/9.3.1/../../../../arm-none-eabi/lib/thumb/v7-m/nofp/libc_nano.a(lib_a-memset.o)
                              /opt/st/stm32cubeide_1.8.0/plugins/com.st.stm32cube.ide.mcu.externaltools.gnu-tools-for-stm32.9-2020-q2-update.linux64_2.0.0.202105311346/tools/bin/../lib/gcc/arm-none-eabi/9.3.1/../../../../arm-none-eabi/lib/thumb/v7-m/nofp/crt0.o (memset)
/opt/st/stm32cubeide_1.8.0/plugins/com.st.stm32cube.ide.mcu.externaltools.gnu-tools-for-stm32.9-2020-q2-update.linux64_2.0.0.202105311346/tools/bin/../lib/gcc/arm-none-eabi/9.3.1/../../../../arm-none-eabi/lib/thumb/v7-m/nofp/libc_nano.a(lib_a-nano-vfprintf_float.o)
                              (_printf_float)
/opt/st/stm32cubeide_1.8.0/plugins/com.st.stm32cube.ide.mcu.externaltools.gnu-tools-for-stm32.9-2020-q2-update.linux64_2.0.0.202105311346/tools/bin/../lib/gcc/arm-none-eabi/9.3.1/../../../../arm-none-eabi/lib/thumb/v7-m/nofp/libc_nano.a(lib_a-nano-vfprintf_i.o)
                              /opt/st/stm32cubeide_1.8.0/plugins/com.st.stm32cube.ide.mcu.externaltools.gnu-tools-for-stm32.9-2020-q2-update.linux64_2.0.0.202105311346/tools/bin/../lib/gcc/arm-none-eabi/9.3.1/../../../../arm-none-eabi/lib/thumb/v7-m/nofp/libc_nano.a(lib_a-nano-vfprintf_float.o) (_printf_common)
/opt/st/stm32cubeide_1.8.0/plugins/com.st.stm32cube.ide.mcu.externaltools.gnu-tools-for-stm32.9-2020-q2-update.linux64_2.0.0.202105311346/tools/bin/../lib/gcc/arm-none-eabi/9.3.1/../../../../arm-none-eabi/lib/thumb/v7-m/nofp/libc_nano.a(lib_a-nano-vfscanf_float.o)
                              (_scanf_float)
/opt/st/stm32cubeide_1.8.0/plugins/com.st.stm32cube.ide.mcu.externaltools.gnu-tools-for-stm32.9-2020-q2-update.linux64_2.0.0.202105311346/tools/bin/../lib/gcc/arm-none-eabi/9.3.1/../../../../arm-none-eabi/lib/thumb/v7-m/nofp/libc_nano.a(lib_a-sf_nan.o)
                              /opt/st/stm32cubeide_1.8.0/plugins/com.st.stm32cube.ide.mcu.externaltools.gnu-tools-for-stm32.9-2020-q2-update.linux64_2.0.0.202105311346/tools/bin/../lib/gcc/arm-none-eabi/9.3.1/../../../../arm-none-eabi/lib/thumb/v7-m/nofp/libc_nano.a(lib_a-nano-vfscanf_float.o) (nanf)
/opt/st/stm32cubeide_1.8.0/plugins/com.st.stm32cube.ide.mcu.externaltools.gnu-tools-for-stm32.9-2020-q2-update.linux64_2.0.0.202105311346/tools/bin/../lib/gcc/arm-none-eabi/9.3.1/../../../../arm-none-eabi/lib/thumb/v7-m/nofp/libc_nano.a(lib_a-sprintf.o)
                              ./FreeRTOS/tasks.o (sprintf)
[...]
Memory Configuration

Name             Origin             Length             Attributes
RAM              0x0000000020000000 0x0000000000005000 xrw
ROM              0x0000000008000000 0x0000000000020000 xr
*default*        0x0000000000000000 0xffffffffffffffff

Linker script and memory map

LOAD /opt/st/stm32cubeide_1.8.0/plugins/com.st.stm32cube.ide.mcu.externaltools.gnu-tools-for-stm32.9-2020-q2-update.linux64_2.0.0.202105311346/tools/bin/../lib/gcc/arm-none-eabi/9.3.1/thumb/v7-m/nofp/crti.o
LOAD /opt/st/stm32cubeide_1.8.0/plugins/com.st.stm32cube.ide.mcu.externaltools.gnu-tools-for-stm32.9-2020-q2-update.linux64_2.0.0.202105311346/tools/bin/../lib/gcc/arm-none-eabi/9.3.1/thumb/v7-m/nofp/crtbegin.o
LOAD /opt/st/stm32cubeide_1.8.0/plugins/com.st.stm32cube.ide.mcu.externaltools.gnu-tools-for-stm32.9-2020-q2-update.linux64_2.0.0.202105311346/tools/bin/../lib/gcc/arm-none-eabi/9.3.1/../../../../arm-none-eabi/lib/thumb/v7-m/nofp/crt0.o
LOAD ./CMSIS/core/core_cm3.o
LOAD ./FreeRTOS/croutine.o
LOAD ./FreeRTOS/event_groups.o
LOAD ./FreeRTOS/heap_2.o
LOAD ./FreeRTOS/list.o
LOAD ./FreeRTOS/port.o
LOAD ./FreeRTOS/queue.o
LOAD ./FreeRTOS/stream_buffer.o
LOAD ./FreeRTOS/tasks.o
LOAD ./FreeRTOS/timers.o
LOAD ./StdPeriph_Driver/src/misc.o
LOAD ./StdPeriph_Driver/src/stm32f10x_adc.o
LOAD ./StdPeriph_Driver/src/stm32f10x_bkp.o
LOAD ./StdPeriph_Driver/src/stm32f10x_can.o
LOAD ./StdPeriph_Driver/src/stm32f10x_cec.o
LOAD ./StdPeriph_Driver/src/stm32f10x_crc.o
LOAD ./StdPeriph_Driver/src/stm32f10x_dac.o
LOAD ./StdPeriph_Driver/src/stm32f10x_dbgmcu.o
LOAD ./StdPeriph_Driver/src/stm32f10x_dma.o
LOAD ./StdPeriph_Driver/src/stm32f10x_exti.o
LOAD ./StdPeriph_Driver/src/stm32f10x_flash.o
LOAD ./StdPeriph_Driver/src/stm32f10x_fsmc.o
LOAD ./StdPeriph_Driver/src/stm32f10x_gpio.o
LOAD ./StdPeriph_Driver/src/stm32f10x_i2c.o
LOAD ./StdPeriph_Driver/src/stm32f10x_iwdg.o
LOAD ./StdPeriph_Driver/src/stm32f10x_pwr.o
LOAD ./StdPeriph_Driver/src/stm32f10x_rcc.o
LOAD ./StdPeriph_Driver/src/stm32f10x_rtc.o
LOAD ./StdPeriph_Driver/src/stm32f10x_sdio.o
LOAD ./StdPeriph_Driver/src/stm32f10x_spi.o
LOAD ./StdPeriph_Driver/src/stm32f10x_tim.o
LOAD ./StdPeriph_Driver/src/stm32f10x_usart.o
LOAD ./StdPeriph_Driver/src/stm32f10x_wwdg.o
LOAD ./src/fun_for_USART.o
LOAD ./src/main.o
LOAD ./src/stm32f10x_it.o
LOAD ./src/syscalls.o
LOAD ./startup/startup_stm32.o
START GROUP
LOAD /opt/st/stm32cubeide_1.8.0/plugins/com.st.stm32cube.ide.mcu.externaltools.gnu-tools-for-stm32.9-2020-q2-update.linux64_2.0.0.202105311346/tools/bin/../lib/gcc/arm-none-eabi/9.3.1/../../../../arm-none-eabi/lib/thumb/v7-m/nofp/libc_nano.a
LOAD /opt/st/stm32cubeide_1.8.0/plugins/com.st.stm32cube.ide.mcu.externaltools.gnu-tools-for-stm32.9-2020-q2-update.linux64_2.0.0.202105311346/tools/bin/../lib/gcc/arm-none-eabi/9.3.1/../../../../arm-none-eabi/lib/thumb/v7-m/nofp/libm.a
END GROUP
START GROUP
LOAD /opt/st/stm32cubeide_1.8.0/plugins/com.st.stm32cube.ide.mcu.externaltools.gnu-tools-for-stm32.9-2020-q2-update.linux64_2.0.0.202105311346/tools/bin/../lib/gcc/arm-none-eabi/9.3.1/thumb/v7-m/nofp/libgcc.a
LOAD /opt/st/stm32cubeide_1.8.0/plugins/com.st.stm32cube.ide.mcu.externaltools.gnu-tools-for-stm32.9-2020-q2-update.linux64_2.0.0.202105311346/tools/bin/../lib/gcc/arm-none-eabi/9.3.1/../../../../arm-none-eabi/lib/thumb/v7-m/nofp/libc_nano.a
END GROUP
START GROUP
LOAD /opt/st/stm32cubeide_1.8.0/plugins/com.st.stm32cube.ide.mcu.externaltools.gnu-tools-for-stm32.9-2020-q2-update.linux64_2.0.0.202105311346/tools/bin/../lib/gcc/arm-none-eabi/9.3.1/thumb/v7-m/nofp/libgcc.a
LOAD /opt/st/stm32cubeide_1.8.0/plugins/com.st.stm32cube.ide.mcu.externaltools.gnu-tools-for-stm32.9-2020-q2-update.linux64_2.0.0.202105311346/tools/bin/../lib/gcc/arm-none-eabi/9.3.1/../../../../arm-none-eabi/lib/thumb/v7-m/nofp/libc_nano.a
LOAD /opt/st/stm32cubeide_1.8.0/plugins/com.st.stm32cube.ide.mcu.externaltools.gnu-tools-for-stm32.9-2020-q2-update.linux64_2.0.0.202105311346/tools/bin/../lib/gcc/arm-none-eabi/9.3.1/../../../../arm-none-eabi/lib/thumb/v7-m/nofp/libnosys.a
END GROUP
START GROUP
LOAD /opt/st/stm32cubeide_1.8.0/plugins/com.st.stm32cube.ide.mcu.externaltools.gnu-tools-for-stm32.9-2020-q2-update.linux64_2.0.0.202105311346/tools/bin/../lib/gcc/arm-none-eabi/9.3.1/thumb/v7-m/nofp/libgcc.a
LOAD /opt/st/stm32cubeide_1.8.0/plugins/com.st.stm32cube.ide.mcu.externaltools.gnu-tools-for-stm32.9-2020-q2-update.linux64_2.0.0.202105311346/tools/bin/../lib/gcc/arm-none-eabi/9.3.1/../../../../arm-none-eabi/lib/thumb/v7-m/nofp/libc_nano.a
LOAD /opt/st/stm32cubeide_1.8.0/plugins/com.st.stm32cube.ide.mcu.externaltools.gnu-tools-for-stm32.9-2020-q2-update.linux64_2.0.0.202105311346/tools/bin/../lib/gcc/arm-none-eabi/9.3.1/../../../../arm-none-eabi/lib/thumb/v7-m/nofp/libnosys.a
END GROUP
LOAD /opt/st/stm32cubeide_1.8.0/plugins/com.st.stm32cube.ide.mcu.externaltools.gnu-tools-for-stm32.9-2020-q2-update.linux64_2.0.0.202105311346/tools/bin/../lib/gcc/arm-none-eabi/9.3.1/thumb/v7-m/nofp/crtend.o
LOAD /opt/st/stm32cubeide_1.8.0/plugins/com.st.stm32cube.ide.mcu.externaltools.gnu-tools-for-stm32.9-2020-q2-update.linux64_2.0.0.202105311346/tools/bin/../lib/gcc/arm-none-eabi/9.3.1/thumb/v7-m/nofp/crtn.o
                0x0000000020005000                _estack = 0x20005000
                0x0000000000000000                _Min_Heap_Size = 0x0
                0x0000000000000400                _Min_Stack_Size = 0x400

.isr_vector     0x0000000008000000      0x10c
                0x0000000008000000                . = ALIGN (0x4)
 *(.isr_vector)
 .isr_vector    0x0000000008000000      0x10c ./startup/startup_stm32.o
                0x0000000008000000                g_pfnVectors
                0x000000000800010c                . = ALIGN (0x4)

.text           0x0000000008000110     0x7598
                0x0000000008000110                . = ALIGN (0x4)
 *(.text)
 .text          0x0000000008000110       0x40 /opt/st/stm32cubeide_1.8.0/plugins/com.st.stm32cube.ide.mcu.externaltools.gnu-tools-for-stm32.9-2020-q2-update.linux64_2.0.0.202105311346/tools/bin/../lib/gcc/arm-none-eabi/9.3.1/thumb/v7-m/nofp/crtbegin.o
 .text          0x0000000008000150       0x10 /opt/st/stm32cubeide_1.8.0/plugins/com.st.stm32cube.ide.mcu.externaltools.gnu-tools-for-stm32.9-2020-q2-update.linux64_2.0.0.202105311346/tools/bin/../lib/gcc/arm-none-eabi/9.3.1/../../../../arm-none-eabi/lib/thumb/v7-m/nofp/libc_nano.a(lib_a-strlen.o)
                0x0000000008000150                strlen
 .text          0x0000000008000160      0x378 /opt/st/stm32cubeide_1.8.0/plugins/com.st.stm32cube.ide.mcu.externaltools.gnu-tools-for-stm32.9-2020-q2-update.linux64_2.0.0.202105311346/tools/bin/../lib/gcc/arm-none-eabi/9.3.1/thumb/v7-m/nofp/libgcc.a(_arm_addsubdf3.o)
                0x0000000008000160                __aeabi_drsub
                0x0000000008000168                __aeabi_dsub
                0x0000000008000168                __subdf3
                0x000000000800016c                __adddf3
                0x000000000800016c                __aeabi_dadd
                0x00000000080003e4                __aeabi_ui2d
                0x00000000080003e4                __floatunsidf
                0x0000000008000404                __floatsidf
                0x0000000008000404                __aeabi_i2d
                0x0000000008000428                __extendsfdf2
                0x0000000008000428                __aeabi_f2d
                0x000000000800046c                __aeabi_ul2d
                0x000000000800046c                __floatundidf
                0x000000000800047c                __floatdidf
                0x000000000800047c                __aeabi_l2d
 .text          0x00000000080004d8      0x424 /opt/st/stm32cubeide_1.8.0/plugins/com.st.stm32cube.ide.mcu.externaltools.gnu-tools-for-stm32.9-2020-q2-update.linux64_2.0.0.202105311346/tools/bin/../lib/gcc/arm-none-eabi/9.3.1/thumb/v7-m/nofp/libgcc.a(_arm_muldivdf3.o)
                0x00000000080004d8                __aeabi_dmul
                0x00000000080004d8                __muldf3
                0x000000000800072c                __aeabi_ddiv
                0x000000000800072c                __divdf3
 .text          0x00000000080008fc      0x110 /opt/st/stm32cubeide_1.8.0/plugins/com.st.stm32cube.ide.mcu.externaltools.gnu-tools-for-stm32.9-2020-q2-update.linux64_2.0.0.202105311346/tools/bin/../lib/gcc/arm-none-eabi/9.3.1/thumb/v7-m/nofp/libgcc.a(_arm_cmpdf2.o)
                0x00000000080008fc                __gtdf2
                0x00000000080008fc                __gedf2
                0x0000000008000904                __ltdf2
                0x0000000008000904                __ledf2
                0x000000000800090c                __cmpdf2
                0x000000000800090c                __eqdf2
                0x000000000800090c                __nedf2
                0x0000000008000988                __aeabi_cdrcmple
                0x0000000008000998                __aeabi_cdcmple
                0x0000000008000998                __aeabi_cdcmpeq
                0x00000000080009a8                __aeabi_dcmpeq
                0x00000000080009bc                __aeabi_dcmplt
                0x00000000080009d0                __aeabi_dcmple
                0x00000000080009e4                __aeabi_dcmpge
                0x00000000080009f8                __aeabi_dcmpgt
 .text          0x0000000008000a0c       0x2c /opt/st/stm32cubeide_1.8.0/plugins/com.st.stm32cube.ide.mcu.externaltools.gnu-tools-for-stm32.9-2020-q2-update.linux64_2.0.0.202105311346/tools/bin/../lib/gcc/arm-none-eabi/9.3.1/thumb/v7-m/nofp/libgcc.a(_arm_unorddf2.o)
                0x0000000008000a0c                __aeabi_dcmpun
                0x0000000008000a0c                __unorddf2
 .text          0x0000000008000a38       0x50 /opt/st/stm32cubeide_1.8.0/plugins/com.st.stm32cube.ide.mcu.externaltools.gnu-tools-for-stm32.9-2020-q2-update.linux64_2.0.0.202105311346/tools/bin/../lib/gcc/arm-none-eabi/9.3.1/thumb/v7-m/nofp/libgcc.a(_arm_fixdfsi.o)
                0x0000000008000a38                __fixdfsi
                0x0000000008000a38                __aeabi_d2iz
 .text          0x0000000008000a88       0x40 /opt/st/stm32cubeide_1.8.0/plugins/com.st.stm32cube.ide.mcu.externaltools.gnu-tools-for-stm32.9-2020-q2-update.linux64_2.0.0.202105311346/tools/bin/../lib/gcc/arm-none-eabi/9.3.1/thumb/v7-m/nofp/libgcc.a(_arm_fixunsdfsi.o)
                0x0000000008000a88                __fixunsdfsi
                0x0000000008000a88                __aeabi_d2uiz
 .text          0x0000000008000ac8       0xa0 /opt/st/stm32cubeide_1.8.0/plugins/com.st.stm32cube.ide.mcu.externaltools.gnu-tools-for-stm32.9-2020-q2-update.linux64_2.0.0.202105311346/tools/bin/../lib/gcc/arm-none-eabi/9.3.1/thumb/v7-m/nofp/libgcc.a(_arm_truncdfsf2.o)
                0x0000000008000ac8                __aeabi_d2f
                0x0000000008000ac8                __truncdfsf2
 .text          0x0000000008000b68       0x34 /opt/st/stm32cubeide_1.8.0/plugins/com.st.stm32cube.ide.mcu.externaltools.gnu-tools-for-stm32.9-2020-q2-update.linux64_2.0.0.202105311346/tools/bin/../lib/gcc/arm-none-eabi/9.3.1/thumb/v7-m/nofp/libgcc.a(_fixdfdi.o)
                0x0000000008000b68                __aeabi_d2lz
                0x0000000008000b68                __fixdfdi
 .text          0x0000000008000b9c       0x3c /opt/st/stm32cubeide_1.8.0/plugins/com.st.stm32cube.ide.mcu.externaltools.gnu-tools-for-stm32.9-2020-q2-update.linux64_2.0.0.202105311346/tools/bin/../lib/gcc/arm-none-eabi/9.3.1/thumb/v7-m/nofp/libgcc.a(_fixunsdfdi.o)
                0x0000000008000b9c                __aeabi_d2ulz
                0x0000000008000b9c                __fixunsdfdi
 *(.text*)
 .text.pvPortMalloc
                0x0000000008000bd8       0xac ./FreeRTOS/heap_2.o
                0x0000000008000bd8                pvPortMalloc
 .text.vPortFree
                0x0000000008000c84       0x40 ./FreeRTOS/heap_2.o
                0x0000000008000c84                vPortFree
 .text.vListInitialise
                0x0000000008000cc4       0x16 ./FreeRTOS/list.o
                0x0000000008000cc4                vListInitialise
 .text.vListInitialiseItem
                0x0000000008000cda        0x6 ./FreeRTOS/list.o
                0x0000000008000cda                vListInitialiseItem
 .text.vListInsert
                0x0000000008000ce0       0x2e ./FreeRTOS/list.o
                0x0000000008000ce0                vListInsert
 .text.uxListRemove
                0x0000000008000d0e       0x20 ./FreeRTOS/list.o
                0x0000000008000d0e                uxListRemove
 .text.prvTaskExitError
                0x0000000008000d2e       0x20 ./FreeRTOS/port.o
 *fill*         0x0000000008000d4e        0x2 
 .text.prvPortStartFirstTask
                0x0000000008000d50       0x20 ./FreeRTOS/port.o
 .text.pxPortInitialiseStack
                0x0000000008000d70       0x24 ./FreeRTOS/port.o
                0x0000000008000d70                pxPortInitialiseStack
 *fill*         0x0000000008000d94        0xc 
 .text.SVC_Handler
                0x0000000008000da0       0x24 ./FreeRTOS/port.o
                0x0000000008000da0                SVC_Handler
 .text.vPortEnterCritical
                0x0000000008000dc4       0x20 ./FreeRTOS/port.o
                0x0000000008000dc4                vPortEnterCritical
 .text.vPortExitCritical
                0x0000000008000de4       0x14 ./FreeRTOS/port.o
                0x0000000008000de4                vPortExitCritical
 *fill*         0x0000000008000df8        0x8 
 .text.PendSV_Handler
                0x0000000008000e00       0x44 ./FreeRTOS/port.o
                0x0000000008000e00                PendSV_Handler
 .text.SysTick_Handler
                0x0000000008000e44       0x2c ./FreeRTOS/port.o
                0x0000000008000e44                SysTick_Handler
 .text.vPortSetupTimerInterrupt
                0x0000000008000e70       0x28 ./FreeRTOS/port.o
                0x0000000008000e70                vPortSetupTimerInterrupt
 .text.xPortStartScheduler
                0x0000000008000e98       0x38 ./FreeRTOS/port.o
                0x0000000008000e98                xPortStartScheduler
 .text.prvIsQueueEmpty
                0x0000000008000ed0       0x16 ./FreeRTOS/queue.o
 .text.prvCopyDataToQueue
                0x0000000008000ee6       0x6a ./FreeRTOS/queue.o
 .text.prvCopyDataFromQueue
                0x0000000008000f50       0x28 ./FreeRTOS/queue.o
 .text.prvUnlockQueue
                0x0000000008000f78       0x70 ./FreeRTOS/queue.o
 .text.xQueueGenericReset
                0x0000000008000fe8       0x7c ./FreeRTOS/queue.o
                0x0000000008000fe8                xQueueGenericReset
 .text.xQueueGenericCreate
                0x0000000008001064       0x4a ./FreeRTOS/queue.o
                0x0000000008001064                xQueueGenericCreate
 *fill*         0x00000000080010ae        0x2 
 .text.xQueueGenericSend
                0x00000000080010b0      0x104 ./FreeRTOS/queue.o
                0x00000000080010b0                xQueueGenericSend
 .text.xQueueGenericSendFromISR
                0x00000000080011b4       0x6a ./FreeRTOS/queue.o
                0x00000000080011b4                xQueueGenericSendFromISR
 *fill*         0x000000000800121e        0x2 
 .text.xQueueReceive
                0x0000000008001220       0xf0 ./FreeRTOS/queue.o
                0x0000000008001220                xQueueReceive
 .text.prvAddCurrentTaskToDelayedList
                0x0000000008001310       0x84 ./FreeRTOS/tasks.o
 .text.prvResetNextTaskUnblockTime
                0x0000000008001394       0x1c ./FreeRTOS/tasks.o
 .text.prvIdleTask
                0x00000000080013b0       0x54 ./FreeRTOS/tasks.o
 .text.xTaskCreate
                0x0000000008001404      0x194 ./FreeRTOS/tasks.o
                0x0000000008001404                xTaskCreate
 .text.vTaskStartScheduler
                0x0000000008001598       0x58 ./FreeRTOS/tasks.o
                0x0000000008001598                vTaskStartScheduler
 .text.vTaskSuspendAll
                0x00000000080015f0       0x14 ./FreeRTOS/tasks.o
                0x00000000080015f0                vTaskSuspendAll
 .text.xTaskIncrementTick
                0x0000000008001604      0x124 ./FreeRTOS/tasks.o
                0x0000000008001604                xTaskIncrementTick
 .text.xTaskResumeAll
                0x0000000008001728      0x108 ./FreeRTOS/tasks.o
                0x0000000008001728                xTaskResumeAll
 .text.vTaskDelay
                0x0000000008001830       0x30 ./FreeRTOS/tasks.o
                0x0000000008001830                vTaskDelay
 .text.vTaskSwitchContext
                0x0000000008001860       0x50 ./FreeRTOS/tasks.o
                0x0000000008001860                vTaskSwitchContext
 .text.vTaskPlaceOnEventList
                0x00000000080018b0       0x20 ./FreeRTOS/tasks.o
                0x00000000080018b0                vTaskPlaceOnEventList
 .text.xTaskRemoveFromEventList
                0x00000000080018d0       0xb4 ./FreeRTOS/tasks.o
                0x00000000080018d0                xTaskRemoveFromEventList
 .text.vTaskInternalSetTimeOutState
                0x0000000008001984       0x14 ./FreeRTOS/tasks.o
                0x0000000008001984                vTaskInternalSetTimeOutState
 .text.xTaskCheckForTimeOut
                0x0000000008001998       0x4c ./FreeRTOS/tasks.o
                0x0000000008001998                xTaskCheckForTimeOut
 .text.vTaskMissedYield
                0x00000000080019e4       0x10 ./FreeRTOS/tasks.o
                0x00000000080019e4                vTaskMissedYield
 .text.xTaskPriorityDisinherit
                0x00000000080019f4       0x78 ./FreeRTOS/tasks.o
                0x00000000080019f4                xTaskPriorityDisinherit
 .text.NVIC_PriorityGroupConfig
                0x0000000008001a6c       0x14 ./StdPeriph_Driver/src/misc.o
                0x0000000008001a6c                NVIC_PriorityGroupConfig
 .text.NVIC_Init
                0x0000000008001a80       0x58 ./StdPeriph_Driver/src/misc.o
                0x0000000008001a80                NVIC_Init
 .text.FLASH_SetLatency
                0x0000000008001ad8       0x14 ./StdPeriph_Driver/src/stm32f10x_flash.o
                0x0000000008001ad8                FLASH_SetLatency
 .text.FLASH_PrefetchBufferCmd
                0x0000000008001aec       0x18 ./StdPeriph_Driver/src/stm32f10x_flash.o
                0x0000000008001aec                FLASH_PrefetchBufferCmd
 .text.GPIO_Init
                0x0000000008001b04       0xa0 ./StdPeriph_Driver/src/stm32f10x_gpio.o
                0x0000000008001b04                GPIO_Init
 .text.RCC_DeInit
                0x0000000008001ba4       0x40 ./StdPeriph_Driver/src/stm32f10x_rcc.o
                0x0000000008001ba4                RCC_DeInit
 .text.RCC_HSEConfig
                0x0000000008001be4       0x38 ./StdPeriph_Driver/src/stm32f10x_rcc.o
                0x0000000008001be4                RCC_HSEConfig
 .text.RCC_PLLConfig
                0x0000000008001c1c       0x14 ./StdPeriph_Driver/src/stm32f10x_rcc.o
                0x0000000008001c1c                RCC_PLLConfig
 .text.RCC_PLLCmd
                0x0000000008001c30        0xc ./StdPeriph_Driver/src/stm32f10x_rcc.o
                0x0000000008001c30                RCC_PLLCmd
 .text.RCC_SYSCLKConfig
                0x0000000008001c3c       0x14 ./StdPeriph_Driver/src/stm32f10x_rcc.o
                0x0000000008001c3c                RCC_SYSCLKConfig
 .text.RCC_GetSYSCLKSource
                0x0000000008001c50       0x10 ./StdPeriph_Driver/src/stm32f10x_rcc.o
                0x0000000008001c50                RCC_GetSYSCLKSource
 .text.RCC_HCLKConfig
                0x0000000008001c60       0x14 ./StdPeriph_Driver/src/stm32f10x_rcc.o
                0x0000000008001c60                RCC_HCLKConfig
 .text.RCC_PCLK1Config
                0x0000000008001c74       0x14 ./StdPeriph_Driver/src/stm32f10x_rcc.o
                0x0000000008001c74                RCC_PCLK1Config
 .text.RCC_PCLK2Config
                0x0000000008001c88       0x14 ./StdPeriph_Driver/src/stm32f10x_rcc.o
                0x0000000008001c88                RCC_PCLK2Config
 .text.RCC_GetClocksFreq
                0x0000000008001c9c       0x90 ./StdPeriph_Driver/src/stm32f10x_rcc.o
                0x0000000008001c9c                RCC_GetClocksFreq
 .text.RCC_APB2PeriphClockCmd
                0x0000000008001d2c       0x18 ./StdPeriph_Driver/src/stm32f10x_rcc.o
                0x0000000008001d2c                RCC_APB2PeriphClockCmd
 .text.RCC_APB1PeriphClockCmd
                0x0000000008001d44       0x18 ./StdPeriph_Driver/src/stm32f10x_rcc.o
                0x0000000008001d44                RCC_APB1PeriphClockCmd
 .text.RCC_APB2PeriphResetCmd
                0x0000000008001d5c       0x18 ./StdPeriph_Driver/src/stm32f10x_rcc.o
                0x0000000008001d5c                RCC_APB2PeriphResetCmd
 .text.RCC_APB1PeriphResetCmd
                0x0000000008001d74       0x18 ./StdPeriph_Driver/src/stm32f10x_rcc.o
                0x0000000008001d74                RCC_APB1PeriphResetCmd
 .text.RCC_GetFlagStatus
                0x0000000008001d8c       0x28 ./StdPeriph_Driver/src/stm32f10x_rcc.o
                0x0000000008001d8c                RCC_GetFlagStatus
 .text.RCC_WaitForHSEStartUp
                0x0000000008001db4       0x30 ./StdPeriph_Driver/src/stm32f10x_rcc.o
                0x0000000008001db4                RCC_WaitForHSEStartUp
 .text.TI1_Config
                0x0000000008001de4       0x70 ./StdPeriph_Driver/src/stm32f10x_tim.o
 .text.TI2_Config
                0x0000000008001e54       0x74 ./StdPeriph_Driver/src/stm32f10x_tim.o
 .text.TIM_DeInit
                0x0000000008001ec8      0x1c8 ./StdPeriph_Driver/src/stm32f10x_tim.o
                0x0000000008001ec8                TIM_DeInit
 .text.TIM_TimeBaseInit
                0x0000000008002090       0x94 ./StdPeriph_Driver/src/stm32f10x_tim.o
                0x0000000008002090                TIM_TimeBaseInit
 .text.TIM_OC1Init
                0x0000000008002124       0x88 ./StdPeriph_Driver/src/stm32f10x_tim.o
                0x0000000008002124                TIM_OC1Init
 .text.TIM_OC2Init
                0x00000000080021ac       0x80 ./StdPeriph_Driver/src/stm32f10x_tim.o
                0x00000000080021ac                TIM_OC2Init
 .text.TIM_OC3Init
                0x000000000800222c       0x7c ./StdPeriph_Driver/src/stm32f10x_tim.o
                0x000000000800222c                TIM_OC3Init
 .text.TIM_OC4Init
                0x00000000080022a8       0x68 ./StdPeriph_Driver/src/stm32f10x_tim.o
                0x00000000080022a8                TIM_OC4Init
 .text.TIM_ICStructInit
                0x0000000008002310       0x10 ./StdPeriph_Driver/src/stm32f10x_tim.o
                0x0000000008002310                TIM_ICStructInit
 .text.TIM_Cmd  0x0000000008002320       0x18 ./StdPeriph_Driver/src/stm32f10x_tim.o
                0x0000000008002320                TIM_Cmd
 .text.TIM_ITConfig
                0x0000000008002338       0x12 ./StdPeriph_Driver/src/stm32f10x_tim.o
                0x0000000008002338                TIM_ITConfig
 .text.TIM_EncoderInterfaceConfig
                0x000000000800234a       0x3e ./StdPeriph_Driver/src/stm32f10x_tim.o
                0x000000000800234a                TIM_EncoderInterfaceConfig
 .text.TIM_SetCounter
                0x0000000008002388        0x4 ./StdPeriph_Driver/src/stm32f10x_tim.o
                0x0000000008002388                TIM_SetCounter
 .text.TIM_SetCompare1
                0x000000000800238c        0x4 ./StdPeriph_Driver/src/stm32f10x_tim.o
                0x000000000800238c                TIM_SetCompare1
 .text.TIM_SetCompare2
                0x0000000008002390        0x4 ./StdPeriph_Driver/src/stm32f10x_tim.o
                0x0000000008002390                TIM_SetCompare2
 .text.TIM_SetIC1Prescaler
                0x0000000008002394       0x16 ./StdPeriph_Driver/src/stm32f10x_tim.o
                0x0000000008002394                TIM_SetIC1Prescaler
 .text.TIM_SetIC2Prescaler
                0x00000000080023aa       0x1a ./StdPeriph_Driver/src/stm32f10x_tim.o
                0x00000000080023aa                TIM_SetIC2Prescaler
 .text.TIM_SetIC3Prescaler
                0x00000000080023c4       0x16 ./StdPeriph_Driver/src/stm32f10x_tim.o
                0x00000000080023c4                TIM_SetIC3Prescaler
 .text.TIM_SetIC4Prescaler
                0x00000000080023da       0x1a ./StdPeriph_Driver/src/stm32f10x_tim.o
                0x00000000080023da                TIM_SetIC4Prescaler
 .text.TIM_ICInit
                0x00000000080023f4      0x128 ./StdPeriph_Driver/src/stm32f10x_tim.o
                0x00000000080023f4                TIM_ICInit
 .text.TIM_ClearFlag
                0x000000000800251c        0x8 ./StdPeriph_Driver/src/stm32f10x_tim.o
                0x000000000800251c                TIM_ClearFlag
 .text.TIM_ClearITPendingBit
                0x0000000008002524        0x8 ./StdPeriph_Driver/src/stm32f10x_tim.o
                0x0000000008002524                TIM_ClearITPendingBit
 .text.USART_Init
                0x000000000800252c       0xa8 ./StdPeriph_Driver/src/stm32f10x_usart.o
                0x000000000800252c                USART_Init
 .text.USART_Cmd
                0x00000000080025d4       0x18 ./StdPeriph_Driver/src/stm32f10x_usart.o
                0x00000000080025d4                USART_Cmd
 .text.USART_ITConfig
                0x00000000080025ec       0x30 ./StdPeriph_Driver/src/stm32f10x_usart.o
                0x00000000080025ec                USART_ITConfig
 .text.USART_SendData
                0x000000000800261c        0x8 ./StdPeriph_Driver/src/stm32f10x_usart.o
                0x000000000800261c                USART_SendData
 .text.USART_ReceiveData
                0x0000000008002624        0x8 ./StdPeriph_Driver/src/stm32f10x_usart.o
                0x0000000008002624                USART_ReceiveData
 .text.USART_GetFlagStatus
                0x000000000800262c        0xc ./StdPeriph_Driver/src/stm32f10x_usart.o
                0x000000000800262c                USART_GetFlagStatus
 .text.USART_ClearITPendingBit
                0x0000000008002638        0xe ./StdPeriph_Driver/src/stm32f10x_usart.o
                0x0000000008002638                USART_ClearITPendingBit
 *fill*         0x0000000008002646        0x2 
 .text.prvSendMessageUSART2
                0x0000000008002648       0x34 ./src/fun_for_USART.o
                0x0000000008002648                prvSendMessageUSART2
 .text.prvSendMessage
                0x000000000800267c       0x20 ./src/main.o
 .text.prvReadUsart
                0x000000000800269c       0xf4 ./src/main.o
 .text.prvControlador
                0x0000000008002790       0x60 ./src/main.o
 .text.prvMotorDrive
                0x00000000080027f0       0x48 ./src/main.o
 .text.prvReadEncoders
                0x0000000008002838       0x30 ./src/main.o
 .text.startup.main
                0x0000000008002868      0x40c ./src/main.o
                0x0000000008002868                main
 .text.WWDG_IRQHandler
                0x0000000008002c74        0x2 ./src/stm32f10x_it.o
                0x0000000008002c74                WWDG_IRQHandler
 .text.PVD_IRQHandler
                0x0000000008002c76        0x2 ./src/stm32f10x_it.o
                0x0000000008002c76                PVD_IRQHandler
 .text.TAMPER_IRQHandler
                0x0000000008002c78        0x2 ./src/stm32f10x_it.o
                0x0000000008002c78                TAMPER_IRQHandler
 .text.RTC_IRQHandler
                0x0000000008002c7a        0x2 ./src/stm32f10x_it.o
                0x0000000008002c7a                RTC_IRQHandler
 .text.FLASH_IRQHandler
                0x0000000008002c7c        0x2 ./src/stm32f10x_it.o
                0x0000000008002c7c                FLASH_IRQHandler
 .text.RCC_IRQHandler
                0x0000000008002c7e        0x2 ./src/stm32f10x_it.o
                0x0000000008002c7e                RCC_IRQHandler
 .text.EXTI0_IRQHandler
                0x0000000008002c80        0x2 ./src/stm32f10x_it.o
                0x0000000008002c80                EXTI0_IRQHandler
 .text.EXTI1_IRQHandler
                0x0000000008002c82        0x2 ./src/stm32f10x_it.o
                0x0000000008002c82                EXTI1_IRQHandler
 .text.EXTI2_IRQHandler
                0x0000000008002c84        0x2 ./src/stm32f10x_it.o
                0x0000000008002c84                EXTI2_IRQHandler
 .text.EXTI3_IRQHandler
                0x0000000008002c86        0x2 ./src/stm32f10x_it.o
                0x0000000008002c86                EXTI3_IRQHandler
 .text.EXTI4_IRQHandler
                0x0000000008002c88        0x2 ./src/stm32f10x_it.o
                0x0000000008002c88                EXTI4_IRQHandler
 .text.DMA1_Channel1_IRQHandler
                0x0000000008002c8a        0x2 ./src/stm32f10x_it.o
                0x0000000008002c8a                DMA1_Channel1_IRQHandler
 .text.DMA1_Channel2_IRQHandler
                0x0000000008002c8c        0x2 ./src/stm32f10x_it.o
                0x0000000008002c8c                DMA1_Channel2_IRQHandler
 .text.DMA1_Channel3_IRQHandler
                0x0000000008002c8e        0x2 ./src/stm32f10x_it.o
                0x0000000008002c8e                DMA1_Channel3_IRQHandler
 .text.DMA1_Channel4_IRQHandler
                0x0000000008002c90        0x2 ./src/stm32f10x_it.o
                0x0000000008002c90                DMA1_Channel4_IRQHandler
 .text.DMA1_Channel5_IRQHandler
                0x0000000008002c92        0x2 ./src/stm32f10x_it.o
                0x0000000008002c92                DMA1_Channel5_IRQHandler
 .text.DMA1_Channel6_IRQHandler
                0x0000000008002c94        0x2 ./src/stm32f10x_it.o
                0x0000000008002c94                DMA1_Channel6_IRQHandler
 .text.DMA1_Channel7_IRQHandler
                0x0000000008002c96        0x2 ./src/stm32f10x_it.o
                0x0000000008002c96                DMA1_Channel7_IRQHandler
 .text.ADC1_2_IRQHandler
                0x0000000008002c98        0x2 ./src/stm32f10x_it.o
                0x0000000008002c98                ADC1_2_IRQHandler
 .text.EXTI9_5_IRQHandler
                0x0000000008002c9a        0x2 ./src/stm32f10x_it.o
                0x0000000008002c9a                EXTI9_5_IRQHandler
 .text.TIM1_BRK_IRQHandler
                0x0000000008002c9c        0x2 ./src/stm32f10x_it.o
                0x0000000008002c9c                TIM1_BRK_IRQHandler
 .text.TIM1_UP_IRQHandler
                0x0000000008002c9e        0x2 ./src/stm32f10x_it.o
                0x0000000008002c9e                TIM1_UP_IRQHandler
 .text.TIM1_TRG_COM_IRQHandler
                0x0000000008002ca0        0x2 ./src/stm32f10x_it.o
                0x0000000008002ca0                TIM1_TRG_COM_IRQHandler
 .text.TIM1_CC_IRQHandler
                0x0000000008002ca2        0x2 ./src/stm32f10x_it.o
                0x0000000008002ca2                TIM1_CC_IRQHandler
 .text.TIM2_IRQHandler
                0x0000000008002ca4        0xa ./src/stm32f10x_it.o
                0x0000000008002ca4                TIM2_IRQHandler
 *fill*         0x0000000008002cae        0x2 
 .text.TIM3_IRQHandler
                0x0000000008002cb0        0xc ./src/stm32f10x_it.o
                0x0000000008002cb0                TIM3_IRQHandler
 .text.TIM4_IRQHandler
                0x0000000008002cbc        0xc ./src/stm32f10x_it.o
                0x0000000008002cbc                TIM4_IRQHandler
 .text.I2C1_EV_IRQHandler
                0x0000000008002cc8        0x2 ./src/stm32f10x_it.o
                0x0000000008002cc8                I2C1_EV_IRQHandler
 .text.I2C1_ER_IRQHandler
                0x0000000008002cca        0x2 ./src/stm32f10x_it.o
                0x0000000008002cca                I2C1_ER_IRQHandler
 .text.I2C2_EV_IRQHandler
                0x0000000008002ccc        0x2 ./src/stm32f10x_it.o
                0x0000000008002ccc                I2C2_EV_IRQHandler
 .text.I2C2_ER_IRQHandler
                0x0000000008002cce        0x2 ./src/stm32f10x_it.o
                0x0000000008002cce                I2C2_ER_IRQHandler
 .text.SPI1_IRQHandler
                0x0000000008002cd0        0x2 ./src/stm32f10x_it.o
                0x0000000008002cd0                SPI1_IRQHandler
 .text.SPI2_IRQHandler
                0x0000000008002cd2        0x2 ./src/stm32f10x_it.o
                0x0000000008002cd2                SPI2_IRQHandler
 .text.USART1_IRQHandler
                0x0000000008002cd4        0x2 ./src/stm32f10x_it.o
                0x0000000008002cd4                USART1_IRQHandler
 *fill*         0x0000000008002cd6        0x2 
 .text.USART2_IRQHandler
                0x0000000008002cd8       0x54 ./src/stm32f10x_it.o
                0x0000000008002cd8                USART2_IRQHandler
 .text.USART3_IRQHandler
                0x0000000008002d2c        0x2 ./src/stm32f10x_it.o
                0x0000000008002d2c                USART3_IRQHandler
 .text.EXTI15_10_IRQHandler
                0x0000000008002d2e        0x2 ./src/stm32f10x_it.o
                0x0000000008002d2e                EXTI15_10_IRQHandler
 .text.RTCAlarm_IRQHandler
                0x0000000008002d30        0x2 ./src/stm32f10x_it.o
                0x0000000008002d30                RTCAlarm_IRQHandler
 .text.USBWakeUp_IRQHandler
                0x0000000008002d32        0x2 ./src/stm32f10x_it.o
                0x0000000008002d32                USBWakeUp_IRQHandler
 .text._getpid  0x0000000008002d34        0x4 ./src/syscalls.o
                0x0000000008002d34                _getpid
 .text._kill    0x0000000008002d38       0x10 ./src/syscalls.o
                0x0000000008002d38                _kill
 .text._exit    0x0000000008002d48        0xc ./src/syscalls.o
                0x0000000008002d48                _exit
 .text._read    0x0000000008002d54       0x1a ./src/syscalls.o
                0x0000000008002d54                _read
 .text._write   0x0000000008002d6e       0x1a ./src/syscalls.o
                0x0000000008002d6e                _write
 .text._sbrk    0x0000000008002d88       0x34 ./src/syscalls.o
                0x0000000008002d88                _sbrk
 .text._close   0x0000000008002dbc        0x6 ./src/syscalls.o
                0x0000000008002dbc                _close
 .text._fstat   0x0000000008002dc2        0xa ./src/syscalls.o
                0x0000000008002dc2                _fstat
 .text._isatty  0x0000000008002dcc        0x4 ./src/syscalls.o
                0x0000000008002dcc                _isatty
 .text._lseek   0x0000000008002dd0        0x4 ./src/syscalls.o
                0x0000000008002dd0                _lseek
 .text.Reset_Handler
                0x0000000008002dd4       0x44 ./startup/startup_stm32.o
                0x0000000008002dd4                Reset_Handler
 .text.Default_Handler
                0x0000000008002e18        0x2 ./startup/startup_stm32.o
                0x0000000008002e18                DebugMon_Handler
                0x0000000008002e18                HardFault_Handler
                0x0000000008002e18                NMI_Handler
                0x0000000008002e18                UsageFault_Handler
                0x0000000008002e18                CAN1_RX1_IRQHandler
                0x0000000008002e18                Default_Handler
                0x0000000008002e18                MemManage_Handler
                0x0000000008002e18                USB_LP_CAN1_RX0_IRQHandler
                0x0000000008002e18                USB_HP_CAN1_TX_IRQHandler
                0x0000000008002e18                CAN1_SCE_IRQHandler
                0x0000000008002e18                BusFault_Handler
 *fill*         0x0000000008002e1a        0x2 
 .text.__errno  0x0000000008002e1c        0xc /opt/st/stm32cubeide_1.8.0/plugins/com.st.stm32cube.ide.mcu.externaltools.gnu-tools-for-stm32.9-2020-q2-update.linux64_2.0.0.202105311346/tools/bin/../lib/gcc/arm-none-eabi/9.3.1/../../../../arm-none-eabi/lib/thumb/v7-m/nofp/libc_nano.a(lib_a-errno.o)
                0x0000000008002e1c                __errno
 .text.__libc_init_array
                0x0000000008002e28       0x48 /opt/st/stm32cubeide_1.8.0/plugins/com.st.stm32cube.ide.mcu.externaltools.gnu-tools-for-stm32.9-2020-q2-update.linux64_2.0.0.202105311346/tools/bin/../lib/gcc/arm-none-eabi/9.3.1/../../../../arm-none-eabi/lib/thumb/v7-m/nofp/libc_nano.a(lib_a-init.o)
                0x0000000008002e28                __libc_init_array
 .text.memcpy   0x0000000008002e70       0x1c /opt/st/stm32cubeide_1.8.0/plugins/com.st.stm32cube.ide.mcu.externaltools.gnu-tools-for-stm32.9-2020-q2-update.linux64_2.0.0.202105311346/tools/bin/../lib/gcc/arm-none-eabi/9.3.1/../../../../arm-none-eabi/lib/thumb/v7-m/nofp/libc_nano.a(lib_a-memcpy-stub.o)
                0x0000000008002e70                memcpy
 .text.memset   0x0000000008002e8c       0x10 /opt/st/stm32cubeide_1.8.0/plugins/com.st.stm32cube.ide.mcu.externaltools.gnu-tools-for-stm32.9-2020-q2-update.linux64_2.0.0.202105311346/tools/bin/../lib/gcc/arm-none-eabi/9.3.1/../../../../arm-none-eabi/lib/thumb/v7-m/nofp/libc_nano.a(lib_a-memset.o)
                0x0000000008002e8c                memset
 .text.__cvt    0x0000000008002e9c       0xbe /opt/st/stm32cubeide_1.8.0/plugins/com.st.stm32cube.ide.mcu.externaltools.gnu-tools-for-stm32.9-2020-q2-update.linux64_2.0.0.202105311346/tools/bin/../lib/gcc/arm-none-eabi/9.3.1/../../../../arm-none-eabi/lib/thumb/v7-m/nofp/libc_nano.a(lib_a-nano-vfprintf_float.o)
                0x0000000008002e9c                __cvt
 .text.__exponent
                0x0000000008002f5a       0x7c /opt/st/stm32cubeide_1.8.0/plugins/com.st.stm32cube.ide.mcu.externaltools.gnu-tools-for-stm32.9-2020-q2-update.linux64_2.0.0.202105311346/tools/bin/../lib/gcc/arm-none-eabi/9.3.1/../../../../arm-none-eabi/lib/thumb/v7-m/nofp/libc_nano.a(lib_a-nano-vfprintf_float.o)
                0x0000000008002f5a                __exponent
 *fill*         0x0000000008002fd6        0x2 
 .text._printf_float
                0x0000000008002fd8      0x458 /opt/st/stm32cubeide_1.8.0/plugins/com.st.stm32cube.ide.mcu.externaltools.gnu-tools-for-stm32.9-2020-q2-update.linux64_2.0.0.202105311346/tools/bin/../lib/gcc/arm-none-eabi/9.3.1/../../../../arm-none-eabi/lib/thumb/v7-m/nofp/libc_nano.a(lib_a-nano-vfprintf_float.o)
                0x0000000008002fd8                _printf_float
 .text._printf_common
                0x0000000008003430       0xde /opt/st/stm32cubeide_1.8.0/plugins/com.st.stm32cube.ide.mcu.externaltools.gnu-tools-for-stm32.9-2020-q2-update.linux64_2.0.0.202105311346/tools/bin/../lib/gcc/arm-none-eabi/9.3.1/../../../../arm-none-eabi/lib/thumb/v7-m/nofp/libc_nano.a(lib_a-nano-vfprintf_i.o)
                0x0000000008003430                _printf_common
 *fill*         0x000000000800350e        0x2 
 .text._printf_i
                0x0000000008003510      0x24c /opt/st/stm32cubeide_1.8.0/plugins/com.st.stm32cube.ide.mcu.externaltools.gnu-tools-for-stm32.9-2020-q2-update.linux64_2.0.0.202105311346/tools/bin/../lib/gcc/arm-none-eabi/9.3.1/../../../../arm-none-eabi/lib/thumb/v7-m/nofp/libc_nano.a(lib_a-nano-vfprintf_i.o)
                0x0000000008003510                _printf_i
 .text._scanf_float
                0x000000000800375c      0x424 /opt/st/stm32cubeide_1.8.0/plugins/com.st.stm32cube.ide.mcu.externaltools.gnu-tools-for-stm32.9-2020-q2-update.linux64_2.0.0.202105311346/tools/bin/../lib/gcc/arm-none-eabi/9.3.1/../../../../arm-none-eabi/lib/thumb/v7-m/nofp/libc_nano.a(lib_a-nano-vfscanf_float.o)
                0x000000000800375c                _scanf_float
 .text.nanf     0x0000000008003b80        0x8 /opt/st/stm32cubeide_1.8.0/plugins/com.st.stm32cube.ide.mcu.externaltools.gnu-tools-for-stm32.9-2020-q2-update.linux64_2.0.0.202105311346/tools/bin/../lib/gcc/arm-none-eabi/9.3.1/../../../../arm-none-eabi/lib/thumb/v7-m/nofp/libc_nano.a(lib_a-sf_nan.o)
                0x0000000008003b80                nanf
 .text.sprintf  0x0000000008003b88       0x40 /opt/st/stm32cubeide_1.8.0/plugins/com.st.stm32cube.ide.mcu.externaltools.gnu-tools-for-stm32.9-2020-q2-update.linux64_2.0.0.202105311346/tools/bin/../lib/gcc/arm-none-eabi/9.3.1/../../../../arm-none-eabi/lib/thumb/v7-m/nofp/libc_nano.a(lib_a-sprintf.o)
                0x0000000008003b88                sprintf
                0x0000000008003b88                siprintf
 .text.sulp     0x0000000008003bc8       0x42 /opt/st/stm32cubeide_1.8.0/plugins/com.st.stm32cube.ide.mcu.externaltools.gnu-tools-for-stm32.9-2020-q2-update.linux64_2.0.0.202105311346/tools/bin/../lib/gcc/arm-none-eabi/9.3.1/../../../../arm-none-eabi/lib/thumb/v7-m/nofp/libc_nano.a(lib_a-strtod.o)
 *fill*         0x0000000008003c0a        0x6 
 .text._strtod_l
                0x0000000008003c10      0xbe8 /opt/st/stm32cubeide_1.8.0/plugins/com.st.stm32cube.ide.mcu.externaltools.gnu-tools-for-stm32.9-2020-q2-update.linux64_2.0.0.202105311346/tools/bin/../lib/gcc/arm-none-eabi/9.3.1/../../../../arm-none-eabi/lib/thumb/v7-m/nofp/libc_nano.a(lib_a-strtod.o)
                0x0000000008003c10                _strtod_l
 .text._strtod_r
                0x00000000080047f8        0xc /opt/st/stm32cubeide_1.8.0/plugins/com.st.stm32cube.ide.mcu.externaltools.gnu-tools-for-stm32.9-2020-q2-update.linux64_2.0.0.202105311346/tools/bin/../lib/gcc/arm-none-eabi/9.3.1/../../../../arm-none-eabi/lib/thumb/v7-m/nofp/libc_nano.a(lib_a-strtod.o)
                0x00000000080047f8                _strtod_r
 .text._strtol_l.isra.0
                0x0000000008004804      0x10c /opt/st/stm32cubeide_1.8.0/plugins/com.st.stm32cube.ide.mcu.externaltools.gnu-tools-for-stm32.9-2020-q2-update.linux64_2.0.0.202105311346/tools/bin/../lib/gcc/arm-none-eabi/9.3.1/../../../../arm-none-eabi/lib/thumb/v7-m/nofp/libc_nano.a(lib_a-strtol.o)
 .text._strtol_r
                0x0000000008004910        0x4 /opt/st/stm32cubeide_1.8.0/plugins/com.st.stm32cube.ide.mcu.externaltools.gnu-tools-for-stm32.9-2020-q2-update.linux64_2.0.0.202105311346/tools/bin/../lib/gcc/arm-none-eabi/9.3.1/../../../../arm-none-eabi/lib/thumb/v7-m/nofp/libc_nano.a(lib_a-strtol.o)
                0x0000000008004910                _strtol_r
 .text.quorem   0x0000000008004914      0x11a /opt/st/stm32cubeide_1.8.0/plugins/com.st.stm32cube.ide.mcu.externaltools.gnu-tools-for-stm32.9-2020-q2-update.linux64_2.0.0.202105311346/tools/bin/../lib/gcc/arm-none-eabi/9.3.1/../../../../arm-none-eabi/lib/thumb/v7-m/nofp/libc_nano.a(lib_a-dtoa.o)
 *fill*         0x0000000008004a2e        0x2 
 .text._dtoa_r  0x0000000008004a30      0xbdc /opt/st/stm32cubeide_1.8.0/plugins/com.st.stm32cube.ide.mcu.externaltools.gnu-tools-for-stm32.9-2020-q2-update.linux64_2.0.0.202105311346/tools/bin/../lib/gcc/arm-none-eabi/9.3.1/../../../../arm-none-eabi/lib/thumb/v7-m/nofp/libc_nano.a(lib_a-dtoa.o)
                0x0000000008004a30                _dtoa_r
 .text.rshift   0x000000000800560c       0xa6 /opt/st/stm32cubeide_1.8.0/plugins/com.st.stm32cube.ide.mcu.externaltools.gnu-tools-for-stm32.9-2020-q2-update.linux64_2.0.0.202105311346/tools/bin/../lib/gcc/arm-none-eabi/9.3.1/../../../../arm-none-eabi/lib/thumb/v7-m/nofp/libc_nano.a(lib_a-gdtoa-gethex.o)
 .text.__hexdig_fun
                0x00000000080056b2       0x2a /opt/st/stm32cubeide_1.8.0/plugins/com.st.stm32cube.ide.mcu.externaltools.gnu-tools-for-stm32.9-2020-q2-update.linux64_2.0.0.202105311346/tools/bin/../lib/gcc/arm-none-eabi/9.3.1/../../../../arm-none-eabi/lib/thumb/v7-m/nofp/libc_nano.a(lib_a-gdtoa-gethex.o)
                0x00000000080056b2                __hexdig_fun
 .text.__gethex
                0x00000000080056dc      0x478 /opt/st/stm32cubeide_1.8.0/plugins/com.st.stm32cube.ide.mcu.externaltools.gnu-tools-for-stm32.9-2020-q2-update.linux64_2.0.0.202105311346/tools/bin/../lib/gcc/arm-none-eabi/9.3.1/../../../../arm-none-eabi/lib/thumb/v7-m/nofp/libc_nano.a(lib_a-gdtoa-gethex.o)
                0x00000000080056dc                __gethex
 .text.L_shift  0x0000000008005b54       0x24 /opt/st/stm32cubeide_1.8.0/plugins/com.st.stm32cube.ide.mcu.externaltools.gnu-tools-for-stm32.9-2020-q2-update.linux64_2.0.0.202105311346/tools/bin/../lib/gcc/arm-none-eabi/9.3.1/../../../../arm-none-eabi/lib/thumb/v7-m/nofp/libc_nano.a(lib_a-gdtoa-hexnan.o)
 .text.__match  0x0000000008005b78       0x28 /opt/st/stm32cubeide_1.8.0/plugins/com.st.stm32cube.ide.mcu.externaltools.gnu-tools-for-stm32.9-2020-q2-update.linux64_2.0.0.202105311346/tools/bin/../lib/gcc/arm-none-eabi/9.3.1/../../../../arm-none-eabi/lib/thumb/v7-m/nofp/libc_nano.a(lib_a-gdtoa-hexnan.o)
                0x0000000008005b78                __match
 .text.__hexnan
                0x0000000008005ba0      0x138 /opt/st/stm32cubeide_1.8.0/plugins/com.st.stm32cube.ide.mcu.externaltools.gnu-tools-for-stm32.9-2020-q2-update.linux64_2.0.0.202105311346/tools/bin/../lib/gcc/arm-none-eabi/9.3.1/../../../../arm-none-eabi/lib/thumb/v7-m/nofp/libc_nano.a(lib_a-gdtoa-hexnan.o)
                0x0000000008005ba0                __hexnan
 .text._localeconv_r
                0x0000000008005cd8        0x8 /opt/st/stm32cubeide_1.8.0/plugins/com.st.stm32cube.ide.mcu.externaltools.gnu-tools-for-stm32.9-2020-q2-update.linux64_2.0.0.202105311346/tools/bin/../lib/gcc/arm-none-eabi/9.3.1/../../../../arm-none-eabi/lib/thumb/v7-m/nofp/libc_nano.a(lib_a-localeconv.o)
                0x0000000008005cd8                _localeconv_r
 .text.malloc   0x0000000008005ce0       0x10 /opt/st/stm32cubeide_1.8.0/plugins/com.st.stm32cube.ide.mcu.externaltools.gnu-tools-for-stm32.9-2020-q2-update.linux64_2.0.0.202105311346/tools/bin/../lib/gcc/arm-none-eabi/9.3.1/../../../../arm-none-eabi/lib/thumb/v7-m/nofp/libc_nano.a(lib_a-malloc.o)
                0x0000000008005ce0                malloc
 .text.__ascii_mbtowc
                0x0000000008005cf0       0x24 /opt/st/stm32cubeide_1.8.0/plugins/com.st.stm32cube.ide.mcu.externaltools.gnu-tools-for-stm32.9-2020-q2-update.linux64_2.0.0.202105311346/tools/bin/../lib/gcc/arm-none-eabi/9.3.1/../../../../arm-none-eabi/lib/thumb/v7-m/nofp/libc_nano.a(lib_a-mbtowc_r.o)
                0x0000000008005cf0                __ascii_mbtowc
 .text.memchr   0x0000000008005d14       0x1c /opt/st/stm32cubeide_1.8.0/plugins/com.st.stm32cube.ide.mcu.externaltools.gnu-tools-for-stm32.9-2020-q2-update.linux64_2.0.0.202105311346/tools/bin/../lib/gcc/arm-none-eabi/9.3.1/../../../../arm-none-eabi/lib/thumb/v7-m/nofp/libc_nano.a(lib_a-memchr-stub.o)
                0x0000000008005d14                memchr
 .text._Balloc  0x0000000008005d30       0x80 /opt/st/stm32cubeide_1.8.0/plugins/com.st.stm32cube.ide.mcu.externaltools.gnu-tools-for-stm32.9-2020-q2-update.linux64_2.0.0.202105311346/tools/bin/../lib/gcc/arm-none-eabi/9.3.1/../../../../arm-none-eabi/lib/thumb/v7-m/nofp/libc_nano.a(lib_a-mprec.o)
                0x0000000008005d30                _Balloc
 .text._Bfree   0x0000000008005db0       0x44 /opt/st/stm32cubeide_1.8.0/plugins/com.st.stm32cube.ide.mcu.externaltools.gnu-tools-for-stm32.9-2020-q2-update.linux64_2.0.0.202105311346/tools/bin/../lib/gcc/arm-none-eabi/9.3.1/../../../../arm-none-eabi/lib/thumb/v7-m/nofp/libc_nano.a(lib_a-mprec.o)
                0x0000000008005db0                _Bfree
 .text.__multadd
                0x0000000008005df4       0x94 /opt/st/stm32cubeide_1.8.0/plugins/com.st.stm32cube.ide.mcu.externaltools.gnu-tools-for-stm32.9-2020-q2-update.linux64_2.0.0.202105311346/tools/bin/../lib/gcc/arm-none-eabi/9.3.1/../../../../arm-none-eabi/lib/thumb/v7-m/nofp/libc_nano.a(lib_a-mprec.o)
                0x0000000008005df4                __multadd
 .text.__s2b    0x0000000008005e88       0x94 /opt/st/stm32cubeide_1.8.0/plugins/com.st.stm32cube.ide.mcu.externaltools.gnu-tools-for-stm32.9-2020-q2-update.linux64_2.0.0.202105311346/tools/bin/../lib/gcc/arm-none-eabi/9.3.1/../../../../arm-none-eabi/lib/thumb/v7-m/nofp/libc_nano.a(lib_a-mprec.o)
                0x0000000008005e88                __s2b
 .text.__hi0bits
                0x0000000008005f1c       0x40 /opt/st/stm32cubeide_1.8.0/plugins/com.st.stm32cube.ide.mcu.externaltools.gnu-tools-for-stm32.9-2020-q2-update.linux64_2.0.0.202105311346/tools/bin/../lib/gcc/arm-none-eabi/9.3.1/../../../../arm-none-eabi/lib/thumb/v7-m/nofp/libc_nano.a(lib_a-mprec.o)
                0x0000000008005f1c                __hi0bits
 .text.__lo0bits
                0x0000000008005f5c       0x5c /opt/st/stm32cubeide_1.8.0/plugins/com.st.stm32cube.ide.mcu.externaltools.gnu-tools-for-stm32.9-2020-q2-update.linux64_2.0.0.202105311346/tools/bin/../lib/gcc/arm-none-eabi/9.3.1/../../../../arm-none-eabi/lib/thumb/v7-m/nofp/libc_nano.a(lib_a-mprec.o)
                0x0000000008005f5c                __lo0bits
 .text.__i2b    0x0000000008005fb8       0x2c /opt/st/stm32cubeide_1.8.0/plugins/com.st.stm32cube.ide.mcu.externaltools.gnu-tools-for-stm32.9-2020-q2-update.linux64_2.0.0.202105311346/tools/bin/../lib/gcc/arm-none-eabi/9.3.1/../../../../arm-none-eabi/lib/thumb/v7-m/nofp/libc_nano.a(lib_a-mprec.o)
                0x0000000008005fb8                __i2b
 .text.__multiply
                0x0000000008005fe4      0x148 /opt/st/stm32cubeide_1.8.0/plugins/com.st.stm32cube.ide.mcu.externaltools.gnu-tools-for-stm32.9-2020-q2-update.linux64_2.0.0.202105311346/tools/bin/../lib/gcc/arm-none-eabi/9.3.1/../../../../arm-none-eabi/lib/thumb/v7-m/nofp/libc_nano.a(lib_a-mprec.o)
                0x0000000008005fe4                __multiply
 .text.__pow5mult
                0x000000000800612c       0xb4 /opt/st/stm32cubeide_1.8.0/plugins/com.st.stm32cube.ide.mcu.externaltools.gnu-tools-for-stm32.9-2020-q2-update.linux64_2.0.0.202105311346/tools/bin/../lib/gcc/arm-none-eabi/9.3.1/../../../../arm-none-eabi/lib/thumb/v7-m/nofp/libc_nano.a(lib_a-mprec.o)
                0x000000000800612c                __pow5mult
 .text.__lshift
                0x00000000080061e0       0xd8 /opt/st/stm32cubeide_1.8.0/plugins/com.st.stm32cube.ide.mcu.externaltools.gnu-tools-for-stm32.9-2020-q2-update.linux64_2.0.0.202105311346/tools/bin/../lib/gcc/arm-none-eabi/9.3.1/../../../../arm-none-eabi/lib/thumb/v7-m/nofp/libc_nano.a(lib_a-mprec.o)
                0x00000000080061e0                __lshift
 .text.__mcmp   0x00000000080062b8       0x36 /opt/st/stm32cubeide_1.8.0/plugins/com.st.stm32cube.ide.mcu.externaltools.gnu-tools-for-stm32.9-2020-q2-update.linux64_2.0.0.202105311346/tools/bin/../lib/gcc/arm-none-eabi/9.3.1/../../../../arm-none-eabi/lib/thumb/v7-m/nofp/libc_nano.a(lib_a-mprec.o)
                0x00000000080062b8                __mcmp
 *fill*         0x00000000080062ee        0x2 
 .text.__mdiff  0x00000000080062f0      0x120 /opt/st/stm32cubeide_1.8.0/plugins/com.st.stm32cube.ide.mcu.externaltools.gnu-tools-for-stm32.9-2020-q2-update.linux64_2.0.0.202105311346/tools/bin/../lib/gcc/arm-none-eabi/9.3.1/../../../../arm-none-eabi/lib/thumb/v7-m/nofp/libc_nano.a(lib_a-mprec.o)
                0x00000000080062f0                __mdiff
 .text.__ulp    0x0000000008006410       0x4c /opt/st/stm32cubeide_1.8.0/plugins/com.st.stm32cube.ide.mcu.externaltools.gnu-tools-for-stm32.9-2020-q2-update.linux64_2.0.0.202105311346/tools/bin/../lib/gcc/arm-none-eabi/9.3.1/../../../../arm-none-eabi/lib/thumb/v7-m/nofp/libc_nano.a(lib_a-mprec.o)
                0x0000000008006410                __ulp
 .text.__b2d    0x000000000800645c       0xa8 /opt/st/stm32cubeide_1.8.0/plugins/com.st.stm32cube.ide.mcu.externaltools.gnu-tools-for-stm32.9-2020-q2-update.linux64_2.0.0.202105311346/tools/bin/../lib/gcc/arm-none-eabi/9.3.1/../../../../arm-none-eabi/lib/thumb/v7-m/nofp/libc_nano.a(lib_a-mprec.o)
                0x000000000800645c                __b2d
 .text.__d2b    0x0000000008006504       0xb8 /opt/st/stm32cubeide_1.8.0/plugins/com.st.stm32cube.ide.mcu.externaltools.gnu-tools-for-stm32.9-2020-q2-update.linux64_2.0.0.202105311346/tools/bin/../lib/gcc/arm-none-eabi/9.3.1/../../../../arm-none-eabi/lib/thumb/v7-m/nofp/libc_nano.a(lib_a-mprec.o)
                0x0000000008006504                __d2b
 .text.__ratio  0x00000000080065bc       0x5c /opt/st/stm32cubeide_1.8.0/plugins/com.st.stm32cube.ide.mcu.externaltools.gnu-tools-for-stm32.9-2020-q2-update.linux64_2.0.0.202105311346/tools/bin/../lib/gcc/arm-none-eabi/9.3.1/../../../../arm-none-eabi/lib/thumb/v7-m/nofp/libc_nano.a(lib_a-mprec.o)
                0x00000000080065bc                __ratio
 .text.__copybits
                0x0000000008006618       0x46 /opt/st/stm32cubeide_1.8.0/plugins/com.st.stm32cube.ide.mcu.externaltools.gnu-tools-for-stm32.9-2020-q2-update.linux64_2.0.0.202105311346/tools/bin/../lib/gcc/arm-none-eabi/9.3.1/../../../../arm-none-eabi/lib/thumb/v7-m/nofp/libc_nano.a(lib_a-mprec.o)
                0x0000000008006618                __copybits
 .text.__any_on
                0x000000000800665e       0x42 /opt/st/stm32cubeide_1.8.0/plugins/com.st.stm32cube.ide.mcu.externaltools.gnu-tools-for-stm32.9-2020-q2-update.linux64_2.0.0.202105311346/tools/bin/../lib/gcc/arm-none-eabi/9.3.1/../../../../arm-none-eabi/lib/thumb/v7-m/nofp/libc_nano.a(lib_a-mprec.o)
                0x000000000800665e                __any_on
 .text._calloc_r
                0x00000000080066a0       0x1c /opt/st/stm32cubeide_1.8.0/plugins/com.st.stm32cube.ide.mcu.externaltools.gnu-tools-for-stm32.9-2020-q2-update.linux64_2.0.0.202105311346/tools/bin/../lib/gcc/arm-none-eabi/9.3.1/../../../../arm-none-eabi/lib/thumb/v7-m/nofp/libc_nano.a(lib_a-nano-callocr.o)
                0x00000000080066a0                _calloc_r
 .text._free_r  0x00000000080066bc       0x98 /opt/st/stm32cubeide_1.8.0/plugins/com.st.stm32cube.ide.mcu.externaltools.gnu-tools-for-stm32.9-2020-q2-update.linux64_2.0.0.202105311346/tools/bin/../lib/gcc/arm-none-eabi/9.3.1/../../../../arm-none-eabi/lib/thumb/v7-m/nofp/libc_nano.a(lib_a-nano-freer.o)
                0x00000000080066bc                _free_r
 .text._malloc_r
                0x0000000008006754       0xb4 /opt/st/stm32cubeide_1.8.0/plugins/com.st.stm32cube.ide.mcu.externaltools.gnu-tools-for-stm32.9-2020-q2-update.linux64_2.0.0.202105311346/tools/bin/../lib/gcc/arm-none-eabi/9.3.1/../../../../arm-none-eabi/lib/thumb/v7-m/nofp/libc_nano.a(lib_a-nano-mallocr.o)
                0x0000000008006754                _malloc_r
 .text.__ssputs_r
                0x0000000008006808       0xb6 /opt/st/stm32cubeide_1.8.0/plugins/com.st.stm32cube.ide.mcu.externaltools.gnu-tools-for-stm32.9-2020-q2-update.linux64_2.0.0.202105311346/tools/bin/../lib/gcc/arm-none-eabi/9.3.1/../../../../arm-none-eabi/lib/thumb/v7-m/nofp/libc_nano.a(lib_a-nano-svfprintf.o)
                0x0000000008006808                __ssputs_r
 *fill*         0x00000000080068be        0x2 
 .text._svfprintf_r
                0x00000000080068c0      0x200 /opt/st/stm32cubeide_1.8.0/plugins/com.st.stm32cube.ide.mcu.externaltools.gnu-tools-for-stm32.9-2020-q2-update.linux64_2.0.0.202105311346/tools/bin/../lib/gcc/arm-none-eabi/9.3.1/../../../../arm-none-eabi/lib/thumb/v7-m/nofp/libc_nano.a(lib_a-nano-svfprintf.o)
                0x00000000080068c0                _svfprintf_r
                0x00000000080068c0                _svfiprintf_r
 .text.nan      0x0000000008006ac0        0xc /opt/st/stm32cubeide_1.8.0/plugins/com.st.stm32cube.ide.mcu.externaltools.gnu-tools-for-stm32.9-2020-q2-update.linux64_2.0.0.202105311346/tools/bin/../lib/gcc/arm-none-eabi/9.3.1/../../../../arm-none-eabi/lib/thumb/v7-m/nofp/libc_nano.a(lib_a-s_nan.o)
                0x0000000008006ac0                nan
 .text._sbrk_r  0x0000000008006acc       0x20 /opt/st/stm32cubeide_1.8.0/plugins/com.st.stm32cube.ide.mcu.externaltools.gnu-tools-for-stm32.9-2020-q2-update.linux64_2.0.0.202105311346/tools/bin/../lib/gcc/arm-none-eabi/9.3.1/../../../../arm-none-eabi/lib/thumb/v7-m/nofp/libc_nano.a(lib_a-sbrkr.o)
                0x0000000008006acc                _sbrk_r
 .text.strncmp  0x0000000008006aec       0x24 /opt/st/stm32cubeide_1.8.0/plugins/com.st.stm32cube.ide.mcu.externaltools.gnu-tools-for-stm32.9-2020-q2-update.linux64_2.0.0.202105311346/tools/bin/../lib/gcc/arm-none-eabi/9.3.1/../../../../arm-none-eabi/lib/thumb/v7-m/nofp/libc_nano.a(lib_a-strncmp.o)
                0x0000000008006aec                strncmp
 .text.__ascii_wctomb
                0x0000000008006b10       0x1a /opt/st/stm32cubeide_1.8.0/plugins/com.st.stm32cube.ide.mcu.externaltools.gnu-tools-for-stm32.9-2020-q2-update.linux64_2.0.0.202105311346/tools/bin/../lib/gcc/arm-none-eabi/9.3.1/../../../../arm-none-eabi/lib/thumb/v7-m/nofp/libc_nano.a(lib_a-wctomb_r.o)
                0x0000000008006b10                __ascii_wctomb
 *fill*         0x0000000008006b2a        0x2 
 .text.__assert_func
                0x0000000008006b2c       0x3c /opt/st/stm32cubeide_1.8.0/plugins/com.st.stm32cube.ide.mcu.externaltools.gnu-tools-for-stm32.9-2020-q2-update.linux64_2.0.0.202105311346/tools/bin/../lib/gcc/arm-none-eabi/9.3.1/../../../../arm-none-eabi/lib/thumb/v7-m/nofp/libc_nano.a(lib_a-assert.o)
                0x0000000008006b2c                __assert_func
 .text.fprintf  0x0000000008006b68       0x24 /opt/st/stm32cubeide_1.8.0/plugins/com.st.stm32cube.ide.mcu.externaltools.gnu-tools-for-stm32.9-2020-q2-update.linux64_2.0.0.202105311346/tools/bin/../lib/gcc/arm-none-eabi/9.3.1/../../../../arm-none-eabi/lib/thumb/v7-m/nofp/libc_nano.a(lib_a-fprintf.o)
                0x0000000008006b68                fprintf
                0x0000000008006b68                fiprintf
 .text.memmove  0x0000000008006b8c       0x34 /opt/st/stm32cubeide_1.8.0/plugins/com.st.stm32cube.ide.mcu.externaltools.gnu-tools-for-stm32.9-2020-q2-update.linux64_2.0.0.202105311346/tools/bin/../lib/gcc/arm-none-eabi/9.3.1/../../../../arm-none-eabi/lib/thumb/v7-m/nofp/libc_nano.a(lib_a-memmove.o)
                0x0000000008006b8c                memmove
 .text.__malloc_lock
                0x0000000008006bc0        0xc /opt/st/stm32cubeide_1.8.0/plugins/com.st.stm32cube.ide.mcu.externaltools.gnu-tools-for-stm32.9-2020-q2-update.linux64_2.0.0.202105311346/tools/bin/../lib/gcc/arm-none-eabi/9.3.1/../../../../arm-none-eabi/lib/thumb/v7-m/nofp/libc_nano.a(lib_a-mlock.o)
                0x0000000008006bc0                __malloc_lock
 .text.__malloc_unlock
                0x0000000008006bcc        0xc /opt/st/stm32cubeide_1.8.0/plugins/com.st.stm32cube.ide.mcu.externaltools.gnu-tools-for-stm32.9-2020-q2-update.linux64_2.0.0.202105311346/tools/bin/../lib/gcc/arm-none-eabi/9.3.1/../../../../arm-none-eabi/lib/thumb/v7-m/nofp/libc_nano.a(lib_a-mlock.o)
                0x0000000008006bcc                __malloc_unlock
 .text._realloc_r
                0x0000000008006bd8       0x4c /opt/st/stm32cubeide_1.8.0/plugins/com.st.stm32cube.ide.mcu.externaltools.gnu-tools-for-stm32.9-2020-q2-update.linux64_2.0.0.202105311346/tools/bin/../lib/gcc/arm-none-eabi/9.3.1/../../../../arm-none-eabi/lib/thumb/v7-m/nofp/libc_nano.a(lib_a-nano-reallocr.o)
                0x0000000008006bd8                _realloc_r
 .text.__sfputc_r
                0x0000000008006c24       0x2a /opt/st/stm32cubeide_1.8.0/plugins/com.st.stm32cube.ide.mcu.externaltools.gnu-tools-for-stm32.9-2020-q2-update.linux64_2.0.0.202105311346/tools/bin/../lib/gcc/arm-none-eabi/9.3.1/../../../../arm-none-eabi/lib/thumb/v7-m/nofp/libc_nano.a(lib_a-nano-vfprintf.o)
 .text.__sfputs_r
                0x0000000008006c4e       0x24 /opt/st/stm32cubeide_1.8.0/plugins/com.st.stm32cube.ide.mcu.externaltools.gnu-tools-for-stm32.9-2020-q2-update.linux64_2.0.0.202105311346/tools/bin/../lib/gcc/arm-none-eabi/9.3.1/../../../../arm-none-eabi/lib/thumb/v7-m/nofp/libc_nano.a(lib_a-nano-vfprintf.o)
                0x0000000008006c4e                __sfputs_r
 *fill*         0x0000000008006c72        0x2 
 .text._vfprintf_r
                0x0000000008006c74      0x260 /opt/st/stm32cubeide_1.8.0/plugins/com.st.stm32cube.ide.mcu.externaltools.gnu-tools-for-stm32.9-2020-q2-update.linux64_2.0.0.202105311346/tools/bin/../lib/gcc/arm-none-eabi/9.3.1/../../../../arm-none-eabi/lib/thumb/v7-m/nofp/libc_nano.a(lib_a-nano-vfprintf.o)
                0x0000000008006c74                _vfiprintf_r
                0x0000000008006c74                _vfprintf_r
 .text.__swbuf_r
                0x0000000008006ed4       0xa4 /opt/st/stm32cubeide_1.8.0/plugins/com.st.stm32cube.ide.mcu.externaltools.gnu-tools-for-stm32.9-2020-q2-update.linux64_2.0.0.202105311346/tools/bin/../lib/gcc/arm-none-eabi/9.3.1/../../../../arm-none-eabi/lib/thumb/v7-m/nofp/libc_nano.a(lib_a-wbuf.o)
                0x0000000008006ed4                __swbuf_r
 .text.__swsetup_r
                0x0000000008006f78       0xdc /opt/st/stm32cubeide_1.8.0/plugins/com.st.stm32cube.ide.mcu.externaltools.gnu-tools-for-stm32.9-2020-q2-update.linux64_2.0.0.202105311346/tools/bin/../lib/gcc/arm-none-eabi/9.3.1/../../../../arm-none-eabi/lib/thumb/v7-m/nofp/libc_nano.a(lib_a-wsetup.o)
                0x0000000008006f78                __swsetup_r
 .text.abort    0x0000000008007054        0xe /opt/st/stm32cubeide_1.8.0/plugins/com.st.stm32cube.ide.mcu.externaltools.gnu-tools-for-stm32.9-2020-q2-update.linux64_2.0.0.202105311346/tools/bin/../lib/gcc/arm-none-eabi/9.3.1/../../../../arm-none-eabi/lib/thumb/v7-m/nofp/libc_nano.a(lib_a-abort.o)
                0x0000000008007054                abort
 *fill*         0x0000000008007062        0x2 
 .text.__sflush_r
                0x0000000008007064      0x10c /opt/st/stm32cubeide_1.8.0/plugins/com.st.stm32cube.ide.mcu.externaltools.gnu-tools-for-stm32.9-2020-q2-update.linux64_2.0.0.202105311346/tools/bin/../lib/gcc/arm-none-eabi/9.3.1/../../../../arm-none-eabi/lib/thumb/v7-m/nofp/libc_nano.a(lib_a-fflush.o)
                0x0000000008007064                __sflush_r
 .text._fflush_r
                0x0000000008007170       0x78 /opt/st/stm32cubeide_1.8.0/plugins/com.st.stm32cube.ide.mcu.externaltools.gnu-tools-for-stm32.9-2020-q2-update.linux64_2.0.0.202105311346/tools/bin/../lib/gcc/arm-none-eabi/9.3.1/../../../../arm-none-eabi/lib/thumb/v7-m/nofp/libc_nano.a(lib_a-fflush.o)
                0x0000000008007170                _fflush_r
 .text.std      0x00000000080071e8       0x48 /opt/st/stm32cubeide_1.8.0/plugins/com.st.stm32cube.ide.mcu.externaltools.gnu-tools-for-stm32.9-2020-q2-update.linux64_2.0.0.202105311346/tools/bin/../lib/gcc/arm-none-eabi/9.3.1/../../../../arm-none-eabi/lib/thumb/v7-m/nofp/libc_nano.a(lib_a-findfp.o)
 .text._cleanup_r
                0x0000000008007230        0xc /opt/st/stm32cubeide_1.8.0/plugins/com.st.stm32cube.ide.mcu.externaltools.gnu-tools-for-stm32.9-2020-q2-update.linux64_2.0.0.202105311346/tools/bin/../lib/gcc/arm-none-eabi/9.3.1/../../../../arm-none-eabi/lib/thumb/v7-m/nofp/libc_nano.a(lib_a-findfp.o)
                0x0000000008007230                _cleanup_r
 .text.__sfmoreglue
                0x000000000800723c       0x2c /opt/st/stm32cubeide_1.8.0/plugins/com.st.stm32cube.ide.mcu.externaltools.gnu-tools-for-stm32.9-2020-q2-update.linux64_2.0.0.202105311346/tools/bin/../lib/gcc/arm-none-eabi/9.3.1/../../../../arm-none-eabi/lib/thumb/v7-m/nofp/libc_nano.a(lib_a-findfp.o)
                0x000000000800723c                __sfmoreglue
 .text.__sfp_lock_acquire
                0x0000000008007268        0xc /opt/st/stm32cubeide_1.8.0/plugins/com.st.stm32cube.ide.mcu.externaltools.gnu-tools-for-stm32.9-2020-q2-update.linux64_2.0.0.202105311346/tools/bin/../lib/gcc/arm-none-eabi/9.3.1/../../../../arm-none-eabi/lib/thumb/v7-m/nofp/libc_nano.a(lib_a-findfp.o)
                0x0000000008007268                __sfp_lock_acquire
 .text.__sfp_lock_release
                0x0000000008007274        0xc /opt/st/stm32cubeide_1.8.0/plugins/com.st.stm32cube.ide.mcu.externaltools.gnu-tools-for-stm32.9-2020-q2-update.linux64_2.0.0.202105311346/tools/bin/../lib/gcc/arm-none-eabi/9.3.1/../../../../arm-none-eabi/lib/thumb/v7-m/nofp/libc_nano.a(lib_a-findfp.o)
                0x0000000008007274                __sfp_lock_release
 .text.__sinit_lock_acquire
                0x0000000008007280        0xc /opt/st/stm32cubeide_1.8.0/plugins/com.st.stm32cube.ide.mcu.externaltools.gnu-tools-for-stm32.9-2020-q2-update.linux64_2.0.0.202105311346/tools/bin/../lib/gcc/arm-none-eabi/9.3.1/../../../../arm-none-eabi/lib/thumb/v7-m/nofp/libc_nano.a(lib_a-findfp.o)
                0x0000000008007280                __sinit_lock_acquire
 .text.__sinit_lock_release
                0x000000000800728c        0xc /opt/st/stm32cubeide_1.8.0/plugins/com.st.stm32cube.ide.mcu.externaltools.gnu-tools-for-stm32.9-2020-q2-update.linux64_2.0.0.202105311346/tools/bin/../lib/gcc/arm-none-eabi/9.3.1/../../../../arm-none-eabi/lib/thumb/v7-m/nofp/libc_nano.a(lib_a-findfp.o)
                0x000000000800728c                __sinit_lock_release
 .text.__sinit  0x0000000008007298       0x70 /opt/st/stm32cubeide_1.8.0/plugins/com.st.stm32cube.ide.mcu.externaltools.gnu-tools-for-stm32.9-2020-q2-update.linux64_2.0.0.202105311346/tools/bin/../lib/gcc/arm-none-eabi/9.3.1/../../../../arm-none-eabi/lib/thumb/v7-m/nofp/libc_nano.a(lib_a-findfp.o)
                0x0000000008007298                __sinit
 .text.__sfp    0x0000000008007308       0x8c /opt/st/stm32cubeide_1.8.0/plugins/com.st.stm32cube.ide.mcu.externaltools.gnu-tools-for-stm32.9-2020-q2-update.linux64_2.0.0.202105311346/tools/bin/../lib/gcc/arm-none-eabi/9.3.1/../../../../arm-none-eabi/lib/thumb/v7-m/nofp/libc_nano.a(lib_a-findfp.o)
                0x0000000008007308                __sfp
 .text._fwalk_reent
                0x0000000008007394       0x3e /opt/st/stm32cubeide_1.8.0/plugins/com.st.stm32cube.ide.mcu.externaltools.gnu-tools-for-stm32.9-2020-q2-update.linux64_2.0.0.202105311346/tools/bin/../lib/gcc/arm-none-eabi/9.3.1/../../../../arm-none-eabi/lib/thumb/v7-m/nofp/libc_nano.a(lib_a-fwalk.o)
                0x0000000008007394                _fwalk_reent
 .text.__retarget_lock_init_recursive
                0x00000000080073d2        0x2 /opt/st/stm32cubeide_1.8.0/plugins/com.st.stm32cube.ide.mcu.externaltools.gnu-tools-for-stm32.9-2020-q2-update.linux64_2.0.0.202105311346/tools/bin/../lib/gcc/arm-none-eabi/9.3.1/../../../../arm-none-eabi/lib/thumb/v7-m/nofp/libc_nano.a(lib_a-lock.o)
                0x00000000080073d2                __retarget_lock_init_recursive
 .text.__retarget_lock_acquire_recursive
                0x00000000080073d4        0x2 /opt/st/stm32cubeide_1.8.0/plugins/com.st.stm32cube.ide.mcu.externaltools.gnu-tools-for-stm32.9-2020-q2-update.linux64_2.0.0.202105311346/tools/bin/../lib/gcc/arm-none-eabi/9.3.1/../../../../arm-none-eabi/lib/thumb/v7-m/nofp/libc_nano.a(lib_a-lock.o)
                0x00000000080073d4                __retarget_lock_acquire_recursive
 .text.__retarget_lock_release_recursive
                0x00000000080073d6        0x2 /opt/st/stm32cubeide_1.8.0/plugins/com.st.stm32cube.ide.mcu.externaltools.gnu-tools-for-stm32.9-2020-q2-update.linux64_2.0.0.202105311346/tools/bin/../lib/gcc/arm-none-eabi/9.3.1/../../../../arm-none-eabi/lib/thumb/v7-m/nofp/libc_nano.a(lib_a-lock.o)
                0x00000000080073d6                __retarget_lock_release_recursive
 .text.__swhatbuf_r
                0x00000000080073d8       0x48 /opt/st/stm32cubeide_1.8.0/plugins/com.st.stm32cube.ide.mcu.externaltools.gnu-tools-for-stm32.9-2020-q2-update.linux64_2.0.0.202105311346/tools/bin/../lib/gcc/arm-none-eabi/9.3.1/../../../../arm-none-eabi/lib/thumb/v7-m/nofp/libc_nano.a(lib_a-makebuf.o)
                0x00000000080073d8                __swhatbuf_r
 .text.__smakebuf_r
                0x0000000008007420       0x80 /opt/st/stm32cubeide_1.8.0/plugins/com.st.stm32cube.ide.mcu.externaltools.gnu-tools-for-stm32.9-2020-q2-update.linux64_2.0.0.202105311346/tools/bin/../lib/gcc/arm-none-eabi/9.3.1/../../../../arm-none-eabi/lib/thumb/v7-m/nofp/libc_nano.a(lib_a-makebuf.o)
                0x0000000008007420                __smakebuf_r
 .text._malloc_usable_size_r
                0x00000000080074a0       0x10 /opt/st/stm32cubeide_1.8.0/plugins/com.st.stm32cube.ide.mcu.externaltools.gnu-tools-for-stm32.9-2020-q2-update.linux64_2.0.0.202105311346/tools/bin/../lib/gcc/arm-none-eabi/9.3.1/../../../../arm-none-eabi/lib/thumb/v7-m/nofp/libc_nano.a(lib_a-nano-msizer.o)
                0x00000000080074a0                _malloc_usable_size_r
 .text._raise_r
                0x00000000080074b0       0x50 /opt/st/stm32cubeide_1.8.0/plugins/com.st.stm32cube.ide.mcu.externaltools.gnu-tools-for-stm32.9-2020-q2-update.linux64_2.0.0.202105311346/tools/bin/../lib/gcc/arm-none-eabi/9.3.1/../../../../arm-none-eabi/lib/thumb/v7-m/nofp/libc_nano.a(lib_a-signal.o)
                0x00000000080074b0                _raise_r
 .text.raise    0x0000000008007500       0x10 /opt/st/stm32cubeide_1.8.0/plugins/com.st.stm32cube.ide.mcu.externaltools.gnu-tools-for-stm32.9-2020-q2-update.linux64_2.0.0.202105311346/tools/bin/../lib/gcc/arm-none-eabi/9.3.1/../../../../arm-none-eabi/lib/thumb/v7-m/nofp/libc_nano.a(lib_a-signal.o)
                0x0000000008007500                raise
 .text._kill_r  0x0000000008007510       0x24 /opt/st/stm32cubeide_1.8.0/plugins/com.st.stm32cube.ide.mcu.externaltools.gnu-tools-for-stm32.9-2020-q2-update.linux64_2.0.0.202105311346/tools/bin/../lib/gcc/arm-none-eabi/9.3.1/../../../../arm-none-eabi/lib/thumb/v7-m/nofp/libc_nano.a(lib_a-signalr.o)
                0x0000000008007510                _kill_r
 .text._getpid_r
                0x0000000008007534        0x4 /opt/st/stm32cubeide_1.8.0/plugins/com.st.stm32cube.ide.mcu.externaltools.gnu-tools-for-stm32.9-2020-q2-update.linux64_2.0.0.202105311346/tools/bin/../lib/gcc/arm-none-eabi/9.3.1/../../../../arm-none-eabi/lib/thumb/v7-m/nofp/libc_nano.a(lib_a-signalr.o)
                0x0000000008007534                _getpid_r
 .text.__sread  0x0000000008007538       0x22 /opt/st/stm32cubeide_1.8.0/plugins/com.st.stm32cube.ide.mcu.externaltools.gnu-tools-for-stm32.9-2020-q2-update.linux64_2.0.0.202105311346/tools/bin/../lib/gcc/arm-none-eabi/9.3.1/../../../../arm-none-eabi/lib/thumb/v7-m/nofp/libc_nano.a(lib_a-stdio.o)
                0x0000000008007538                __sread
 .text.__swrite
                0x000000000800755a       0x38 /opt/st/stm32cubeide_1.8.0/plugins/com.st.stm32cube.ide.mcu.externaltools.gnu-tools-for-stm32.9-2020-q2-update.linux64_2.0.0.202105311346/tools/bin/../lib/gcc/arm-none-eabi/9.3.1/../../../../arm-none-eabi/lib/thumb/v7-m/nofp/libc_nano.a(lib_a-stdio.o)
                0x000000000800755a                __swrite
 .text.__sseek  0x0000000008007592       0x24 /opt/st/stm32cubeide_1.8.0/plugins/com.st.stm32cube.ide.mcu.externaltools.gnu-tools-for-stm32.9-2020-q2-update.linux64_2.0.0.202105311346/tools/bin/../lib/gcc/arm-none-eabi/9.3.1/../../../../arm-none-eabi/lib/thumb/v7-m/nofp/libc_nano.a(lib_a-stdio.o)
                0x0000000008007592                __sseek
 .text.__sclose
                0x00000000080075b6        0x8 /opt/st/stm32cubeide_1.8.0/plugins/com.st.stm32cube.ide.mcu.externaltools.gnu-tools-for-stm32.9-2020-q2-update.linux64_2.0.0.202105311346/tools/bin/../lib/gcc/arm-none-eabi/9.3.1/../../../../arm-none-eabi/lib/thumb/v7-m/nofp/libc_nano.a(lib_a-stdio.o)
                0x00000000080075b6                __sclose
 *fill*         0x00000000080075be        0x2 
 .text._write_r
                0x00000000080075c0       0x24 /opt/st/stm32cubeide_1.8.0/plugins/com.st.stm32cube.ide.mcu.externaltools.gnu-tools-for-stm32.9-2020-q2-update.linux64_2.0.0.202105311346/tools/bin/../lib/gcc/arm-none-eabi/9.3.1/../../../../arm-none-eabi/lib/thumb/v7-m/nofp/libc_nano.a(lib_a-writer.o)
                0x00000000080075c0                _write_r
 .text._close_r
                0x00000000080075e4       0x20 /opt/st/stm32cubeide_1.8.0/plugins/com.st.stm32cube.ide.mcu.externaltools.gnu-tools-for-stm32.9-2020-q2-update.linux64_2.0.0.202105311346/tools/bin/../lib/gcc/arm-none-eabi/9.3.1/../../../../arm-none-eabi/lib/thumb/v7-m/nofp/libc_nano.a(lib_a-closer.o)
                0x00000000080075e4                _close_r
 .text._fstat_r
                0x0000000008007604       0x24 /opt/st/stm32cubeide_1.8.0/plugins/com.st.stm32cube.ide.mcu.externaltools.gnu-tools-for-stm32.9-2020-q2-update.linux64_2.0.0.202105311346/tools/bin/../lib/gcc/arm-none-eabi/9.3.1/../../../../arm-none-eabi/lib/thumb/v7-m/nofp/libc_nano.a(lib_a-fstatr.o)
                0x0000000008007604                _fstat_r
 .text._isatty_r
                0x0000000008007628       0x20 /opt/st/stm32cubeide_1.8.0/plugins/com.st.stm32cube.ide.mcu.externaltools.gnu-tools-for-stm32.9-2020-q2-update.linux64_2.0.0.202105311346/tools/bin/../lib/gcc/arm-none-eabi/9.3.1/../../../../arm-none-eabi/lib/thumb/v7-m/nofp/libc_nano.a(lib_a-isattyr.o)
                0x0000000008007628                _isatty_r
 .text._lseek_r
                0x0000000008007648       0x24 /opt/st/stm32cubeide_1.8.0/plugins/com.st.stm32cube.ide.mcu.externaltools.gnu-tools-for-stm32.9-2020-q2-update.linux64_2.0.0.202105311346/tools/bin/../lib/gcc/arm-none-eabi/9.3.1/../../../../arm-none-eabi/lib/thumb/v7-m/nofp/libc_nano.a(lib_a-lseekr.o)
                0x0000000008007648                _lseek_r
 .text._read_r  0x000000000800766c       0x24 /opt/st/stm32cubeide_1.8.0/plugins/com.st.stm32cube.ide.mcu.externaltools.gnu-tools-for-stm32.9-2020-q2-update.linux64_2.0.0.202105311346/tools/bin/../lib/gcc/arm-none-eabi/9.3.1/../../../../arm-none-eabi/lib/thumb/v7-m/nofp/libc_nano.a(lib_a-readr.o)
                0x000000000800766c                _read_r
 *(.glue_7)
 .glue_7        0x0000000008007690        0x0 linker stubs
 *(.glue_7t)
 .glue_7t       0x0000000008007690        0x0 linker stubs
 *(.eh_frame)
 .eh_frame      0x0000000008007690        0x0 /opt/st/stm32cubeide_1.8.0/plugins/com.st.stm32cube.ide.mcu.externaltools.gnu-tools-for-stm32.9-2020-q2-update.linux64_2.0.0.202105311346/tools/bin/../lib/gcc/arm-none-eabi/9.3.1/thumb/v7-m/nofp/crtbegin.o
 *(.init)
 .init          0x0000000008007690        0x4 /opt/st/stm32cubeide_1.8.0/plugins/com.st.stm32cube.ide.mcu.externaltools.gnu-tools-for-stm32.9-2020-q2-update.linux64_2.0.0.202105311346/tools/bin/../lib/gcc/arm-none-eabi/9.3.1/thumb/v7-m/nofp/crti.o
                0x0000000008007690                _init
 .init          0x0000000008007694        0x8 /opt/st/stm32cubeide_1.8.0/plugins/com.st.stm32cube.ide.mcu.externaltools.gnu-tools-for-stm32.9-2020-q2-update.linux64_2.0.0.202105311346/tools/bin/../lib/gcc/arm-none-eabi/9.3.1/thumb/v7-m/nofp/crtn.o
 *(.fini)
 .fini          0x000000000800769c        0x4 /opt/st/stm32cubeide_1.8.0/plugins/com.st.stm32cube.ide.mcu.externaltools.gnu-tools-for-stm32.9-2020-q2-update.linux64_2.0.0.202105311346/tools/bin/../lib/gcc/arm-none-eabi/9.3.1/thumb/v7-m/nofp/crti.o
                0x000000000800769c                _fini
 .fini          0x00000000080076a0        0x8 /opt/st/stm32cubeide_1.8.0/plugins/com.st.stm32cube.ide.mcu.externaltools.gnu-tools-for-stm32.9-2020-q2-update.linux64_2.0.0.202105311346/tools/bin/../lib/gcc/arm-none-eabi/9.3.1/thumb/v7-m/nofp/crtn.o
                0x00000000080076a8                . = ALIGN (0x4)
                0x00000000080076a8                _etext = .

.vfp11_veneer   0x00000000080076a8        0x0
 .vfp11_veneer  0x00000000080076a8        0x0 linker stubs

.v4_bx          0x00000000080076a8        0x0
 .v4_bx         0x00000000080076a8        0x0 linker stubs

.iplt           0x00000000080076a8        0x0
 .iplt          0x00000000080076a8        0x0 /opt/st/stm32cubeide_1.8.0/plugins/com.st.stm32cube.ide.mcu.externaltools.gnu-tools-for-stm32.9-2020-q2-update.linux64_2.0.0.202105311346/tools/bin/../lib/gcc/arm-none-eabi/9.3.1/thumb/v7-m/nofp/crtbegin.o

.rodata         0x00000000080076a8      0x514
                0x00000000080076a8                . = ALIGN (0x4)
 *(.rodata)
 *(.rodata*)
 .rodata.str1.1
                0x00000000080076a8       0x14 ./FreeRTOS/tasks.o
 .rodata.str1.1
                0x00000000080076bc       0x47 ./src/main.o
                                         0x4b (size before relaxing)
 *fill*         0x0000000008007703        0x1 
 .rodata._global_impure_ptr
                0x0000000008007704        0x4 /opt/st/stm32cubeide_1.8.0/plugins/com.st.stm32cube.ide.mcu.externaltools.gnu-tools-for-stm32.9-2020-q2-update.linux64_2.0.0.202105311346/tools/bin/../lib/gcc/arm-none-eabi/9.3.1/../../../../arm-none-eabi/lib/thumb/v7-m/nofp/libc_nano.a(lib_a-impure.o)
                0x0000000008007704                _global_impure_ptr
 .rodata._printf_float.str1.1
                0x0000000008007708       0x12 /opt/st/stm32cubeide_1.8.0/plugins/com.st.stm32cube.ide.mcu.externaltools.gnu-tools-for-stm32.9-2020-q2-update.linux64_2.0.0.202105311346/tools/bin/../lib/gcc/arm-none-eabi/9.3.1/../../../../arm-none-eabi/lib/thumb/v7-m/nofp/libc_nano.a(lib_a-nano-vfprintf_float.o)
 .rodata._printf_i.str1.1
                0x000000000800771a       0x22 /opt/st/stm32cubeide_1.8.0/plugins/com.st.stm32cube.ide.mcu.externaltools.gnu-tools-for-stm32.9-2020-q2-update.linux64_2.0.0.202105311346/tools/bin/../lib/gcc/arm-none-eabi/9.3.1/../../../../arm-none-eabi/lib/thumb/v7-m/nofp/libc_nano.a(lib_a-nano-vfprintf_i.o)
 .rodata._scanf_float.str1.1
                0x000000000800773c        0x5 /opt/st/stm32cubeide_1.8.0/plugins/com.st.stm32cube.ide.mcu.externaltools.gnu-tools-for-stm32.9-2020-q2-update.linux64_2.0.0.202105311346/tools/bin/../lib/gcc/arm-none-eabi/9.3.1/../../../../arm-none-eabi/lib/thumb/v7-m/nofp/libc_nano.a(lib_a-nano-vfscanf_float.o)
                                          0x6 (size before relaxing)
 .rodata._strtod_l.str1.1
                0x0000000008007741        0x5 /opt/st/stm32cubeide_1.8.0/plugins/com.st.stm32cube.ide.mcu.externaltools.gnu-tools-for-stm32.9-2020-q2-update.linux64_2.0.0.202105311346/tools/bin/../lib/gcc/arm-none-eabi/9.3.1/../../../../arm-none-eabi/lib/thumb/v7-m/nofp/libc_nano.a(lib_a-strtod.o)
                                          0xd (size before relaxing)
 *fill*         0x0000000008007741        0x3 
 .rodata.fpi.6220
                0x0000000008007744       0x14 /opt/st/stm32cubeide_1.8.0/plugins/com.st.stm32cube.ide.mcu.externaltools.gnu-tools-for-stm32.9-2020-q2-update.linux64_2.0.0.202105311346/tools/bin/../lib/gcc/arm-none-eabi/9.3.1/../../../../arm-none-eabi/lib/thumb/v7-m/nofp/libc_nano.a(lib_a-strtod.o)
 .rodata.fpinan.6256
                0x0000000008007758       0x14 /opt/st/stm32cubeide_1.8.0/plugins/com.st.stm32cube.ide.mcu.externaltools.gnu-tools-for-stm32.9-2020-q2-update.linux64_2.0.0.202105311346/tools/bin/../lib/gcc/arm-none-eabi/9.3.1/../../../../arm-none-eabi/lib/thumb/v7-m/nofp/libc_nano.a(lib_a-strtod.o)
 *fill*         0x000000000800776c        0x4 
 .rodata.tinytens
                0x0000000008007770       0x28 /opt/st/stm32cubeide_1.8.0/plugins/com.st.stm32cube.ide.mcu.externaltools.gnu-tools-for-stm32.9-2020-q2-update.linux64_2.0.0.202105311346/tools/bin/../lib/gcc/arm-none-eabi/9.3.1/../../../../arm-none-eabi/lib/thumb/v7-m/nofp/libc_nano.a(lib_a-strtod.o)
 .rodata._ctype_
                0x0000000008007798      0x101 /opt/st/stm32cubeide_1.8.0/plugins/com.st.stm32cube.ide.mcu.externaltools.gnu-tools-for-stm32.9-2020-q2-update.linux64_2.0.0.202105311346/tools/bin/../lib/gcc/arm-none-eabi/9.3.1/../../../../arm-none-eabi/lib/thumb/v7-m/nofp/libc_nano.a(lib_a-ctype_.o)
                0x0000000008007798                _ctype_
 .rodata._dtoa_r.str1.1
                0x0000000008007899       0x94 /opt/st/stm32cubeide_1.8.0/plugins/com.st.stm32cube.ide.mcu.externaltools.gnu-tools-for-stm32.9-2020-q2-update.linux64_2.0.0.202105311346/tools/bin/../lib/gcc/arm-none-eabi/9.3.1/../../../../arm-none-eabi/lib/thumb/v7-m/nofp/libc_nano.a(lib_a-dtoa.o)
                                         0x96 (size before relaxing)
 .rodata.__gethex.str1.1
                0x000000000800792d       0x67 /opt/st/stm32cubeide_1.8.0/plugins/com.st.stm32cube.ide.mcu.externaltools.gnu-tools-for-stm32.9-2020-q2-update.linux64_2.0.0.202105311346/tools/bin/../lib/gcc/arm-none-eabi/9.3.1/../../../../arm-none-eabi/lib/thumb/v7-m/nofp/libc_nano.a(lib_a-gdtoa-gethex.o)
                                         0x78 (size before relaxing)
 .rodata.str1.1
                0x0000000008007994        0x2 /opt/st/stm32cubeide_1.8.0/plugins/com.st.stm32cube.ide.mcu.externaltools.gnu-tools-for-stm32.9-2020-q2-update.linux64_2.0.0.202105311346/tools/bin/../lib/gcc/arm-none-eabi/9.3.1/../../../../arm-none-eabi/lib/thumb/v7-m/nofp/libc_nano.a(lib_a-lnumeric.o)
                                          0x3 (size before relaxing)
 *fill*         0x0000000008007996        0x2 
 .rodata._C_numeric_locale
                0x0000000008007998        0xc /opt/st/stm32cubeide_1.8.0/plugins/com.st.stm32cube.ide.mcu.externaltools.gnu-tools-for-stm32.9-2020-q2-update.linux64_2.0.0.202105311346/tools/bin/../lib/gcc/arm-none-eabi/9.3.1/../../../../arm-none-eabi/lib/thumb/v7-m/nofp/libc_nano.a(lib_a-lnumeric.o)
                0x0000000008007998                _C_numeric_locale
 .rodata._setlocale_r.str1.1
                0x00000000080079a4        0x8 /opt/st/stm32cubeide_1.8.0/plugins/com.st.stm32cube.ide.mcu.externaltools.gnu-tools-for-stm32.9-2020-q2-update.linux64_2.0.0.202105311346/tools/bin/../lib/gcc/arm-none-eabi/9.3.1/../../../../arm-none-eabi/lib/thumb/v7-m/nofp/libc_nano.a(lib_a-locale.o)
                                          0x9 (size before relaxing)
 .rodata.str1.1
                0x00000000080079ac        0x2 /opt/st/stm32cubeide_1.8.0/plugins/com.st.stm32cube.ide.mcu.externaltools.gnu-tools-for-stm32.9-2020-q2-update.linux64_2.0.0.202105311346/tools/bin/../lib/gcc/arm-none-eabi/9.3.1/../../../../arm-none-eabi/lib/thumb/v7-m/nofp/libc_nano.a(lib_a-locale.o)
 .rodata._Balloc.str1.1
                0x00000000080079ac       0x60 /opt/st/stm32cubeide_1.8.0/plugins/com.st.stm32cube.ide.mcu.externaltools.gnu-tools-for-stm32.9-2020-q2-update.linux64_2.0.0.202105311346/tools/bin/../lib/gcc/arm-none-eabi/9.3.1/../../../../arm-none-eabi/lib/thumb/v7-m/nofp/libc_nano.a(lib_a-mprec.o)
                                         0x77 (size before relaxing)
 .rodata.__multadd.str1.1
                0x0000000008007a0c       0x11 /opt/st/stm32cubeide_1.8.0/plugins/com.st.stm32cube.ide.mcu.externaltools.gnu-tools-for-stm32.9-2020-q2-update.linux64_2.0.0.202105311346/tools/bin/../lib/gcc/arm-none-eabi/9.3.1/../../../../arm-none-eabi/lib/thumb/v7-m/nofp/libc_nano.a(lib_a-mprec.o)
 *fill*         0x0000000008007a0c        0x4 
 .rodata.__mprec_bigtens
                0x0000000008007a10       0x28 /opt/st/stm32cubeide_1.8.0/plugins/com.st.stm32cube.ide.mcu.externaltools.gnu-tools-for-stm32.9-2020-q2-update.linux64_2.0.0.202105311346/tools/bin/../lib/gcc/arm-none-eabi/9.3.1/../../../../arm-none-eabi/lib/thumb/v7-m/nofp/libc_nano.a(lib_a-mprec.o)
                0x0000000008007a10                __mprec_bigtens
 .rodata.__mprec_tens
                0x0000000008007a38       0xc8 /opt/st/stm32cubeide_1.8.0/plugins/com.st.stm32cube.ide.mcu.externaltools.gnu-tools-for-stm32.9-2020-q2-update.linux64_2.0.0.202105311346/tools/bin/../lib/gcc/arm-none-eabi/9.3.1/../../../../arm-none-eabi/lib/thumb/v7-m/nofp/libc_nano.a(lib_a-mprec.o)
                0x0000000008007a38                __mprec_tens
 .rodata.p05.6150
                0x0000000008007b00        0xc /opt/st/stm32cubeide_1.8.0/plugins/com.st.stm32cube.ide.mcu.externaltools.gnu-tools-for-stm32.9-2020-q2-update.linux64_2.0.0.202105311346/tools/bin/../lib/gcc/arm-none-eabi/9.3.1/../../../../arm-none-eabi/lib/thumb/v7-m/nofp/libc_nano.a(lib_a-mprec.o)
 .rodata._svfprintf_r.str1.1
                0x0000000008007b0c       0x11 /opt/st/stm32cubeide_1.8.0/plugins/com.st.stm32cube.ide.mcu.externaltools.gnu-tools-for-stm32.9-2020-q2-update.linux64_2.0.0.202105311346/tools/bin/../lib/gcc/arm-none-eabi/9.3.1/../../../../arm-none-eabi/lib/thumb/v7-m/nofp/libc_nano.a(lib_a-nano-svfprintf.o)
 .rodata.__assert_func.str1.1
                0x0000000008007b1d       0x3c /opt/st/stm32cubeide_1.8.0/plugins/com.st.stm32cube.ide.mcu.externaltools.gnu-tools-for-stm32.9-2020-q2-update.linux64_2.0.0.202105311346/tools/bin/../lib/gcc/arm-none-eabi/9.3.1/../../../../arm-none-eabi/lib/thumb/v7-m/nofp/libc_nano.a(lib_a-assert.o)
                                         0x3d (size before relaxing)
 .rodata._vfprintf_r.str1.1
                0x0000000008007b59       0x11 /opt/st/stm32cubeide_1.8.0/plugins/com.st.stm32cube.ide.mcu.externaltools.gnu-tools-for-stm32.9-2020-q2-update.linux64_2.0.0.202105311346/tools/bin/../lib/gcc/arm-none-eabi/9.3.1/../../../../arm-none-eabi/lib/thumb/v7-m/nofp/libc_nano.a(lib_a-nano-vfprintf.o)
 *fill*         0x0000000008007b59        0x3 
 .rodata.__sf_fake_stderr
                0x0000000008007b5c       0x20 /opt/st/stm32cubeide_1.8.0/plugins/com.st.stm32cube.ide.mcu.externaltools.gnu-tools-for-stm32.9-2020-q2-update.linux64_2.0.0.202105311346/tools/bin/../lib/gcc/arm-none-eabi/9.3.1/../../../../arm-none-eabi/lib/thumb/v7-m/nofp/libc_nano.a(lib_a-findfp.o)
                0x0000000008007b5c                __sf_fake_stderr
 .rodata.__sf_fake_stdin
                0x0000000008007b7c       0x20 /opt/st/stm32cubeide_1.8.0/plugins/com.st.stm32cube.ide.mcu.externaltools.gnu-tools-for-stm32.9-2020-q2-update.linux64_2.0.0.202105311346/tools/bin/../lib/gcc/arm-none-eabi/9.3.1/../../../../arm-none-eabi/lib/thumb/v7-m/nofp/libc_nano.a(lib_a-findfp.o)
                0x0000000008007b7c                __sf_fake_stdin
 .rodata.__sf_fake_stdout
                0x0000000008007b9c       0x20 /opt/st/stm32cubeide_1.8.0/plugins/com.st.stm32cube.ide.mcu.externaltools.gnu-tools-for-stm32.9-2020-q2-update.linux64_2.0.0.202105311346/tools/bin/../lib/gcc/arm-none-eabi/9.3.1/../../../../arm-none-eabi/lib/thumb/v7-m/nofp/libc_nano.a(lib_a-findfp.o)
                0x0000000008007b9c                __sf_fake_stdout
                0x0000000008007bbc                . = ALIGN (0x4)

.rel.dyn        0x0000000008007bbc        0x0
 .rel.iplt      0x0000000008007bbc        0x0 /opt/st/stm32cubeide_1.8.0/plugins/com.st.stm32cube.ide.mcu.externaltools.gnu-tools-for-stm32.9-2020-q2-update.linux64_2.0.0.202105311346/tools/bin/../lib/gcc/arm-none-eabi/9.3.1/thumb/v7-m/nofp/crtbegin.o

.ARM.extab      0x0000000008007bbc        0x0
                0x0000000008007bbc                . = ALIGN (0x4)
 *(.ARM.extab* .gnu.linkonce.armextab.*)
                0x0000000008007bbc                . = ALIGN (0x4)

.ARM            0x0000000008007bbc        0x0
                0x0000000008007bbc                . = ALIGN (0x4)
                0x0000000008007bbc                __exidx_start = .
 *(.ARM.exidx*)
                0x0000000008007bbc                __exidx_end = .
                0x0000000008007bbc                . = ALIGN (0x4)

.preinit_array  0x0000000008007bbc        0x0
                0x0000000008007bbc                . = ALIGN (0x4)
                0x0000000008007bbc                PROVIDE (__preinit_array_start = .)
 *(.preinit_array*)
                0x0000000008007bbc                PROVIDE (__preinit_array_end = .)
                0x0000000008007bbc                . = ALIGN (0x4)

.init_array     0x0000000008007bbc        0x4
                0x0000000008007bbc                . = ALIGN (0x4)
                0x0000000008007bbc                PROVIDE (__init_array_start = .)
 *(SORT_BY_NAME(.init_array.*))
 *(.init_array*)
 .init_array    0x0000000008007bbc        0x4 /opt/st/stm32cubeide_1.8.0/plugins/com.st.stm32cube.ide.mcu.externaltools.gnu-tools-for-stm32.9-2020-q2-update.linux64_2.0.0.202105311346/tools/bin/../lib/gcc/arm-none-eabi/9.3.1/thumb/v7-m/nofp/crtbegin.o
                0x0000000008007bc0                PROVIDE (__init_array_end = .)
                0x0000000008007bc0                . = ALIGN (0x4)

.fini_array     0x0000000008007bc0        0x4
                0x0000000008007bc0                . = ALIGN (0x4)
                [!provide]                        PROVIDE (__fini_array_start = .)
 *(SORT_BY_NAME(.fini_array.*))
 *(.fini_array*)
 .fini_array    0x0000000008007bc0        0x4 /opt/st/stm32cubeide_1.8.0/plugins/com.st.stm32cube.ide.mcu.externaltools.gnu-tools-for-stm32.9-2020-q2-update.linux64_2.0.0.202105311346/tools/bin/../lib/gcc/arm-none-eabi/9.3.1/thumb/v7-m/nofp/crtbegin.o
                [!provide]                        PROVIDE (__fini_array_end = .)
                0x0000000008007bc4                . = ALIGN (0x4)
                0x0000000008007bc4                _sidata = LOADADDR (.data)

.data           0x0000000020000000      0x1f4 load address 0x0000000008007bc4
                0x0000000020000000                . = ALIGN (0x4)
                0x0000000020000000                _sdata = .
 *(.data)
 .data          0x0000000020000000        0x4 ./FreeRTOS/heap_2.o
 .data          0x0000000020000004        0x4 ./FreeRTOS/port.o
 .data          0x0000000020000008        0x4 ./FreeRTOS/tasks.o
                0x0000000020000008                uxTopUsedPriority
 .data          0x000000002000000c       0x14 ./StdPeriph_Driver/src/stm32f10x_rcc.o
 *(.data*)
 .data._impure_ptr
                0x0000000020000020        0x4 /opt/st/stm32cubeide_1.8.0/plugins/com.st.stm32cube.ide.mcu.externaltools.gnu-tools-for-stm32.9-2020-q2-update.linux64_2.0.0.202105311346/tools/bin/../lib/gcc/arm-none-eabi/9.3.1/../../../../arm-none-eabi/lib/thumb/v7-m/nofp/libc_nano.a(lib_a-impure.o)
                0x0000000020000020                _impure_ptr
 .data.impure_data
                0x0000000020000024       0x60 /opt/st/stm32cubeide_1.8.0/plugins/com.st.stm32cube.ide.mcu.externaltools.gnu-tools-for-stm32.9-2020-q2-update.linux64_2.0.0.202105311346/tools/bin/../lib/gcc/arm-none-eabi/9.3.1/../../../../arm-none-eabi/lib/thumb/v7-m/nofp/libc_nano.a(lib_a-impure.o)
 .data.numempty
                0x0000000020000084        0x2 /opt/st/stm32cubeide_1.8.0/plugins/com.st.stm32cube.ide.mcu.externaltools.gnu-tools-for-stm32.9-2020-q2-update.linux64_2.0.0.202105311346/tools/bin/../lib/gcc/arm-none-eabi/9.3.1/../../../../arm-none-eabi/lib/thumb/v7-m/nofp/libc_nano.a(lib_a-lnumeric.o)
 *fill*         0x0000000020000086        0x2 
 .data.__global_locale
                0x0000000020000088      0x16c /opt/st/stm32cubeide_1.8.0/plugins/com.st.stm32cube.ide.mcu.externaltools.gnu-tools-for-stm32.9-2020-q2-update.linux64_2.0.0.202105311346/tools/bin/../lib/gcc/arm-none-eabi/9.3.1/../../../../arm-none-eabi/lib/thumb/v7-m/nofp/libc_nano.a(lib_a-locale.o)
                0x0000000020000088                __global_locale
                0x00000000200001f4                . = ALIGN (0x4)
                0x00000000200001f4                _edata = .

.igot.plt       0x00000000200001f4        0x0 load address 0x0000000008007db8
 .igot.plt      0x00000000200001f4        0x0 /opt/st/stm32cubeide_1.8.0/plugins/com.st.stm32cube.ide.mcu.externaltools.gnu-tools-for-stm32.9-2020-q2-update.linux64_2.0.0.202105311346/tools/bin/../lib/gcc/arm-none-eabi/9.3.1/thumb/v7-m/nofp/crtbegin.o
                0x00000000200001f4                . = ALIGN (0x4)

.bss            0x00000000200001f8     0x3270 load address 0x0000000008007db8
                0x00000000200001f8                _sbss = .
                0x00000000200001f8                __bss_start__ = _sbss
 *(.bss)
 .bss           0x00000000200001f8       0x1c /opt/st/stm32cubeide_1.8.0/plugins/com.st.stm32cube.ide.mcu.externaltools.gnu-tools-for-stm32.9-2020-q2-update.linux64_2.0.0.202105311346/tools/bin/../lib/gcc/arm-none-eabi/9.3.1/thumb/v7-m/nofp/crtbegin.o
 .bss           0x0000000020000214     0x3014 ./FreeRTOS/heap_2.o
 .bss           0x0000000020003228      0x1cc ./FreeRTOS/tasks.o
                0x000000002000322c                pxCurrentTCB
 .bss           0x00000000200033f4        0x8 ./src/main.o
                0x00000000200033f4                IN1A
                0x00000000200033f6                IN2A
                0x00000000200033f8                IN1B
                0x00000000200033fa                IN2B
 .bss           0x00000000200033fc        0x4 ./src/stm32f10x_it.o
 .bss           0x0000000020003400        0x8 ./src/syscalls.o
                0x0000000020003404                __env
 *(.bss*)
 .bss.__malloc_free_list
                0x0000000020003408        0x4 /opt/st/stm32cubeide_1.8.0/plugins/com.st.stm32cube.ide.mcu.externaltools.gnu-tools-for-stm32.9-2020-q2-update.linux64_2.0.0.202105311346/tools/bin/../lib/gcc/arm-none-eabi/9.3.1/../../../../arm-none-eabi/lib/thumb/v7-m/nofp/libc_nano.a(lib_a-nano-mallocr.o)
                0x0000000020003408                __malloc_free_list
 .bss.__malloc_sbrk_start
                0x000000002000340c        0x4 /opt/st/stm32cubeide_1.8.0/plugins/com.st.stm32cube.ide.mcu.externaltools.gnu-tools-for-stm32.9-2020-q2-update.linux64_2.0.0.202105311346/tools/bin/../lib/gcc/arm-none-eabi/9.3.1/../../../../arm-none-eabi/lib/thumb/v7-m/nofp/libc_nano.a(lib_a-nano-mallocr.o)
                0x000000002000340c                __malloc_sbrk_start
 *(COMMON)
 COMMON         0x0000000020003410       0x48 ./src/main.o
                0x0000000020003410                HandleTask2
                0x0000000020003414                xQueueTicks
                0x0000000020003418                HandleTask3
                0x000000002000341c                HandleTask7
                0x0000000020003420                HandleTask9
                0x0000000020003428                ticks2m
                0x0000000020003430                HandleTask8
                0x0000000020003434                xQueuePWM
                0x0000000020003438                xQueueVelCommand
                0x000000002000343c                HandleTask10
                0x0000000020003440                xQueueUsart
                0x0000000020003444                HandleTask6
                0x0000000020003448                HandleTask5
                0x000000002000344c                HandleTask1
                0x0000000020003450                HandleTask4
                0x0000000020003454                xQueueMessageOut
 COMMON         0x0000000020003458        0x4 /opt/st/stm32cubeide_1.8.0/plugins/com.st.stm32cube.ide.mcu.externaltools.gnu-tools-for-stm32.9-2020-q2-update.linux64_2.0.0.202105311346/tools/bin/../lib/gcc/arm-none-eabi/9.3.1/../../../../arm-none-eabi/lib/thumb/v7-m/nofp/libc_nano.a(lib_a-reent.o)
                0x0000000020003458                errno
 COMMON         0x000000002000345c        0x9 /opt/st/stm32cubeide_1.8.0/plugins/com.st.stm32cube.ide.mcu.externaltools.gnu-tools-for-stm32.9-2020-q2-update.linux64_2.0.0.202105311346/tools/bin/../lib/gcc/arm-none-eabi/9.3.1/../../../../arm-none-eabi/lib/thumb/v7-m/nofp/libc_nano.a(lib_a-lock.o)
                0x000000002000345c                __lock___atexit_recursive_mutex
                0x000000002000345d                __lock___arc4random_mutex
                0x000000002000345e                __lock___env_recursive_mutex