Archive member included to satisfy reference by file (symbol)

/opt/st/stm32cubeide_1.8.0/plugins/com.st.stm32cube.ide.mcu.externaltools.gnu-tools-for-stm32.9-2020-q2-update.linux64_2.0.0.202105311346/tools/bin/../lib/gcc/arm-none-eabi/9.3.1/../../../../arm-none-eabi/lib/thumb/v7-m/nofp/libc_nano.a(lib_a-errno.o)
                              ./src/syscalls.o (__errno)
/opt/st/stm32cubeide_1.8.0/plugins/com.st.stm32cube.ide.mcu.externaltools.gnu-tools-for-stm32.9-2020-q2-update.linux64_2.0.0.202105311346/tools/bin/../lib/gcc/arm-none-eabi/9.3.1/../../../../arm-none-eabi/lib/thumb/v7-m/nofp/libc_nano.a(lib_a-exit.o)
                              /opt/st/stm32cubeide_1.8.0/plugins/com.st.stm32cube.ide.mcu.externaltools.gnu-tools-for-stm32.9-2020-q2-update.linux64_2.0.0.202105311346/tools/bin/../lib/gcc/arm-none-eabi/9.3.1/../../../../arm-none-eabi/lib/thumb/v7-m/nofp/crt0.o (exit)
/opt/st/stm32cubeide_1.8.0/plugins/com.st.stm32cube.ide.mcu.externaltools.gnu-tools-for-stm32.9-2020-q2-update.linux64_2.0.0.202105311346/tools/bin/../lib/gcc/arm-none-eabi/9.3.1/../../../../arm-none-eabi/lib/thumb/v7-m/nofp/libc_nano.a(lib_a-impure.o)
                              /opt/st/stm32cubeide_1.8.0/plugins/com.st.stm32cube.ide.mcu.externaltools.gnu-tools-for-stm32.9-2020-q2-update.linux64_2.0.0.202105311346/tools/bin/../lib/gcc/arm-none-eabi/9.3.1/../../../../arm-none-eabi/lib/thumb/v7-m/nofp/libc_nano.a(lib_a-exit.o) (_global_impure_ptr)
/opt/st/stm32cubeide_1.8.0/plugins/com.st.stm32cube.ide.mcu.externaltools.gnu-tools-for-stm32.9-2020-q2-update.linux64_2.0.0.202105311346/tools/bin/../lib/gcc/arm-none-eabi/9.3.1/../../../../arm-none-eabi/lib/thumb/v7-m/nofp/libc_nano.a(lib_a-init.o)
                              /opt/st/stm32cubeide_1.8.0/plugins/com.st.stm32cube.ide.mcu.externaltools.gnu-tools-for-stm32.9-2020-q2-update.linux64_2.0.0.202105311346/tools/bin/../lib/gcc/arm-none-eabi/9.3.1/../../../../arm-none-eabi/lib/thumb/v7-m/nofp/crt0.o (__libc_init_array)
/opt/st/stm32cubeide_1.8.0/plugins/com.st.stm32cube.ide.mcu.externaltools.gnu-tools-for-stm32.9-2020-q2-update.linux64_2.0.0.202105311346/tools/bin/../lib/gcc/arm-none-eabi/9.3.1/../../../../arm-none-eabi/lib/thumb/v7-m/nofp/libc_nano.a(lib_a-memcpy-stub.o)
                              ./FreeRTOS/queue.o (memcpy)
/opt/st/stm32cubeide_1.8.0/plugins/com.st.stm32cube.ide.mcu.externaltools.gnu-tools-for-stm32.9-2020-q2-update.linux64_2.0.0.202105311346/tools/bin/../lib/gcc/arm-none-eabi/9.3.1/../../../../arm-none-eabi/lib/thumb/v7-m/nofp/libc_nano.a(lib_a-memset.o)
                              /opt/st/stm32cubeide_1.8.0/plugins/com.st.stm32cube.ide.mcu.externaltools.gnu-tools-for-stm32.9-2020-q2-update.linux64_2.0.0.202105311346/tools/bin/../lib/gcc/arm-none-eabi/9.3.1/../../../../arm-none-eabi/lib/thumb/v7-m/nofp/crt0.o (memset)
/opt/st/stm32cubeide_1.8.0/plugins/com.st.stm32cube.ide.mcu.externaltools.gnu-tools-for-stm32.9-2020-q2-update.linux64_2.0.0.202105311346/tools/bin/../lib/gcc/arm-none-eabi/9.3.1/../../../../arm-none-eabi/lib/thumb/v7-m/nofp/libc_nano.a(lib_a-nano-vfprintf_float.o)
                              (_printf_float)
/opt/st/stm32cubeide_1.8.0/plugins/com.st.stm32cube.ide.mcu.externaltools.gnu-tools-for-stm32.9-2020-q2-update.linux64_2.0.0.202105311346/tools/bin/../lib/gcc/arm-none-eabi/9.3.1/../../../../arm-none-eabi/lib/thumb/v7-m/nofp/libc_nano.a(lib_a-nano-vfprintf_i.o)
                              /opt/st/stm32cubeide_1.8.0/plugins/com.st.stm32cube.ide.mcu.externaltools.gnu-tools-for-stm32.9-2020-q2-update.linux64_2.0.0.202105311346/tools/bin/../lib/gcc/arm-none-eabi/9.3.1/../../../../arm-none-eabi/lib/thumb/v7-m/nofp/libc_nano.a(lib_a-nano-vfprintf_float.o) (_printf_common)
/opt/st/stm32cubeide_1.8.0/plugins/com.st.stm32cube.ide.mcu.externaltools.gnu-tools-for-stm32.9-2020-q2-update.linux64_2.0.0.202105311346/tools/bin/../lib/gcc/arm-none-eabi/9.3.1/../../../../arm-none-eabi/lib/thumb/v7-m/nofp/libc_nano.a(lib_a-nano-vfscanf_float.o)
                              (_scanf_float)
/opt/st/stm32cubeide_1.8.0/plugins/com.st.stm32cube.ide.mcu.externaltools.gnu-tools-for-stm32.9-2020-q2-update.linux64_2.0.0.202105311346/tools/bin/../lib/gcc/arm-none-eabi/9.3.1/../../../../arm-none-eabi/lib/thumb/v7-m/nofp/libc_nano.a(lib_a-sf_nan.o)
                              /opt/st/stm32cubeide_1.8.0/plugins/com.st.stm32cube.ide.mcu.externaltools.gnu-tools-for-stm32.9-2020-q2-update.linux64_2.0.0.202105311346/tools/bin/../lib/gcc/arm-none-eabi/9.3.1/../../../../arm-none-eabi/lib/thumb/v7-m/nofp/libc_nano.a(lib_a-nano-vfscanf_float.o) (nanf)
/opt/st/stm32cubeide_1.8.0/plugins/com.st.stm32cube.ide.mcu.externaltools.gnu-tools-for-stm32.9-2020-q2-update.linux64_2.0.0.202105311346/tools/bin/../lib/gcc/arm-none-eabi/9.3.1/../../../../arm-none-eabi/lib/thumb/v7-m/nofp/libc_nano.a(lib_a-sprintf.o)
                              ./FreeRTOS/tasks.o (sprintf)
[...]
Memory Configuration

Name             Origin             Length             Attributes
RAM              0x0000000020000000 0x0000000000005000 xrw
ROM              0x0000000008000000 0x0000000000020000 xr
*default*        0x0000000000000000 0xffffffffffffffff

Linker script and memory map

LOAD /opt/st/stm32cubeide_1.8.0/plugins/com.st.stm32cube.ide.mcu.externaltools.gnu-tools-for-stm32.9-2020-q2-update.linux64_2.0.0.202105311346/tools/bin/../lib/gcc/arm-none-eabi/9.3.1/thumb/v7-m/nofp/crti.o
LOAD /opt/st/stm32cubeide_1.8.0/plugins/com.st.stm32cube.ide.mcu.externaltools.gnu-tools-for-stm32.9-2020-q2-update.linux64_2.0.0.202105311346/tools/bin/../lib/gcc/arm-none-eabi/9.3.1/thumb/v7-m/nofp/crtbegin.o
LOAD /opt/st/stm32cubeide_1.8.0/plugins/com.st.stm32cube.ide.mcu.externaltools.gnu-tools-for-stm32.9-2020-q2-update.linux64_2.0.0.202105311346/tools/bin/../lib/gcc/arm-none-eabi/9.3.1/../../../../arm-none-eabi/lib/thumb/v7-m/nofp/crt0.o
LOAD ./CMSIS/core/core_cm3.o
LOAD ./FreeRTOS/croutine.o
LOAD ./FreeRTOS/event_groups.o
LOAD ./FreeRTOS/heap_2.o
LOAD ./FreeRTOS/list.o
LOAD ./FreeRTOS/port.o
LOAD ./FreeRTOS/queue.o
LOAD ./FreeRTOS/stream_buffer.o
LOAD ./FreeRTOS/tasks.o
LOAD ./FreeRTOS/timers.o
LOAD ./StdPeriph_Driver/src/misc.o
LOAD ./StdPeriph_Driver/src/stm32f10x_adc.o
LOAD ./StdPeriph_Driver/src/stm32f10x_bkp.o
LOAD ./StdPeriph_Driver/src/stm32f10x_can.o
LOAD ./StdPeriph_Driver/src/stm32f10x_cec.o
LOAD ./StdPeriph_Driver/src/stm32f10x_crc.o
LOAD ./StdPeriph_Driver/src/stm32f10x_dac.o
LOAD ./StdPeriph_Driver/src/stm32f10x_dbgmcu.o
LOAD ./StdPeriph_Driver/src/stm32f10x_dma.o
LOAD ./StdPeriph_Driver/src/stm32f10x_exti.o
LOAD ./StdPeriph_Driver/src/stm32f10x_flash.o
LOAD ./StdPeriph_Driver/src/stm32f10x_fsmc.o
LOAD ./StdPeriph_Driver/src/stm32f10x_gpio.o
LOAD ./StdPeriph_Driver/src/stm32f10x_i2c.o
LOAD ./StdPeriph_Driver/src/stm32f10x_iwdg.o
LOAD ./StdPeriph_Driver/src/stm32f10x_pwr.o
LOAD ./StdPeriph_Driver/src/stm32f10x_rcc.o
LOAD ./StdPeriph_Driver/src/stm32f10x_rtc.o
LOAD ./StdPeriph_Driver/src/stm32f10x_sdio.o
LOAD ./StdPeriph_Driver/src/stm32f10x_spi.o
LOAD ./StdPeriph_Driver/src/stm32f10x_tim.o
LOAD ./StdPeriph_Driver/src/stm32f10x_usart.o
LOAD ./StdPeriph_Driver/src/stm32f10x_wwdg.o
LOAD ./src/fun_for_USART.o
LOAD ./src/init_config.o
LOAD ./src/init_odom_var.o
LOAD ./src/main.o
LOAD ./src/stm32f10x_it.o
LOAD ./src/syscalls.o
LOAD ./startup/startup_stm32.o
START GROUP
LOAD /opt/st/stm32cubeide_1.8.0/plugins/com.st.stm32cube.ide.mcu.externaltools.gnu-tools-for-stm32.9-2020-q2-update.linux64_2.0.0.202105311346/tools/bin/../lib/gcc/arm-none-eabi/9.3.1/../../../../arm-none-eabi/lib/thumb/v7-m/nofp/libc_nano.a
LOAD /opt/st/stm32cubeide_1.8.0/plugins/com.st.stm32cube.ide.mcu.externaltools.gnu-tools-for-stm32.9-2020-q2-update.linux64_2.0.0.202105311346/tools/bin/../lib/gcc/arm-none-eabi/9.3.1/../../../../arm-none-eabi/lib/thumb/v7-m/nofp/libm.a
END GROUP
START GROUP
LOAD /opt/st/stm32cubeide_1.8.0/plugins/com.st.stm32cube.ide.mcu.externaltools.gnu-tools-for-stm32.9-2020-q2-update.linux64_2.0.0.202105311346/tools/bin/../lib/gcc/arm-none-eabi/9.3.1/thumb/v7-m/nofp/libgcc.a
LOAD /opt/st/stm32cubeide_1.8.0/plugins/com.st.stm32cube.ide.mcu.externaltools.gnu-tools-for-stm32.9-2020-q2-update.linux64_2.0.0.202105311346/tools/bin/../lib/gcc/arm-none-eabi/9.3.1/../../../../arm-none-eabi/lib/thumb/v7-m/nofp/libc_nano.a
END GROUP
START GROUP
LOAD /opt/st/stm32cubeide_1.8.0/plugins/com.st.stm32cube.ide.mcu.externaltools.gnu-tools-for-stm32.9-2020-q2-update.linux64_2.0.0.202105311346/tools/bin/../lib/gcc/arm-none-eabi/9.3.1/thumb/v7-m/nofp/libgcc.a
LOAD /opt/st/stm32cubeide_1.8.0/plugins/com.st.stm32cube.ide.mcu.externaltools.gnu-tools-for-stm32.9-2020-q2-update.linux64_2.0.0.202105311346/tools/bin/../lib/gcc/arm-none-eabi/9.3.1/../../../../arm-none-eabi/lib/thumb/v7-m/nofp/libc_nano.a
LOAD /opt/st/stm32cubeide_1.8.0/plugins/com.st.stm32cube.ide.mcu.externaltools.gnu-tools-for-stm32.9-2020-q2-update.linux64_2.0.0.202105311346/tools/bin/../lib/gcc/arm-none-eabi/9.3.1/../../../../arm-none-eabi/lib/thumb/v7-m/nofp/libnosys.a
END GROUP
START GROUP
LOAD /opt/st/stm32cubeide_1.8.0/plugins/com.st.stm32cube.ide.mcu.externaltools.gnu-tools-for-stm32.9-2020-q2-update.linux64_2.0.0.202105311346/tools/bin/../lib/gcc/arm-none-eabi/9.3.1/thumb/v7-m/nofp/libgcc.a
LOAD /opt/st/stm32cubeide_1.8.0/plugins/com.st.stm32cube.ide.mcu.externaltools.gnu-tools-for-stm32.9-2020-q2-update.linux64_2.0.0.202105311346/tools/bin/../lib/gcc/arm-none-eabi/9.3.1/../../../../arm-none-eabi/lib/thumb/v7-m/nofp/libc_nano.a
LOAD /opt/st/stm32cubeide_1.8.0/plugins/com.st.stm32cube.ide.mcu.externaltools.gnu-tools-for-stm32.9-2020-q2-update.linux64_2.0.0.202105311346/tools/bin/../lib/gcc/arm-none-eabi/9.3.1/../../../../arm-none-eabi/lib/thumb/v7-m/nofp/libnosys.a
END GROUP
LOAD /opt/st/stm32cubeide_1.8.0/plugins/com.st.stm32cube.ide.mcu.externaltools.gnu-tools-for-stm32.9-2020-q2-update.linux64_2.0.0.202105311346/tools/bin/../lib/gcc/arm-none-eabi/9.3.1/thumb/v7-m/nofp/crtend.o
LOAD /opt/st/stm32cubeide_1.8.0/plugins/com.st.stm32cube.ide.mcu.externaltools.gnu-tools-for-stm32.9-2020-q2-update.linux64_2.0.0.202105311346/tools/bin/../lib/gcc/arm-none-eabi/9.3.1/thumb/v7-m/nofp/crtn.o
                0x0000000020005000                _estack = 0x20005000
                0x0000000000000000                _Min_Heap_Size = 0x0
                0x0000000000000400                _Min_Stack_Size = 0x400

.isr_vector     0x0000000008000000      0x10c
                0x0000000008000000                . = ALIGN (0x4)
 *(.isr_vector)
 .isr_vector    0x0000000008000000      0x10c ./startup/startup_stm32.o
                0x0000000008000000                g_pfnVectors
                0x000000000800010c                . = ALIGN (0x4)

.text           0x0000000008000110     0x8128
                0x0000000008000110                . = ALIGN (0x4)
 *(.text)
 .text          0x0000000008000110       0x40 /opt/st/stm32cubeide_1.8.0/plugins/com.st.stm32cube.ide.mcu.externaltools.gnu-tools-for-stm32.9-2020-q2-update.linux64_2.0.0.202105311346/tools/bin/../lib/gcc/arm-none-eabi/9.3.1/thumb/v7-m/nofp/crtbegin.o
 .text          0x0000000008000150       0x10 /opt/st/stm32cubeide_1.8.0/plugins/com.st.stm32cube.ide.mcu.externaltools.gnu-tools-for-stm32.9-2020-q2-update.linux64_2.0.0.202105311346/tools/bin/../lib/gcc/arm-none-eabi/9.3.1/../../../../arm-none-eabi/lib/thumb/v7-m/nofp/libc_nano.a(lib_a-strlen.o)
                0x0000000008000150                strlen
 .text          0x0000000008000160      0x168 /opt/st/stm32cubeide_1.8.0/plugins/com.st.stm32cube.ide.mcu.externaltools.gnu-tools-for-stm32.9-2020-q2-update.linux64_2.0.0.202105311346/tools/bin/../lib/gcc/arm-none-eabi/9.3.1/thumb/v7-m/nofp/libgcc.a(_arm_mulsf3.o)
                0x0000000008000160                __mulsf3
                0x0000000008000160                __aeabi_fmul
 .text          0x00000000080002c8      0x378 /opt/st/stm32cubeide_1.8.0/plugins/com.st.stm32cube.ide.mcu.externaltools.gnu-tools-for-stm32.9-2020-q2-update.linux64_2.0.0.202105311346/tools/bin/../lib/gcc/arm-none-eabi/9.3.1/thumb/v7-m/nofp/libgcc.a(_arm_addsubdf3.o)
                0x00000000080002c8                __aeabi_drsub
                0x00000000080002d0                __aeabi_dsub
                0x00000000080002d0                __subdf3
                0x00000000080002d4                __adddf3
                0x00000000080002d4                __aeabi_dadd
                0x000000000800054c                __aeabi_ui2d
                0x000000000800054c                __floatunsidf
                0x000000000800056c                __floatsidf
                0x000000000800056c                __aeabi_i2d
                0x0000000008000590                __extendsfdf2
                0x0000000008000590                __aeabi_f2d
                0x00000000080005d4                __aeabi_ul2d
                0x00000000080005d4                __floatundidf
                0x00000000080005e4                __floatdidf
                0x00000000080005e4                __aeabi_l2d
 .text          0x0000000008000640      0x424 /opt/st/stm32cubeide_1.8.0/plugins/com.st.stm32cube.ide.mcu.externaltools.gnu-tools-for-stm32.9-2020-q2-update.linux64_2.0.0.202105311346/tools/bin/../lib/gcc/arm-none-eabi/9.3.1/thumb/v7-m/nofp/libgcc.a(_arm_muldivdf3.o)
                0x0000000008000640                __aeabi_dmul
                0x0000000008000640                __muldf3
                0x0000000008000894                __aeabi_ddiv
                0x0000000008000894                __divdf3
 .text          0x0000000008000a64      0x110 /opt/st/stm32cubeide_1.8.0/plugins/com.st.stm32cube.ide.mcu.externaltools.gnu-tools-for-stm32.9-2020-q2-update.linux64_2.0.0.202105311346/tools/bin/../lib/gcc/arm-none-eabi/9.3.1/thumb/v7-m/nofp/libgcc.a(_arm_cmpdf2.o)
                0x0000000008000a64                __gtdf2
                0x0000000008000a64                __gedf2
                0x0000000008000a6c                __ltdf2
                0x0000000008000a6c                __ledf2
                0x0000000008000a74                __cmpdf2
                0x0000000008000a74                __eqdf2
                0x0000000008000a74                __nedf2
                0x0000000008000af0                __aeabi_cdrcmple
                0x0000000008000b00                __aeabi_cdcmple
                0x0000000008000b00                __aeabi_cdcmpeq
                0x0000000008000b10                __aeabi_dcmpeq
                0x0000000008000b24                __aeabi_dcmplt
                0x0000000008000b38                __aeabi_dcmple
                0x0000000008000b4c                __aeabi_dcmpge
                0x0000000008000b60                __aeabi_dcmpgt
 .text          0x0000000008000b74       0x2c /opt/st/stm32cubeide_1.8.0/plugins/com.st.stm32cube.ide.mcu.externaltools.gnu-tools-for-stm32.9-2020-q2-update.linux64_2.0.0.202105311346/tools/bin/../lib/gcc/arm-none-eabi/9.3.1/thumb/v7-m/nofp/libgcc.a(_arm_unorddf2.o)
                0x0000000008000b74                __aeabi_dcmpun
                0x0000000008000b74                __unorddf2
 .text          0x0000000008000ba0       0x50 /opt/st/stm32cubeide_1.8.0/plugins/com.st.stm32cube.ide.mcu.externaltools.gnu-tools-for-stm32.9-2020-q2-update.linux64_2.0.0.202105311346/tools/bin/../lib/gcc/arm-none-eabi/9.3.1/thumb/v7-m/nofp/libgcc.a(_arm_fixdfsi.o)
                0x0000000008000ba0                __fixdfsi
                0x0000000008000ba0                __aeabi_d2iz
 .text          0x0000000008000bf0       0x40 /opt/st/stm32cubeide_1.8.0/plugins/com.st.stm32cube.ide.mcu.externaltools.gnu-tools-for-stm32.9-2020-q2-update.linux64_2.0.0.202105311346/tools/bin/../lib/gcc/arm-none-eabi/9.3.1/thumb/v7-m/nofp/libgcc.a(_arm_fixunsdfsi.o)
                0x0000000008000bf0                __fixunsdfsi
                0x0000000008000bf0                __aeabi_d2uiz
 .text          0x0000000008000c30       0xa0 /opt/st/stm32cubeide_1.8.0/plugins/com.st.stm32cube.ide.mcu.externaltools.gnu-tools-for-stm32.9-2020-q2-update.linux64_2.0.0.202105311346/tools/bin/../lib/gcc/arm-none-eabi/9.3.1/thumb/v7-m/nofp/libgcc.a(_arm_truncdfsf2.o)
                0x0000000008000c30                __aeabi_d2f
                0x0000000008000c30                __truncdfsf2
 .text          0x0000000008000cd0      0x21c /opt/st/stm32cubeide_1.8.0/plugins/com.st.stm32cube.ide.mcu.externaltools.gnu-tools-for-stm32.9-2020-q2-update.linux64_2.0.0.202105311346/tools/bin/../lib/gcc/arm-none-eabi/9.3.1/thumb/v7-m/nofp/libgcc.a(_arm_addsubsf3.o)
                0x0000000008000cd0                __aeabi_frsub
                0x0000000008000cd8                __subsf3
                0x0000000008000cd8                __aeabi_fsub
                0x0000000008000cdc                __aeabi_fadd
                0x0000000008000cdc                __addsf3
                0x0000000008000e3c                __aeabi_ui2f
                0x0000000008000e3c                __floatunsisf
                0x0000000008000e44                __aeabi_i2f
                0x0000000008000e44                __floatsisf
                0x0000000008000e60                __floatundisf
                0x0000000008000e60                __aeabi_ul2f
                0x0000000008000e70                __floatdisf
                0x0000000008000e70                __aeabi_l2f
 .text          0x0000000008000eec       0xec /opt/st/stm32cubeide_1.8.0/plugins/com.st.stm32cube.ide.mcu.externaltools.gnu-tools-for-stm32.9-2020-q2-update.linux64_2.0.0.202105311346/tools/bin/../lib/gcc/arm-none-eabi/9.3.1/thumb/v7-m/nofp/libgcc.a(_arm_cmpsf2.o)
                0x0000000008000eec                __gtsf2
                0x0000000008000eec                __gesf2
                0x0000000008000ef4                __lesf2
                0x0000000008000ef4                __ltsf2
                0x0000000008000efc                __nesf2
                0x0000000008000efc                __eqsf2
                0x0000000008000efc                __cmpsf2
                0x0000000008000f5c                __aeabi_cfrcmple
                0x0000000008000f64                __aeabi_cfcmple
                0x0000000008000f64                __aeabi_cfcmpeq
                0x0000000008000f74                __aeabi_fcmpeq
                0x0000000008000f88                __aeabi_fcmplt
                0x0000000008000f9c                __aeabi_fcmple
                0x0000000008000fb0                __aeabi_fcmpge
                0x0000000008000fc4                __aeabi_fcmpgt
 .text          0x0000000008000fd8       0x4c /opt/st/stm32cubeide_1.8.0/plugins/com.st.stm32cube.ide.mcu.externaltools.gnu-tools-for-stm32.9-2020-q2-update.linux64_2.0.0.202105311346/tools/bin/../lib/gcc/arm-none-eabi/9.3.1/thumb/v7-m/nofp/libgcc.a(_arm_fixsfsi.o)
                0x0000000008000fd8                __fixsfsi
                0x0000000008000fd8                __aeabi_f2iz
 .text          0x0000000008001024       0x40 /opt/st/stm32cubeide_1.8.0/plugins/com.st.stm32cube.ide.mcu.externaltools.gnu-tools-for-stm32.9-2020-q2-update.linux64_2.0.0.202105311346/tools/bin/../lib/gcc/arm-none-eabi/9.3.1/thumb/v7-m/nofp/libgcc.a(_arm_fixunssfsi.o)
                0x0000000008001024                __aeabi_f2uiz
                0x0000000008001024                __fixunssfsi
 .text          0x0000000008001064       0x34 /opt/st/stm32cubeide_1.8.0/plugins/com.st.stm32cube.ide.mcu.externaltools.gnu-tools-for-stm32.9-2020-q2-update.linux64_2.0.0.202105311346/tools/bin/../lib/gcc/arm-none-eabi/9.3.1/thumb/v7-m/nofp/libgcc.a(_fixdfdi.o)
                0x0000000008001064                __aeabi_d2lz
                0x0000000008001064                __fixdfdi
 .text          0x0000000008001098       0x3c /opt/st/stm32cubeide_1.8.0/plugins/com.st.stm32cube.ide.mcu.externaltools.gnu-tools-for-stm32.9-2020-q2-update.linux64_2.0.0.202105311346/tools/bin/../lib/gcc/arm-none-eabi/9.3.1/thumb/v7-m/nofp/libgcc.a(_fixunsdfdi.o)
                0x0000000008001098                __aeabi_d2ulz
                0x0000000008001098                __fixunsdfdi
 *(.text*)
 .text.pvPortMalloc
                0x00000000080010d4       0xac ./FreeRTOS/heap_2.o
                0x00000000080010d4                pvPortMalloc
 .text.vPortFree
                0x0000000008001180       0x40 ./FreeRTOS/heap_2.o
                0x0000000008001180                vPortFree
 .text.vListInitialise
                0x00000000080011c0       0x16 ./FreeRTOS/list.o
                0x00000000080011c0                vListInitialise
 .text.vListInitialiseItem
                0x00000000080011d6        0x6 ./FreeRTOS/list.o
                0x00000000080011d6                vListInitialiseItem
 .text.vListInsert
                0x00000000080011dc       0x2e ./FreeRTOS/list.o
                0x00000000080011dc                vListInsert
 .text.uxListRemove
                0x000000000800120a       0x20 ./FreeRTOS/list.o
                0x000000000800120a                uxListRemove
 .text.prvTaskExitError
                0x000000000800122a       0x20 ./FreeRTOS/port.o
 *fill*         0x000000000800124a        0x2 
 .text.prvPortStartFirstTask
                0x000000000800124c       0x20 ./FreeRTOS/port.o
 .text.pxPortInitialiseStack
                0x000000000800126c       0x24 ./FreeRTOS/port.o
                0x000000000800126c                pxPortInitialiseStack
 .text.SVC_Handler
                0x0000000008001290       0x24 ./FreeRTOS/port.o
                0x0000000008001290                SVC_Handler
 .text.vPortEnterCritical
                0x00000000080012b4       0x20 ./FreeRTOS/port.o
                0x00000000080012b4                vPortEnterCritical
 .text.vPortExitCritical
                0x00000000080012d4       0x14 ./FreeRTOS/port.o
                0x00000000080012d4                vPortExitCritical
 *fill*         0x00000000080012e8        0x8 
 .text.PendSV_Handler
                0x00000000080012f0       0x44 ./FreeRTOS/port.o
                0x00000000080012f0                PendSV_Handler
 .text.SysTick_Handler
                0x0000000008001334       0x2c ./FreeRTOS/port.o
                0x0000000008001334                SysTick_Handler
 .text.vPortSetupTimerInterrupt
                0x0000000008001360       0x28 ./FreeRTOS/port.o
                0x0000000008001360                vPortSetupTimerInterrupt
 .text.xPortStartScheduler
                0x0000000008001388       0x38 ./FreeRTOS/port.o
                0x0000000008001388                xPortStartScheduler
 .text.prvIsQueueEmpty
                0x00000000080013c0       0x16 ./FreeRTOS/queue.o
 .text.prvCopyDataToQueue
                0x00000000080013d6       0x6a ./FreeRTOS/queue.o
 .text.prvCopyDataFromQueue
                0x0000000008001440       0x28 ./FreeRTOS/queue.o
 .text.prvUnlockQueue
                0x0000000008001468       0x70 ./FreeRTOS/queue.o
 .text.xQueueGenericReset
                0x00000000080014d8       0x7c ./FreeRTOS/queue.o
                0x00000000080014d8                xQueueGenericReset
 .text.xQueueGenericCreate
                0x0000000008001554       0x4a ./FreeRTOS/queue.o
                0x0000000008001554                xQueueGenericCreate
 *fill*         0x000000000800159e        0x2 
 .text.xQueueGenericSend
                0x00000000080015a0      0x104 ./FreeRTOS/queue.o
                0x00000000080015a0                xQueueGenericSend
 .text.xQueueGenericSendFromISR
                0x00000000080016a4       0x6a ./FreeRTOS/queue.o
                0x00000000080016a4                xQueueGenericSendFromISR
 *fill*         0x000000000800170e        0x2 
 .text.xQueueReceive
                0x0000000008001710       0xf0 ./FreeRTOS/queue.o
                0x0000000008001710                xQueueReceive
 .text.xQueueSemaphoreTake
                0x0000000008001800      0x128 ./FreeRTOS/queue.o
                0x0000000008001800                xQueueSemaphoreTake
 .text.xQueuePeek
                0x0000000008001928       0xf0 ./FreeRTOS/queue.o
                0x0000000008001928                xQueuePeek
 .text.prvAddCurrentTaskToDelayedList
                0x0000000008001a18       0x84 ./FreeRTOS/tasks.o
 .text.prvResetNextTaskUnblockTime
                0x0000000008001a9c       0x1c ./FreeRTOS/tasks.o
 .text.prvIdleTask
                0x0000000008001ab8       0x54 ./FreeRTOS/tasks.o
 .text.xTaskCreate
                0x0000000008001b0c      0x194 ./FreeRTOS/tasks.o
                0x0000000008001b0c                xTaskCreate
 .text.vTaskStartScheduler
                0x0000000008001ca0       0x58 ./FreeRTOS/tasks.o
                0x0000000008001ca0                vTaskStartScheduler
 .text.vTaskSuspendAll
                0x0000000008001cf8       0x14 ./FreeRTOS/tasks.o
                0x0000000008001cf8                vTaskSuspendAll
 .text.xTaskIncrementTick
                0x0000000008001d0c      0x124 ./FreeRTOS/tasks.o
                0x0000000008001d0c                xTaskIncrementTick
 .text.xTaskResumeAll
                0x0000000008001e30      0x108 ./FreeRTOS/tasks.o
                0x0000000008001e30                xTaskResumeAll
 .text.vTaskDelay
                0x0000000008001f38       0x30 ./FreeRTOS/tasks.o
                0x0000000008001f38                vTaskDelay
 .text.vTaskSwitchContext
                0x0000000008001f68       0x50 ./FreeRTOS/tasks.o
                0x0000000008001f68                vTaskSwitchContext
 .text.vTaskPlaceOnEventList
                0x0000000008001fb8       0x20 ./FreeRTOS/tasks.o
                0x0000000008001fb8                vTaskPlaceOnEventList
 .text.xTaskRemoveFromEventList
                0x0000000008001fd8       0xb4 ./FreeRTOS/tasks.o
                0x0000000008001fd8                xTaskRemoveFromEventList
 .text.vTaskInternalSetTimeOutState
                0x000000000800208c       0x14 ./FreeRTOS/tasks.o
                0x000000000800208c                vTaskInternalSetTimeOutState
 .text.xTaskCheckForTimeOut
                0x00000000080020a0       0x4c ./FreeRTOS/tasks.o
                0x00000000080020a0                xTaskCheckForTimeOut
 .text.vTaskMissedYield
                0x00000000080020ec       0x10 ./FreeRTOS/tasks.o
                0x00000000080020ec                vTaskMissedYield
 .text.xTaskPriorityInherit
                0x00000000080020fc       0xa0 ./FreeRTOS/tasks.o
                0x00000000080020fc                xTaskPriorityInherit
 .text.xTaskPriorityDisinherit
                0x000000000800219c       0x78 ./FreeRTOS/tasks.o
                0x000000000800219c                xTaskPriorityDisinherit
 .text.vTaskPriorityDisinheritAfterTimeout
                0x0000000008002214       0x84 ./FreeRTOS/tasks.o
                0x0000000008002214                vTaskPriorityDisinheritAfterTimeout
 .text.pvTaskIncrementMutexHeldCount
                0x0000000008002298       0x18 ./FreeRTOS/tasks.o
                0x0000000008002298                pvTaskIncrementMutexHeldCount
 .text.NVIC_PriorityGroupConfig
                0x00000000080022b0       0x14 ./StdPeriph_Driver/src/misc.o
                0x00000000080022b0                NVIC_PriorityGroupConfig
 .text.NVIC_Init
                0x00000000080022c4       0x58 ./StdPeriph_Driver/src/misc.o
                0x00000000080022c4                NVIC_Init
 .text.FLASH_SetLatency
                0x000000000800231c       0x14 ./StdPeriph_Driver/src/stm32f10x_flash.o
                0x000000000800231c                FLASH_SetLatency
 .text.FLASH_PrefetchBufferCmd
                0x0000000008002330       0x18 ./StdPeriph_Driver/src/stm32f10x_flash.o
                0x0000000008002330                FLASH_PrefetchBufferCmd
 .text.GPIO_Init
                0x0000000008002348       0xa0 ./StdPeriph_Driver/src/stm32f10x_gpio.o
                0x0000000008002348                GPIO_Init
 .text.RCC_DeInit
                0x00000000080023e8       0x40 ./StdPeriph_Driver/src/stm32f10x_rcc.o
                0x00000000080023e8                RCC_DeInit
 .text.RCC_HSEConfig
                0x0000000008002428       0x38 ./StdPeriph_Driver/src/stm32f10x_rcc.o
                0x0000000008002428                RCC_HSEConfig
 .text.RCC_PLLConfig
                0x0000000008002460       0x14 ./StdPeriph_Driver/src/stm32f10x_rcc.o
                0x0000000008002460                RCC_PLLConfig
 .text.RCC_PLLCmd
                0x0000000008002474        0xc ./StdPeriph_Driver/src/stm32f10x_rcc.o
                0x0000000008002474                RCC_PLLCmd
 .text.RCC_SYSCLKConfig
                0x0000000008002480       0x14 ./StdPeriph_Driver/src/stm32f10x_rcc.o
                0x0000000008002480                RCC_SYSCLKConfig
 .text.RCC_GetSYSCLKSource
                0x0000000008002494       0x10 ./StdPeriph_Driver/src/stm32f10x_rcc.o
                0x0000000008002494                RCC_GetSYSCLKSource
 .text.RCC_HCLKConfig
                0x00000000080024a4       0x14 ./StdPeriph_Driver/src/stm32f10x_rcc.o
                0x00000000080024a4                RCC_HCLKConfig
 .text.RCC_PCLK1Config
                0x00000000080024b8       0x14 ./StdPeriph_Driver/src/stm32f10x_rcc.o
                0x00000000080024b8                RCC_PCLK1Config
 .text.RCC_PCLK2Config
                0x00000000080024cc       0x14 ./StdPeriph_Driver/src/stm32f10x_rcc.o
                0x00000000080024cc                RCC_PCLK2Config
 .text.RCC_GetClocksFreq
                0x00000000080024e0       0x90 ./StdPeriph_Driver/src/stm32f10x_rcc.o
                0x00000000080024e0                RCC_GetClocksFreq
 .text.RCC_APB2PeriphClockCmd
                0x0000000008002570       0x18 ./StdPeriph_Driver/src/stm32f10x_rcc.o
                0x0000000008002570                RCC_APB2PeriphClockCmd
 .text.RCC_APB1PeriphClockCmd
                0x0000000008002588       0x18 ./StdPeriph_Driver/src/stm32f10x_rcc.o
                0x0000000008002588                RCC_APB1PeriphClockCmd
 .text.RCC_APB2PeriphResetCmd
                0x00000000080025a0       0x18 ./StdPeriph_Driver/src/stm32f10x_rcc.o
                0x00000000080025a0                RCC_APB2PeriphResetCmd
 .text.RCC_APB1PeriphResetCmd
                0x00000000080025b8       0x18 ./StdPeriph_Driver/src/stm32f10x_rcc.o
                0x00000000080025b8                RCC_APB1PeriphResetCmd
 .text.RCC_GetFlagStatus
                0x00000000080025d0       0x28 ./StdPeriph_Driver/src/stm32f10x_rcc.o
                0x00000000080025d0                RCC_GetFlagStatus
 .text.RCC_WaitForHSEStartUp
                0x00000000080025f8       0x30 ./StdPeriph_Driver/src/stm32f10x_rcc.o
                0x00000000080025f8                RCC_WaitForHSEStartUp
 .text.TI1_Config
                0x0000000008002628       0x70 ./StdPeriph_Driver/src/stm32f10x_tim.o
 .text.TI2_Config
                0x0000000008002698       0x74 ./StdPeriph_Driver/src/stm32f10x_tim.o
 .text.TIM_DeInit
                0x000000000800270c      0x1c8 ./StdPeriph_Driver/src/stm32f10x_tim.o
                0x000000000800270c                TIM_DeInit
 .text.TIM_TimeBaseInit
                0x00000000080028d4       0x94 ./StdPeriph_Driver/src/stm32f10x_tim.o
                0x00000000080028d4                TIM_TimeBaseInit
 .text.TIM_OC1Init
                0x0000000008002968       0x88 ./StdPeriph_Driver/src/stm32f10x_tim.o
                0x0000000008002968                TIM_OC1Init
 .text.TIM_OC2Init
                0x00000000080029f0       0x80 ./StdPeriph_Driver/src/stm32f10x_tim.o
                0x00000000080029f0                TIM_OC2Init
 .text.TIM_OC3Init
                0x0000000008002a70       0x7c ./StdPeriph_Driver/src/stm32f10x_tim.o
                0x0000000008002a70                TIM_OC3Init
 .text.TIM_OC4Init
                0x0000000008002aec       0x68 ./StdPeriph_Driver/src/stm32f10x_tim.o
                0x0000000008002aec                TIM_OC4Init
 .text.TIM_ICStructInit
                0x0000000008002b54       0x10 ./StdPeriph_Driver/src/stm32f10x_tim.o
                0x0000000008002b54                TIM_ICStructInit
 .text.TIM_Cmd  0x0000000008002b64       0x18 ./StdPeriph_Driver/src/stm32f10x_tim.o
                0x0000000008002b64                TIM_Cmd
 .text.TIM_ITConfig
                0x0000000008002b7c       0x12 ./StdPeriph_Driver/src/stm32f10x_tim.o
                0x0000000008002b7c                TIM_ITConfig
 .text.TIM_EncoderInterfaceConfig
                0x0000000008002b8e       0x3e ./StdPeriph_Driver/src/stm32f10x_tim.o
                0x0000000008002b8e                TIM_EncoderInterfaceConfig
 .text.TIM_SetCounter
                0x0000000008002bcc        0x4 ./StdPeriph_Driver/src/stm32f10x_tim.o
                0x0000000008002bcc                TIM_SetCounter
 .text.TIM_SetCompare1
                0x0000000008002bd0        0x4 ./StdPeriph_Driver/src/stm32f10x_tim.o
                0x0000000008002bd0                TIM_SetCompare1
 .text.TIM_SetCompare2
                0x0000000008002bd4        0x4 ./StdPeriph_Driver/src/stm32f10x_tim.o
                0x0000000008002bd4                TIM_SetCompare2
 .text.TIM_SetIC1Prescaler
                0x0000000008002bd8       0x16 ./StdPeriph_Driver/src/stm32f10x_tim.o
                0x0000000008002bd8                TIM_SetIC1Prescaler
 .text.TIM_SetIC2Prescaler
                0x0000000008002bee       0x1a ./StdPeriph_Driver/src/stm32f10x_tim.o
                0x0000000008002bee                TIM_SetIC2Prescaler
 .text.TIM_SetIC3Prescaler
                0x0000000008002c08       0x16 ./StdPeriph_Driver/src/stm32f10x_tim.o
                0x0000000008002c08                TIM_SetIC3Prescaler
 .text.TIM_SetIC4Prescaler
                0x0000000008002c1e       0x1a ./StdPeriph_Driver/src/stm32f10x_tim.o
                0x0000000008002c1e                TIM_SetIC4Prescaler
 .text.TIM_ICInit
                0x0000000008002c38      0x128 ./StdPeriph_Driver/src/stm32f10x_tim.o
                0x0000000008002c38                TIM_ICInit
 .text.TIM_ClearFlag
                0x0000000008002d60        0x8 ./StdPeriph_Driver/src/stm32f10x_tim.o
                0x0000000008002d60                TIM_ClearFlag
 .text.TIM_ClearITPendingBit
                0x0000000008002d68        0x8 ./StdPeriph_Driver/src/stm32f10x_tim.o
                0x0000000008002d68                TIM_ClearITPendingBit
 .text.USART_Init
                0x0000000008002d70       0xa8 ./StdPeriph_Driver/src/stm32f10x_usart.o
                0x0000000008002d70                USART_Init
 .text.USART_Cmd
                0x0000000008002e18       0x18 ./StdPeriph_Driver/src/stm32f10x_usart.o
                0x0000000008002e18                USART_Cmd
 .text.USART_ITConfig
                0x0000000008002e30       0x30 ./StdPeriph_Driver/src/stm32f10x_usart.o
                0x0000000008002e30                USART_ITConfig
 .text.USART_SendData
                0x0000000008002e60        0x8 ./StdPeriph_Driver/src/stm32f10x_usart.o
                0x0000000008002e60                USART_SendData
 .text.USART_ReceiveData
                0x0000000008002e68        0x8 ./StdPeriph_Driver/src/stm32f10x_usart.o
                0x0000000008002e68                USART_ReceiveData
 .text.USART_GetFlagStatus
                0x0000000008002e70        0xc ./StdPeriph_Driver/src/stm32f10x_usart.o
                0x0000000008002e70                USART_GetFlagStatus
 .text.USART_ClearITPendingBit
                0x0000000008002e7c        0xe ./StdPeriph_Driver/src/stm32f10x_usart.o
                0x0000000008002e7c                USART_ClearITPendingBit
 *fill*         0x0000000008002e8a        0x2 
 .text.prvSendMessageUSART2
                0x0000000008002e8c       0x34 ./src/fun_for_USART.o
                0x0000000008002e8c                prvSendMessageUSART2
 .text.float2String
                0x0000000008002ec0       0x58 ./src/fun_for_USART.o
                0x0000000008002ec0                float2String
 .text.prvSetupRCC
                0x0000000008002f18       0x66 ./src/init_config.o
                0x0000000008002f18                prvSetupRCC
 *fill*         0x0000000008002f7e        0x2 
 .text.prvSetupGPIO
                0x0000000008002f80       0x60 ./src/init_config.o
                0x0000000008002f80                prvSetupGPIO
 .text.prvTIMERs
                0x0000000008002fe0      0x17c ./src/init_config.o
                0x0000000008002fe0                prvTIMERs
 .text.pvrIntrp
                0x000000000800315c       0x80 ./src/init_config.o
                0x000000000800315c                pvrIntrp
 .text.prvSetupUSART2
                0x00000000080031dc       0x68 ./src/init_config.o
                0x00000000080031dc                prvSetupUSART2
 .text.prvInitial_configuration
                0x0000000008003244       0x1a ./src/init_config.o
                0x0000000008003244                prvInitial_configuration
 .text.init_odom_var
                0x000000000800325e       0x10 ./src/init_odom_var.o
                0x000000000800325e                init_odom_var
 *fill*         0x000000000800326e        0x2 
 .text.prvOdometryTrack
                0x0000000008003270       0x40 ./src/main.o
 .text.prvReadUsart
                0x00000000080032b0       0xf4 ./src/main.o
 .text.prvSendMessage
                0x00000000080033a4       0x20 ./src/main.o
 .text.prvMotorDrive
                0x00000000080033c4       0x38 ./src/main.o
 .text.prvControlador
                0x00000000080033fc      0x1dc ./src/main.o
 .text.prvReadEncoders
                0x00000000080035d8       0xbc ./src/main.o
 .text.startup.main
                0x0000000008003694      0x174 ./src/main.o
                0x0000000008003694                main
 .text.WWDG_IRQHandler
                0x0000000008003808        0x2 ./src/stm32f10x_it.o
                0x0000000008003808                WWDG_IRQHandler
 .text.PVD_IRQHandler
                0x000000000800380a        0x2 ./src/stm32f10x_it.o
                0x000000000800380a                PVD_IRQHandler
 .text.TAMPER_IRQHandler
                0x000000000800380c        0x2 ./src/stm32f10x_it.o
                0x000000000800380c                TAMPER_IRQHandler
 .text.RTC_IRQHandler
                0x000000000800380e        0x2 ./src/stm32f10x_it.o
                0x000000000800380e                RTC_IRQHandler
 .text.FLASH_IRQHandler
                0x0000000008003810        0x2 ./src/stm32f10x_it.o
                0x0000000008003810                FLASH_IRQHandler
 .text.RCC_IRQHandler
                0x0000000008003812        0x2 ./src/stm32f10x_it.o
                0x0000000008003812                RCC_IRQHandler
 .text.EXTI0_IRQHandler
                0x0000000008003814        0x2 ./src/stm32f10x_it.o
                0x0000000008003814                EXTI0_IRQHandler
 .text.EXTI1_IRQHandler
                0x0000000008003816        0x2 ./src/stm32f10x_it.o
                0x0000000008003816                EXTI1_IRQHandler
 .text.EXTI2_IRQHandler
                0x0000000008003818        0x2 ./src/stm32f10x_it.o
                0x0000000008003818                EXTI2_IRQHandler
 .text.EXTI3_IRQHandler
                0x000000000800381a        0x2 ./src/stm32f10x_it.o
                0x000000000800381a                EXTI3_IRQHandler
 .text.EXTI4_IRQHandler
                0x000000000800381c        0x2 ./src/stm32f10x_it.o
                0x000000000800381c                EXTI4_IRQHandler
 .text.DMA1_Channel1_IRQHandler
                0x000000000800381e        0x2 ./src/stm32f10x_it.o
                0x000000000800381e                DMA1_Channel1_IRQHandler
 .text.DMA1_Channel2_IRQHandler
                0x0000000008003820        0x2 ./src/stm32f10x_it.o
                0x0000000008003820                DMA1_Channel2_IRQHandler
 .text.DMA1_Channel3_IRQHandler
                0x0000000008003822        0x2 ./src/stm32f10x_it.o
                0x0000000008003822                DMA1_Channel3_IRQHandler
 .text.DMA1_Channel4_IRQHandler
                0x0000000008003824        0x2 ./src/stm32f10x_it.o
                0x0000000008003824                DMA1_Channel4_IRQHandler
 .text.DMA1_Channel5_IRQHandler
                0x0000000008003826        0x2 ./src/stm32f10x_it.o
                0x0000000008003826                DMA1_Channel5_IRQHandler
 .text.DMA1_Channel6_IRQHandler
                0x0000000008003828        0x2 ./src/stm32f10x_it.o
                0x0000000008003828                DMA1_Channel6_IRQHandler
 .text.DMA1_Channel7_IRQHandler
                0x000000000800382a        0x2 ./src/stm32f10x_it.o
                0x000000000800382a                DMA1_Channel7_IRQHandler
 .text.ADC1_2_IRQHandler
                0x000000000800382c        0x2 ./src/stm32f10x_it.o
                0x000000000800382c                ADC1_2_IRQHandler
 .text.EXTI9_5_IRQHandler
                0x000000000800382e        0x2 ./src/stm32f10x_it.o
                0x000000000800382e                EXTI9_5_IRQHandler
 .text.TIM1_BRK_IRQHandler
                0x0000000008003830        0x2 ./src/stm32f10x_it.o
                0x0000000008003830                TIM1_BRK_IRQHandler
 .text.TIM1_UP_IRQHandler
                0x0000000008003832        0x2 ./src/stm32f10x_it.o
                0x0000000008003832                TIM1_UP_IRQHandler
 .text.TIM1_TRG_COM_IRQHandler
                0x0000000008003834        0x2 ./src/stm32f10x_it.o
                0x0000000008003834                TIM1_TRG_COM_IRQHandler
 .text.TIM1_CC_IRQHandler
                0x0000000008003836        0x2 ./src/stm32f10x_it.o
                0x0000000008003836                TIM1_CC_IRQHandler
 .text.TIM2_IRQHandler
                0x0000000008003838        0xa ./src/stm32f10x_it.o
                0x0000000008003838                TIM2_IRQHandler
 *fill*         0x0000000008003842        0x2 
 .text.TIM3_IRQHandler
                0x0000000008003844        0xc ./src/stm32f10x_it.o
                0x0000000008003844                TIM3_IRQHandler
 .text.TIM4_IRQHandler
                0x0000000008003850        0xc ./src/stm32f10x_it.o
                0x0000000008003850                TIM4_IRQHandler
 .text.I2C1_EV_IRQHandler
                0x000000000800385c        0x2 ./src/stm32f10x_it.o
                0x000000000800385c                I2C1_EV_IRQHandler
 .text.I2C1_ER_IRQHandler
                0x000000000800385e        0x2 ./src/stm32f10x_it.o
                0x000000000800385e                I2C1_ER_IRQHandler
 .text.I2C2_EV_IRQHandler
                0x0000000008003860        0x2 ./src/stm32f10x_it.o
                0x0000000008003860                I2C2_EV_IRQHandler
 .text.I2C2_ER_IRQHandler
                0x0000000008003862        0x2 ./src/stm32f10x_it.o
                0x0000000008003862                I2C2_ER_IRQHandler
 .text.SPI1_IRQHandler
                0x0000000008003864        0x2 ./src/stm32f10x_it.o
                0x0000000008003864                SPI1_IRQHandler
 .text.SPI2_IRQHandler
                0x0000000008003866        0x2 ./src/stm32f10x_it.o
                0x0000000008003866                SPI2_IRQHandler
 .text.USART1_IRQHandler
                0x0000000008003868        0x2 ./src/stm32f10x_it.o
                0x0000000008003868                USART1_IRQHandler
 *fill*         0x000000000800386a        0x2 
 .text.USART2_IRQHandler
                0x000000000800386c       0x54 ./src/stm32f10x_it.o
                0x000000000800386c                USART2_IRQHandler
 .text.USART3_IRQHandler
                0x00000000080038c0        0x2 ./src/stm32f10x_it.o
                0x00000000080038c0                USART3_IRQHandler
 .text.EXTI15_10_IRQHandler
                0x00000000080038c2        0x2 ./src/stm32f10x_it.o
                0x00000000080038c2                EXTI15_10_IRQHandler
 .text.RTCAlarm_IRQHandler
                0x00000000080038c4        0x2 ./src/stm32f10x_it.o
                0x00000000080038c4                RTCAlarm_IRQHandler
 .text.USBWakeUp_IRQHandler
                0x00000000080038c6        0x2 ./src/stm32f10x_it.o
                0x00000000080038c6                USBWakeUp_IRQHandler
 .text._getpid  0x00000000080038c8        0x4 ./src/syscalls.o
                0x00000000080038c8                _getpid
 .text._kill    0x00000000080038cc       0x10 ./src/syscalls.o
                0x00000000080038cc                _kill
 .text._exit    0x00000000080038dc        0xc ./src/syscalls.o
                0x00000000080038dc                _exit
 .text._read    0x00000000080038e8       0x1a ./src/syscalls.o
                0x00000000080038e8                _read
 .text._write   0x0000000008003902       0x1a ./src/syscalls.o
                0x0000000008003902                _write
 .text._sbrk    0x000000000800391c       0x34 ./src/syscalls.o
                0x000000000800391c                _sbrk
 .text._close   0x0000000008003950        0x6 ./src/syscalls.o
                0x0000000008003950                _close
 .text._fstat   0x0000000008003956        0xa ./src/syscalls.o
                0x0000000008003956                _fstat
 .text._isatty  0x0000000008003960        0x4 ./src/syscalls.o
                0x0000000008003960                _isatty
 .text._lseek   0x0000000008003964        0x4 ./src/syscalls.o
                0x0000000008003964                _lseek
 .text.Reset_Handler
                0x0000000008003968       0x44 ./startup/startup_stm32.o
                0x0000000008003968                Reset_Handler
 .text.Default_Handler
                0x00000000080039ac        0x2 ./startup/startup_stm32.o
                0x00000000080039ac                DebugMon_Handler
                0x00000000080039ac                HardFault_Handler
                0x00000000080039ac                NMI_Handler
                0x00000000080039ac                UsageFault_Handler
                0x00000000080039ac                CAN1_RX1_IRQHandler
                0x00000000080039ac                Default_Handler
                0x00000000080039ac                MemManage_Handler
                0x00000000080039ac                USB_LP_CAN1_RX0_IRQHandler
                0x00000000080039ac                USB_HP_CAN1_TX_IRQHandler
                0x00000000080039ac                CAN1_SCE_IRQHandler
                0x00000000080039ac                BusFault_Handler
 *fill*         0x00000000080039ae        0x2 
 .text.__errno  0x00000000080039b0        0xc /opt/st/stm32cubeide_1.8.0/plugins/com.st.stm32cube.ide.mcu.externaltools.gnu-tools-for-stm32.9-2020-q2-update.linux64_2.0.0.202105311346/tools/bin/../lib/gcc/arm-none-eabi/9.3.1/../../../../arm-none-eabi/lib/thumb/v7-m/nofp/libc_nano.a(lib_a-errno.o)
                0x00000000080039b0                __errno
 .text.__libc_init_array
                0x00000000080039bc       0x48 /opt/st/stm32cubeide_1.8.0/plugins/com.st.stm32cube.ide.mcu.externaltools.gnu-tools-for-stm32.9-2020-q2-update.linux64_2.0.0.202105311346/tools/bin/../lib/gcc/arm-none-eabi/9.3.1/../../../../arm-none-eabi/lib/thumb/v7-m/nofp/libc_nano.a(lib_a-init.o)
                0x00000000080039bc                __libc_init_array
 .text.memcpy   0x0000000008003a04       0x1c /opt/st/stm32cubeide_1.8.0/plugins/com.st.stm32cube.ide.mcu.externaltools.gnu-tools-for-stm32.9-2020-q2-update.linux64_2.0.0.202105311346/tools/bin/../lib/gcc/arm-none-eabi/9.3.1/../../../../arm-none-eabi/lib/thumb/v7-m/nofp/libc_nano.a(lib_a-memcpy-stub.o)
                0x0000000008003a04                memcpy
 .text.memset   0x0000000008003a20       0x10 /opt/st/stm32cubeide_1.8.0/plugins/com.st.stm32cube.ide.mcu.externaltools.gnu-tools-for-stm32.9-2020-q2-update.linux64_2.0.0.202105311346/tools/bin/../lib/gcc/arm-none-eabi/9.3.1/../../../../arm-none-eabi/lib/thumb/v7-m/nofp/libc_nano.a(lib_a-memset.o)
                0x0000000008003a20                memset
 .text.__cvt    0x0000000008003a30       0xbe /opt/st/stm32cubeide_1.8.0/plugins/com.st.stm32cube.ide.mcu.externaltools.gnu-tools-for-stm32.9-2020-q2-update.linux64_2.0.0.202105311346/tools/bin/../lib/gcc/arm-none-eabi/9.3.1/../../../../arm-none-eabi/lib/thumb/v7-m/nofp/libc_nano.a(lib_a-nano-vfprintf_float.o)
                0x0000000008003a30                __cvt
 .text.__exponent
                0x0000000008003aee       0x7c /opt/st/stm32cubeide_1.8.0/plugins/com.st.stm32cube.ide.mcu.externaltools.gnu-tools-for-stm32.9-2020-q2-update.linux64_2.0.0.202105311346/tools/bin/../lib/gcc/arm-none-eabi/9.3.1/../../../../arm-none-eabi/lib/thumb/v7-m/nofp/libc_nano.a(lib_a-nano-vfprintf_float.o)
                0x0000000008003aee                __exponent
 *fill*         0x0000000008003b6a        0x2 
 .text._printf_float
                0x0000000008003b6c      0x458 /opt/st/stm32cubeide_1.8.0/plugins/com.st.stm32cube.ide.mcu.externaltools.gnu-tools-for-stm32.9-2020-q2-update.linux64_2.0.0.202105311346/tools/bin/../lib/gcc/arm-none-eabi/9.3.1/../../../../arm-none-eabi/lib/thumb/v7-m/nofp/libc_nano.a(lib_a-nano-vfprintf_float.o)
                0x0000000008003b6c                _printf_float
 .text._printf_common
                0x0000000008003fc4       0xde /opt/st/stm32cubeide_1.8.0/plugins/com.st.stm32cube.ide.mcu.externaltools.gnu-tools-for-stm32.9-2020-q2-update.linux64_2.0.0.202105311346/tools/bin/../lib/gcc/arm-none-eabi/9.3.1/../../../../arm-none-eabi/lib/thumb/v7-m/nofp/libc_nano.a(lib_a-nano-vfprintf_i.o)
                0x0000000008003fc4                _printf_common
 *fill*         0x00000000080040a2        0x2 
 .text._printf_i
                0x00000000080040a4      0x24c /opt/st/stm32cubeide_1.8.0/plugins/com.st.stm32cube.ide.mcu.externaltools.gnu-tools-for-stm32.9-2020-q2-update.linux64_2.0.0.202105311346/tools/bin/../lib/gcc/arm-none-eabi/9.3.1/../../../../arm-none-eabi/lib/thumb/v7-m/nofp/libc_nano.a(lib_a-nano-vfprintf_i.o)
                0x00000000080040a4                _printf_i
 .text._scanf_float
                0x00000000080042f0      0x424 /opt/st/stm32cubeide_1.8.0/plugins/com.st.stm32cube.ide.mcu.externaltools.gnu-tools-for-stm32.9-2020-q2-update.linux64_2.0.0.202105311346/tools/bin/../lib/gcc/arm-none-eabi/9.3.1/../../../../arm-none-eabi/lib/thumb/v7-m/nofp/libc_nano.a(lib_a-nano-vfscanf_float.o)
                0x00000000080042f0                _scanf_float
 .text.nanf     0x0000000008004714        0x8 /opt/st/stm32cubeide_1.8.0/plugins/com.st.stm32cube.ide.mcu.externaltools.gnu-tools-for-stm32.9-2020-q2-update.linux64_2.0.0.202105311346/tools/bin/../lib/gcc/arm-none-eabi/9.3.1/../../../../arm-none-eabi/lib/thumb/v7-m/nofp/libc_nano.a(lib_a-sf_nan.o)
                0x0000000008004714                nanf
 .text.sprintf  0x000000000800471c       0x40 /opt/st/stm32cubeide_1.8.0/plugins/com.st.stm32cube.ide.mcu.externaltools.gnu-tools-for-stm32.9-2020-q2-update.linux64_2.0.0.202105311346/tools/bin/../lib/gcc/arm-none-eabi/9.3.1/../../../../arm-none-eabi/lib/thumb/v7-m/nofp/libc_nano.a(lib_a-sprintf.o)
                0x000000000800471c                sprintf
                0x000000000800471c                siprintf
 .text.sulp     0x000000000800475c       0x42 /opt/st/stm32cubeide_1.8.0/plugins/com.st.stm32cube.ide.mcu.externaltools.gnu-tools-for-stm32.9-2020-q2-update.linux64_2.0.0.202105311346/tools/bin/../lib/gcc/arm-none-eabi/9.3.1/../../../../arm-none-eabi/lib/thumb/v7-m/nofp/libc_nano.a(lib_a-strtod.o)
 *fill*         0x000000000800479e        0x2 
 .text._strtod_l
                0x00000000080047a0      0xbe8 /opt/st/stm32cubeide_1.8.0/plugins/com.st.stm32cube.ide.mcu.externaltools.gnu-tools-for-stm32.9-2020-q2-update.linux64_2.0.0.202105311346/tools/bin/../lib/gcc/arm-none-eabi/9.3.1/../../../../arm-none-eabi/lib/thumb/v7-m/nofp/libc_nano.a(lib_a-strtod.o)
                0x00000000080047a0                _strtod_l
 .text._strtod_r
                0x0000000008005388        0xc /opt/st/stm32cubeide_1.8.0/plugins/com.st.stm32cube.ide.mcu.externaltools.gnu-tools-for-stm32.9-2020-q2-update.linux64_2.0.0.202105311346/tools/bin/../lib/gcc/arm-none-eabi/9.3.1/../../../../arm-none-eabi/lib/thumb/v7-m/nofp/libc_nano.a(lib_a-strtod.o)
                0x0000000008005388                _strtod_r
 .text._strtol_l.isra.0
                0x0000000008005394      0x10c /opt/st/stm32cubeide_1.8.0/plugins/com.st.stm32cube.ide.mcu.externaltools.gnu-tools-for-stm32.9-2020-q2-update.linux64_2.0.0.202105311346/tools/bin/../lib/gcc/arm-none-eabi/9.3.1/../../../../arm-none-eabi/lib/thumb/v7-m/nofp/libc_nano.a(lib_a-strtol.o)
 .text._strtol_r
                0x00000000080054a0        0x4 /opt/st/stm32cubeide_1.8.0/plugins/com.st.stm32cube.ide.mcu.externaltools.gnu-tools-for-stm32.9-2020-q2-update.linux64_2.0.0.202105311346/tools/bin/../lib/gcc/arm-none-eabi/9.3.1/../../../../arm-none-eabi/lib/thumb/v7-m/nofp/libc_nano.a(lib_a-strtol.o)
                0x00000000080054a0                _strtol_r
 .text.quorem   0x00000000080054a4      0x11a /opt/st/stm32cubeide_1.8.0/plugins/com.st.stm32cube.ide.mcu.externaltools.gnu-tools-for-stm32.9-2020-q2-update.linux64_2.0.0.202105311346/tools/bin/../lib/gcc/arm-none-eabi/9.3.1/../../../../arm-none-eabi/lib/thumb/v7-m/nofp/libc_nano.a(lib_a-dtoa.o)
 *fill*         0x00000000080055be        0x2 
 .text._dtoa_r  0x00000000080055c0      0xbdc /opt/st/stm32cubeide_1.8.0/plugins/com.st.stm32cube.ide.mcu.externaltools.gnu-tools-for-stm32.9-2020-q2-update.linux64_2.0.0.202105311346/tools/bin/../lib/gcc/arm-none-eabi/9.3.1/../../../../arm-none-eabi/lib/thumb/v7-m/nofp/libc_nano.a(lib_a-dtoa.o)
                0x00000000080055c0                _dtoa_r
 .text.rshift   0x000000000800619c       0xa6 /opt/st/stm32cubeide_1.8.0/plugins/com.st.stm32cube.ide.mcu.externaltools.gnu-tools-for-stm32.9-2020-q2-update.linux64_2.0.0.202105311346/tools/bin/../lib/gcc/arm-none-eabi/9.3.1/../../../../arm-none-eabi/lib/thumb/v7-m/nofp/libc_nano.a(lib_a-gdtoa-gethex.o)
 .text.__hexdig_fun
                0x0000000008006242       0x2a /opt/st/stm32cubeide_1.8.0/plugins/com.st.stm32cube.ide.mcu.externaltools.gnu-tools-for-stm32.9-2020-q2-update.linux64_2.0.0.202105311346/tools/bin/../lib/gcc/arm-none-eabi/9.3.1/../../../../arm-none-eabi/lib/thumb/v7-m/nofp/libc_nano.a(lib_a-gdtoa-gethex.o)
                0x0000000008006242                __hexdig_fun
 .text.__gethex
                0x000000000800626c      0x478 /opt/st/stm32cubeide_1.8.0/plugins/com.st.stm32cube.ide.mcu.externaltools.gnu-tools-for-stm32.9-2020-q2-update.linux64_2.0.0.202105311346/tools/bin/../lib/gcc/arm-none-eabi/9.3.1/../../../../arm-none-eabi/lib/thumb/v7-m/nofp/libc_nano.a(lib_a-gdtoa-gethex.o)
                0x000000000800626c                __gethex
 .text.L_shift  0x00000000080066e4       0x24 /opt/st/stm32cubeide_1.8.0/plugins/com.st.stm32cube.ide.mcu.externaltools.gnu-tools-for-stm32.9-2020-q2-update.linux64_2.0.0.202105311346/tools/bin/../lib/gcc/arm-none-eabi/9.3.1/../../../../arm-none-eabi/lib/thumb/v7-m/nofp/libc_nano.a(lib_a-gdtoa-hexnan.o)
 .text.__match  0x0000000008006708       0x28 /opt/st/stm32cubeide_1.8.0/plugins/com.st.stm32cube.ide.mcu.externaltools.gnu-tools-for-stm32.9-2020-q2-update.linux64_2.0.0.202105311346/tools/bin/../lib/gcc/arm-none-eabi/9.3.1/../../../../arm-none-eabi/lib/thumb/v7-m/nofp/libc_nano.a(lib_a-gdtoa-hexnan.o)
                0x0000000008006708                __match
 .text.__hexnan
                0x0000000008006730      0x138 /opt/st/stm32cubeide_1.8.0/plugins/com.st.stm32cube.ide.mcu.externaltools.gnu-tools-for-stm32.9-2020-q2-update.linux64_2.0.0.202105311346/tools/bin/../lib/gcc/arm-none-eabi/9.3.1/../../../../arm-none-eabi/lib/thumb/v7-m/nofp/libc_nano.a(lib_a-gdtoa-hexnan.o)
                0x0000000008006730                __hexnan
 .text._localeconv_r
                0x0000000008006868        0x8 /opt/st/stm32cubeide_1.8.0/plugins/com.st.stm32cube.ide.mcu.externaltools.gnu-tools-for-stm32.9-2020-q2-update.linux64_2.0.0.202105311346/tools/bin/../lib/gcc/arm-none-eabi/9.3.1/../../../../arm-none-eabi/lib/thumb/v7-m/nofp/libc_nano.a(lib_a-localeconv.o)
                0x0000000008006868                _localeconv_r
 .text.malloc   0x0000000008006870       0x10 /opt/st/stm32cubeide_1.8.0/plugins/com.st.stm32cube.ide.mcu.externaltools.gnu-tools-for-stm32.9-2020-q2-update.linux64_2.0.0.202105311346/tools/bin/../lib/gcc/arm-none-eabi/9.3.1/../../../../arm-none-eabi/lib/thumb/v7-m/nofp/libc_nano.a(lib_a-malloc.o)
                0x0000000008006870                malloc
 .text.__ascii_mbtowc
                0x0000000008006880       0x24 /opt/st/stm32cubeide_1.8.0/plugins/com.st.stm32cube.ide.mcu.externaltools.gnu-tools-for-stm32.9-2020-q2-update.linux64_2.0.0.202105311346/tools/bin/../lib/gcc/arm-none-eabi/9.3.1/../../../../arm-none-eabi/lib/thumb/v7-m/nofp/libc_nano.a(lib_a-mbtowc_r.o)
                0x0000000008006880                __ascii_mbtowc
 .text.memchr   0x00000000080068a4       0x1c /opt/st/stm32cubeide_1.8.0/plugins/com.st.stm32cube.ide.mcu.externaltools.gnu-tools-for-stm32.9-2020-q2-update.linux64_2.0.0.202105311346/tools/bin/../lib/gcc/arm-none-eabi/9.3.1/../../../../arm-none-eabi/lib/thumb/v7-m/nofp/libc_nano.a(lib_a-memchr-stub.o)
                0x00000000080068a4                memchr
 .text._Balloc  0x00000000080068c0       0x80 /opt/st/stm32cubeide_1.8.0/plugins/com.st.stm32cube.ide.mcu.externaltools.gnu-tools-for-stm32.9-2020-q2-update.linux64_2.0.0.202105311346/tools/bin/../lib/gcc/arm-none-eabi/9.3.1/../../../../arm-none-eabi/lib/thumb/v7-m/nofp/libc_nano.a(lib_a-mprec.o)
                0x00000000080068c0                _Balloc
 .text._Bfree   0x0000000008006940       0x44 /opt/st/stm32cubeide_1.8.0/plugins/com.st.stm32cube.ide.mcu.externaltools.gnu-tools-for-stm32.9-2020-q2-update.linux64_2.0.0.202105311346/tools/bin/../lib/gcc/arm-none-eabi/9.3.1/../../../../arm-none-eabi/lib/thumb/v7-m/nofp/libc_nano.a(lib_a-mprec.o)
                0x0000000008006940                _Bfree
 .text.__multadd
                0x0000000008006984       0x94 /opt/st/stm32cubeide_1.8.0/plugins/com.st.stm32cube.ide.mcu.externaltools.gnu-tools-for-stm32.9-2020-q2-update.linux64_2.0.0.202105311346/tools/bin/../lib/gcc/arm-none-eabi/9.3.1/../../../../arm-none-eabi/lib/thumb/v7-m/nofp/libc_nano.a(lib_a-mprec.o)
                0x0000000008006984                __multadd
 .text.__s2b    0x0000000008006a18       0x94 /opt/st/stm32cubeide_1.8.0/plugins/com.st.stm32cube.ide.mcu.externaltools.gnu-tools-for-stm32.9-2020-q2-update.linux64_2.0.0.202105311346/tools/bin/../lib/gcc/arm-none-eabi/9.3.1/../../../../arm-none-eabi/lib/thumb/v7-m/nofp/libc_nano.a(lib_a-mprec.o)
                0x0000000008006a18                __s2b
 .text.__hi0bits
                0x0000000008006aac       0x40 /opt/st/stm32cubeide_1.8.0/plugins/com.st.stm32cube.ide.mcu.externaltools.gnu-tools-for-stm32.9-2020-q2-update.linux64_2.0.0.202105311346/tools/bin/../lib/gcc/arm-none-eabi/9.3.1/../../../../arm-none-eabi/lib/thumb/v7-m/nofp/libc_nano.a(lib_a-mprec.o)
                0x0000000008006aac                __hi0bits
 .text.__lo0bits
                0x0000000008006aec       0x5c /opt/st/stm32cubeide_1.8.0/plugins/com.st.stm32cube.ide.mcu.externaltools.gnu-tools-for-stm32.9-2020-q2-update.linux64_2.0.0.202105311346/tools/bin/../lib/gcc/arm-none-eabi/9.3.1/../../../../arm-none-eabi/lib/thumb/v7-m/nofp/libc_nano.a(lib_a-mprec.o)
                0x0000000008006aec                __lo0bits
 .text.__i2b    0x0000000008006b48       0x2c /opt/st/stm32cubeide_1.8.0/plugins/com.st.stm32cube.ide.mcu.externaltools.gnu-tools-for-stm32.9-2020-q2-update.linux64_2.0.0.202105311346/tools/bin/../lib/gcc/arm-none-eabi/9.3.1/../../../../arm-none-eabi/lib/thumb/v7-m/nofp/libc_nano.a(lib_a-mprec.o)
                0x0000000008006b48                __i2b
 .text.__multiply
                0x0000000008006b74      0x148 /opt/st/stm32cubeide_1.8.0/plugins/com.st.stm32cube.ide.mcu.externaltools.gnu-tools-for-stm32.9-2020-q2-update.linux64_2.0.0.202105311346/tools/bin/../lib/gcc/arm-none-eabi/9.3.1/../../../../arm-none-eabi/lib/thumb/v7-m/nofp/libc_nano.a(lib_a-mprec.o)
                0x0000000008006b74                __multiply
 .text.__pow5mult
                0x0000000008006cbc       0xb4 /opt/st/stm32cubeide_1.8.0/plugins/com.st.stm32cube.ide.mcu.externaltools.gnu-tools-for-stm32.9-2020-q2-update.linux64_2.0.0.202105311346/tools/bin/../lib/gcc/arm-none-eabi/9.3.1/../../../../arm-none-eabi/lib/thumb/v7-m/nofp/libc_nano.a(lib_a-mprec.o)
                0x0000000008006cbc                __pow5mult
 .text.__lshift
                0x0000000008006d70       0xd8 /opt/st/stm32cubeide_1.8.0/plugins/com.st.stm32cube.ide.mcu.externaltools.gnu-tools-for-stm32.9-2020-q2-update.linux64_2.0.0.202105311346/tools/bin/../lib/gcc/arm-none-eabi/9.3.1/../../../../arm-none-eabi/lib/thumb/v7-m/nofp/libc_nano.a(lib_a-mprec.o)
                0x0000000008006d70                __lshift
 .text.__mcmp   0x0000000008006e48       0x36 /opt/st/stm32cubeide_1.8.0/plugins/com.st.stm32cube.ide.mcu.externaltools.gnu-tools-for-stm32.9-2020-q2-update.linux64_2.0.0.202105311346/tools/bin/../lib/gcc/arm-none-eabi/9.3.1/../../../../arm-none-eabi/lib/thumb/v7-m/nofp/libc_nano.a(lib_a-mprec.o)
                0x0000000008006e48                __mcmp
 *fill*         0x0000000008006e7e        0x2 
 .text.__mdiff  0x0000000008006e80      0x120 /opt/st/stm32cubeide_1.8.0/plugins/com.st.stm32cube.ide.mcu.externaltools.gnu-tools-for-stm32.9-2020-q2-update.linux64_2.0.0.202105311346/tools/bin/../lib/gcc/arm-none-eabi/9.3.1/../../../../arm-none-eabi/lib/thumb/v7-m/nofp/libc_nano.a(lib_a-mprec.o)
                0x0000000008006e80                __mdiff
 .text.__ulp    0x0000000008006fa0       0x4c /opt/st/stm32cubeide_1.8.0/plugins/com.st.stm32cube.ide.mcu.externaltools.gnu-tools-for-stm32.9-2020-q2-update.linux64_2.0.0.202105311346/tools/bin/../lib/gcc/arm-none-eabi/9.3.1/../../../../arm-none-eabi/lib/thumb/v7-m/nofp/libc_nano.a(lib_a-mprec.o)
                0x0000000008006fa0                __ulp
 .text.__b2d    0x0000000008006fec       0xa8 /opt/st/stm32cubeide_1.8.0/plugins/com.st.stm32cube.ide.mcu.externaltools.gnu-tools-for-stm32.9-2020-q2-update.linux64_2.0.0.202105311346/tools/bin/../lib/gcc/arm-none-eabi/9.3.1/../../../../arm-none-eabi/lib/thumb/v7-m/nofp/libc_nano.a(lib_a-mprec.o)
                0x0000000008006fec                __b2d
 .text.__d2b    0x0000000008007094       0xb8 /opt/st/stm32cubeide_1.8.0/plugins/com.st.stm32cube.ide.mcu.externaltools.gnu-tools-for-stm32.9-2020-q2-update.linux64_2.0.0.202105311346/tools/bin/../lib/gcc/arm-none-eabi/9.3.1/../../../../arm-none-eabi/lib/thumb/v7-m/nofp/libc_nano.a(lib_a-mprec.o)
                0x0000000008007094                __d2b
 .text.__ratio  0x000000000800714c       0x5c /opt/st/stm32cubeide_1.8.0/plugins/com.st.stm32cube.ide.mcu.externaltools.gnu-tools-for-stm32.9-2020-q2-update.linux64_2.0.0.202105311346/tools/bin/../lib/gcc/arm-none-eabi/9.3.1/../../../../arm-none-eabi/lib/thumb/v7-m/nofp/libc_nano.a(lib_a-mprec.o)
                0x000000000800714c                __ratio
 .text.__copybits
                0x00000000080071a8       0x46 /opt/st/stm32cubeide_1.8.0/plugins/com.st.stm32cube.ide.mcu.externaltools.gnu-tools-for-stm32.9-2020-q2-update.linux64_2.0.0.202105311346/tools/bin/../lib/gcc/arm-none-eabi/9.3.1/../../../../arm-none-eabi/lib/thumb/v7-m/nofp/libc_nano.a(lib_a-mprec.o)
                0x00000000080071a8                __copybits
 .text.__any_on
                0x00000000080071ee       0x42 /opt/st/stm32cubeide_1.8.0/plugins/com.st.stm32cube.ide.mcu.externaltools.gnu-tools-for-stm32.9-2020-q2-update.linux64_2.0.0.202105311346/tools/bin/../lib/gcc/arm-none-eabi/9.3.1/../../../../arm-none-eabi/lib/thumb/v7-m/nofp/libc_nano.a(lib_a-mprec.o)
                0x00000000080071ee                __any_on
 .text._calloc_r
                0x0000000008007230       0x1c /opt/st/stm32cubeide_1.8.0/plugins/com.st.stm32cube.ide.mcu.externaltools.gnu-tools-for-stm32.9-2020-q2-update.linux64_2.0.0.202105311346/tools/bin/../lib/gcc/arm-none-eabi/9.3.1/../../../../arm-none-eabi/lib/thumb/v7-m/nofp/libc_nano.a(lib_a-nano-callocr.o)
                0x0000000008007230                _calloc_r
 .text._free_r  0x000000000800724c       0x98 /opt/st/stm32cubeide_1.8.0/plugins/com.st.stm32cube.ide.mcu.externaltools.gnu-tools-for-stm32.9-2020-q2-update.linux64_2.0.0.202105311346/tools/bin/../lib/gcc/arm-none-eabi/9.3.1/../../../../arm-none-eabi/lib/thumb/v7-m/nofp/libc_nano.a(lib_a-nano-freer.o)
                0x000000000800724c                _free_r
 .text._malloc_r
                0x00000000080072e4       0xb4 /opt/st/stm32cubeide_1.8.0/plugins/com.st.stm32cube.ide.mcu.externaltools.gnu-tools-for-stm32.9-2020-q2-update.linux64_2.0.0.202105311346/tools/bin/../lib/gcc/arm-none-eabi/9.3.1/../../../../arm-none-eabi/lib/thumb/v7-m/nofp/libc_nano.a(lib_a-nano-mallocr.o)
                0x00000000080072e4                _malloc_r
 .text.__ssputs_r
                0x0000000008007398       0xb6 /opt/st/stm32cubeide_1.8.0/plugins/com.st.stm32cube.ide.mcu.externaltools.gnu-tools-for-stm32.9-2020-q2-update.linux64_2.0.0.202105311346/tools/bin/../lib/gcc/arm-none-eabi/9.3.1/../../../../arm-none-eabi/lib/thumb/v7-m/nofp/libc_nano.a(lib_a-nano-svfprintf.o)
                0x0000000008007398                __ssputs_r
 *fill*         0x000000000800744e        0x2 
 .text._svfprintf_r
                0x0000000008007450      0x200 /opt/st/stm32cubeide_1.8.0/plugins/com.st.stm32cube.ide.mcu.externaltools.gnu-tools-for-stm32.9-2020-q2-update.linux64_2.0.0.202105311346/tools/bin/../lib/gcc/arm-none-eabi/9.3.1/../../../../arm-none-eabi/lib/thumb/v7-m/nofp/libc_nano.a(lib_a-nano-svfprintf.o)
                0x0000000008007450                _svfprintf_r
                0x0000000008007450                _svfiprintf_r
 .text.nan      0x0000000008007650        0xc /opt/st/stm32cubeide_1.8.0/plugins/com.st.stm32cube.ide.mcu.externaltools.gnu-tools-for-stm32.9-2020-q2-update.linux64_2.0.0.202105311346/tools/bin/../lib/gcc/arm-none-eabi/9.3.1/../../../../arm-none-eabi/lib/thumb/v7-m/nofp/libc_nano.a(lib_a-s_nan.o)
                0x0000000008007650                nan
 .text._sbrk_r  0x000000000800765c       0x20 /opt/st/stm32cubeide_1.8.0/plugins/com.st.stm32cube.ide.mcu.externaltools.gnu-tools-for-stm32.9-2020-q2-update.linux64_2.0.0.202105311346/tools/bin/../lib/gcc/arm-none-eabi/9.3.1/../../../../arm-none-eabi/lib/thumb/v7-m/nofp/libc_nano.a(lib_a-sbrkr.o)
                0x000000000800765c                _sbrk_r
 .text.strncmp  0x000000000800767c       0x24 /opt/st/stm32cubeide_1.8.0/plugins/com.st.stm32cube.ide.mcu.externaltools.gnu-tools-for-stm32.9-2020-q2-update.linux64_2.0.0.202105311346/tools/bin/../lib/gcc/arm-none-eabi/9.3.1/../../../../arm-none-eabi/lib/thumb/v7-m/nofp/libc_nano.a(lib_a-strncmp.o)
                0x000000000800767c                strncmp
 .text.__ascii_wctomb
                0x00000000080076a0       0x1a /opt/st/stm32cubeide_1.8.0/plugins/com.st.stm32cube.ide.mcu.externaltools.gnu-tools-for-stm32.9-2020-q2-update.linux64_2.0.0.202105311346/tools/bin/../lib/gcc/arm-none-eabi/9.3.1/../../../../arm-none-eabi/lib/thumb/v7-m/nofp/libc_nano.a(lib_a-wctomb_r.o)
                0x00000000080076a0                __ascii_wctomb
 *fill*         0x00000000080076ba        0x2 
 .text.__assert_func
                0x00000000080076bc       0x3c /opt/st/stm32cubeide_1.8.0/plugins/com.st.stm32cube.ide.mcu.externaltools.gnu-tools-for-stm32.9-2020-q2-update.linux64_2.0.0.202105311346/tools/bin/../lib/gcc/arm-none-eabi/9.3.1/../../../../arm-none-eabi/lib/thumb/v7-m/nofp/libc_nano.a(lib_a-assert.o)
                0x00000000080076bc                __assert_func
 .text.fprintf  0x00000000080076f8       0x24 /opt/st/stm32cubeide_1.8.0/plugins/com.st.stm32cube.ide.mcu.externaltools.gnu-tools-for-stm32.9-2020-q2-update.linux64_2.0.0.202105311346/tools/bin/../lib/gcc/arm-none-eabi/9.3.1/../../../../arm-none-eabi/lib/thumb/v7-m/nofp/libc_nano.a(lib_a-fprintf.o)
                0x00000000080076f8                fprintf
                0x00000000080076f8                fiprintf
 .text.memmove  0x000000000800771c       0x34 /opt/st/stm32cubeide_1.8.0/plugins/com.st.stm32cube.ide.mcu.externaltools.gnu-tools-for-stm32.9-2020-q2-update.linux64_2.0.0.202105311346/tools/bin/../lib/gcc/arm-none-eabi/9.3.1/../../../../arm-none-eabi/lib/thumb/v7-m/nofp/libc_nano.a(lib_a-memmove.o)
                0x000000000800771c                memmove
 .text.__malloc_lock
                0x0000000008007750        0xc /opt/st/stm32cubeide_1.8.0/plugins/com.st.stm32cube.ide.mcu.externaltools.gnu-tools-for-stm32.9-2020-q2-update.linux64_2.0.0.202105311346/tools/bin/../lib/gcc/arm-none-eabi/9.3.1/../../../../arm-none-eabi/lib/thumb/v7-m/nofp/libc_nano.a(lib_a-mlock.o)
                0x0000000008007750                __malloc_lock
 .text.__malloc_unlock
                0x000000000800775c        0xc /opt/st/stm32cubeide_1.8.0/plugins/com.st.stm32cube.ide.mcu.externaltools.gnu-tools-for-stm32.9-2020-q2-update.linux64_2.0.0.202105311346/tools/bin/../lib/gcc/arm-none-eabi/9.3.1/../../../../arm-none-eabi/lib/thumb/v7-m/nofp/libc_nano.a(lib_a-mlock.o)
                0x000000000800775c                __malloc_unlock
 .text._realloc_r
                0x0000000008007768       0x4c /opt/st/stm32cubeide_1.8.0/plugins/com.st.stm32cube.ide.mcu.externaltools.gnu-tools-for-stm32.9-2020-q2-update.linux64_2.0.0.202105311346/tools/bin/../lib/gcc/arm-none-eabi/9.3.1/../../../../arm-none-eabi/lib/thumb/v7-m/nofp/libc_nano.a(lib_a-nano-reallocr.o)
                0x0000000008007768                _realloc_r
 .text.__sfputc_r
                0x00000000080077b4       0x2a /opt/st/stm32cubeide_1.8.0/plugins/com.st.stm32cube.ide.mcu.externaltools.gnu-tools-for-stm32.9-2020-q2-update.linux64_2.0.0.202105311346/tools/bin/../lib/gcc/arm-none-eabi/9.3.1/../../../../arm-none-eabi/lib/thumb/v7-m/nofp/libc_nano.a(lib_a-nano-vfprintf.o)
 .text.__sfputs_r
                0x00000000080077de       0x24 /opt/st/stm32cubeide_1.8.0/plugins/com.st.stm32cube.ide.mcu.externaltools.gnu-tools-for-stm32.9-2020-q2-update.linux64_2.0.0.202105311346/tools/bin/../lib/gcc/arm-none-eabi/9.3.1/../../../../arm-none-eabi/lib/thumb/v7-m/nofp/libc_nano.a(lib_a-nano-vfprintf.o)
                0x00000000080077de                __sfputs_r
 *fill*         0x0000000008007802        0x2 
 .text._vfprintf_r
                0x0000000008007804      0x260 /opt/st/stm32cubeide_1.8.0/plugins/com.st.stm32cube.ide.mcu.externaltools.gnu-tools-for-stm32.9-2020-q2-update.linux64_2.0.0.202105311346/tools/bin/../lib/gcc/arm-none-eabi/9.3.1/../../../../arm-none-eabi/lib/thumb/v7-m/nofp/libc_nano.a(lib_a-nano-vfprintf.o)
                0x0000000008007804                _vfiprintf_r
                0x0000000008007804                _vfprintf_r
 .text.__swbuf_r
                0x0000000008007a64       0xa4 /opt/st/stm32cubeide_1.8.0/plugins/com.st.stm32cube.ide.mcu.externaltools.gnu-tools-for-stm32.9-2020-q2-update.linux64_2.0.0.202105311346/tools/bin/../lib/gcc/arm-none-eabi/9.3.1/../../../../arm-none-eabi/lib/thumb/v7-m/nofp/libc_nano.a(lib_a-wbuf.o)
                0x0000000008007a64                __swbuf_r
 .text.__swsetup_r
                0x0000000008007b08       0xdc /opt/st/stm32cubeide_1.8.0/plugins/com.st.stm32cube.ide.mcu.externaltools.gnu-tools-for-stm32.9-2020-q2-update.linux64_2.0.0.202105311346/tools/bin/../lib/gcc/arm-none-eabi/9.3.1/../../../../arm-none-eabi/lib/thumb/v7-m/nofp/libc_nano.a(lib_a-wsetup.o)
                0x0000000008007b08                __swsetup_r
 .text.abort    0x0000000008007be4        0xe /opt/st/stm32cubeide_1.8.0/plugins/com.st.stm32cube.ide.mcu.externaltools.gnu-tools-for-stm32.9-2020-q2-update.linux64_2.0.0.202105311346/tools/bin/../lib/gcc/arm-none-eabi/9.3.1/../../../../arm-none-eabi/lib/thumb/v7-m/nofp/libc_nano.a(lib_a-abort.o)
                0x0000000008007be4                abort
 *fill*         0x0000000008007bf2        0x2 
 .text.__sflush_r
                0x0000000008007bf4      0x10c /opt/st/stm32cubeide_1.8.0/plugins/com.st.stm32cube.ide.mcu.externaltools.gnu-tools-for-stm32.9-2020-q2-update.linux64_2.0.0.202105311346/tools/bin/../lib/gcc/arm-none-eabi/9.3.1/../../../../arm-none-eabi/lib/thumb/v7-m/nofp/libc_nano.a(lib_a-fflush.o)
                0x0000000008007bf4                __sflush_r
 .text._fflush_r
                0x0000000008007d00       0x78 /opt/st/stm32cubeide_1.8.0/plugins/com.st.stm32cube.ide.mcu.externaltools.gnu-tools-for-stm32.9-2020-q2-update.linux64_2.0.0.202105311346/tools/bin/../lib/gcc/arm-none-eabi/9.3.1/../../../../arm-none-eabi/lib/thumb/v7-m/nofp/libc_nano.a(lib_a-fflush.o)
                0x0000000008007d00                _fflush_r
 .text.std      0x0000000008007d78       0x48 /opt/st/stm32cubeide_1.8.0/plugins/com.st.stm32cube.ide.mcu.externaltools.gnu-tools-for-stm32.9-2020-q2-update.linux64_2.0.0.202105311346/tools/bin/../lib/gcc/arm-none-eabi/9.3.1/../../../../arm-none-eabi/lib/thumb/v7-m/nofp/libc_nano.a(lib_a-findfp.o)
 .text._cleanup_r
                0x0000000008007dc0        0xc /opt/st/stm32cubeide_1.8.0/plugins/com.st.stm32cube.ide.mcu.externaltools.gnu-tools-for-stm32.9-2020-q2-update.linux64_2.0.0.202105311346/tools/bin/../lib/gcc/arm-none-eabi/9.3.1/../../../../arm-none-eabi/lib/thumb/v7-m/nofp/libc_nano.a(lib_a-findfp.o)
                0x0000000008007dc0                _cleanup_r
 .text.__sfmoreglue
                0x0000000008007dcc       0x2c /opt/st/stm32cubeide_1.8.0/plugins/com.st.stm32cube.ide.mcu.externaltools.gnu-tools-for-stm32.9-2020-q2-update.linux64_2.0.0.202105311346/tools/bin/../lib/gcc/arm-none-eabi/9.3.1/../../../../arm-none-eabi/lib/thumb/v7-m/nofp/libc_nano.a(lib_a-findfp.o)
                0x0000000008007dcc                __sfmoreglue
 .text.__sfp_lock_acquire
                0x0000000008007df8        0xc /opt/st/stm32cubeide_1.8.0/plugins/com.st.stm32cube.ide.mcu.externaltools.gnu-tools-for-stm32.9-2020-q2-update.linux64_2.0.0.202105311346/tools/bin/../lib/gcc/arm-none-eabi/9.3.1/../../../../arm-none-eabi/lib/thumb/v7-m/nofp/libc_nano.a(lib_a-findfp.o)
                0x0000000008007df8                __sfp_lock_acquire
 .text.__sfp_lock_release
                0x0000000008007e04        0xc /opt/st/stm32cubeide_1.8.0/plugins/com.st.stm32cube.ide.mcu.externaltools.gnu-tools-for-stm32.9-2020-q2-update.linux64_2.0.0.202105311346/tools/bin/../lib/gcc/arm-none-eabi/9.3.1/../../../../arm-none-eabi/lib/thumb/v7-m/nofp/libc_nano.a(lib_a-findfp.o)
                0x0000000008007e04                __sfp_lock_release
 .text.__sinit_lock_acquire
                0x0000000008007e10        0xc /opt/st/stm32cubeide_1.8.0/plugins/com.st.stm32cube.ide.mcu.externaltools.gnu-tools-for-stm32.9-2020-q2-update.linux64_2.0.0.202105311346/tools/bin/../lib/gcc/arm-none-eabi/9.3.1/../../../../arm-none-eabi/lib/thumb/v7-m/nofp/libc_nano.a(lib_a-findfp.o)
                0x0000000008007e10                __sinit_lock_acquire
 .text.__sinit_lock_release
                0x0000000008007e1c        0xc /opt/st/stm32cubeide_1.8.0/plugins/com.st.stm32cube.ide.mcu.externaltools.gnu-tools-for-stm32.9-2020-q2-update.linux64_2.0.0.202105311346/tools/bin/../lib/gcc/arm-none-eabi/9.3.1/../../../../arm-none-eabi/lib/thumb/v7-m/nofp/libc_nano.a(lib_a-findfp.o)
                0x0000000008007e1c                __sinit_lock_release
 .text.__sinit  0x0000000008007e28       0x70 /opt/st/stm32cubeide_1.8.0/plugins/com.st.stm32cube.ide.mcu.externaltools.gnu-tools-for-stm32.9-2020-q2-update.linux64_2.0.0.202105311346/tools/bin/../lib/gcc/arm-none-eabi/9.3.1/../../../../arm-none-eabi/lib/thumb/v7-m/nofp/libc_nano.a(lib_a-findfp.o)
                0x0000000008007e28                __sinit
 .text.__sfp    0x0000000008007e98       0x8c /opt/st/stm32cubeide_1.8.0/plugins/com.st.stm32cube.ide.mcu.externaltools.gnu-tools-for-stm32.9-2020-q2-update.linux64_2.0.0.202105311346/tools/bin/../lib/gcc/arm-none-eabi/9.3.1/../../../../arm-none-eabi/lib/thumb/v7-m/nofp/libc_nano.a(lib_a-findfp.o)
                0x0000000008007e98                __sfp
 .text._fwalk_reent
                0x0000000008007f24       0x3e /opt/st/stm32cubeide_1.8.0/plugins/com.st.stm32cube.ide.mcu.externaltools.gnu-tools-for-stm32.9-2020-q2-update.linux64_2.0.0.202105311346/tools/bin/../lib/gcc/arm-none-eabi/9.3.1/../../../../arm-none-eabi/lib/thumb/v7-m/nofp/libc_nano.a(lib_a-fwalk.o)
                0x0000000008007f24                _fwalk_reent
 .text.__retarget_lock_init_recursive
                0x0000000008007f62        0x2 /opt/st/stm32cubeide_1.8.0/plugins/com.st.stm32cube.ide.mcu.externaltools.gnu-tools-for-stm32.9-2020-q2-update.linux64_2.0.0.202105311346/tools/bin/../lib/gcc/arm-none-eabi/9.3.1/../../../../arm-none-eabi/lib/thumb/v7-m/nofp/libc_nano.a(lib_a-lock.o)
                0x0000000008007f62                __retarget_lock_init_recursive
 .text.__retarget_lock_acquire_recursive
                0x0000000008007f64        0x2 /opt/st/stm32cubeide_1.8.0/plugins/com.st.stm32cube.ide.mcu.externaltools.gnu-tools-for-stm32.9-2020-q2-update.linux64_2.0.0.202105311346/tools/bin/../lib/gcc/arm-none-eabi/9.3.1/../../../../arm-none-eabi/lib/thumb/v7-m/nofp/libc_nano.a(lib_a-lock.o)
                0x0000000008007f64                __retarget_lock_acquire_recursive
 .text.__retarget_lock_release_recursive
                0x0000000008007f66        0x2 /opt/st/stm32cubeide_1.8.0/plugins/com.st.stm32cube.ide.mcu.externaltools.gnu-tools-for-stm32.9-2020-q2-update.linux64_2.0.0.202105311346/tools/bin/../lib/gcc/arm-none-eabi/9.3.1/../../../../arm-none-eabi/lib/thumb/v7-m/nofp/libc_nano.a(lib_a-lock.o)
                0x0000000008007f66                __retarget_lock_release_recursive
 .text.__swhatbuf_r
                0x0000000008007f68       0x48 /opt/st/stm32cubeide_1.8.0/plugins/com.st.stm32cube.ide.mcu.externaltools.gnu-tools-for-stm32.9-2020-q2-update.linux64_2.0.0.202105311346/tools/bin/../lib/gcc/arm-none-eabi/9.3.1/../../../../arm-none-eabi/lib/thumb/v7-m/nofp/libc_nano.a(lib_a-makebuf.o)
                0x0000000008007f68                __swhatbuf_r
 .text.__smakebuf_r
                0x0000000008007fb0       0x80 /opt/st/stm32cubeide_1.8.0/plugins/com.st.stm32cube.ide.mcu.externaltools.gnu-tools-for-stm32.9-2020-q2-update.linux64_2.0.0.202105311346/tools/bin/../lib/gcc/arm-none-eabi/9.3.1/../../../../arm-none-eabi/lib/thumb/v7-m/nofp/libc_nano.a(lib_a-makebuf.o)
                0x0000000008007fb0                __smakebuf_r
 .text._malloc_usable_size_r
                0x0000000008008030       0x10 /opt/st/stm32cubeide_1.8.0/plugins/com.st.stm32cube.ide.mcu.externaltools.gnu-tools-for-stm32.9-2020-q2-update.linux64_2.0.0.202105311346/tools/bin/../lib/gcc/arm-none-eabi/9.3.1/../../../../arm-none-eabi/lib/thumb/v7-m/nofp/libc_nano.a(lib_a-nano-msizer.o)
                0x0000000008008030                _malloc_usable_size_r
 .text._raise_r
                0x0000000008008040       0x50 /opt/st/stm32cubeide_1.8.0/plugins/com.st.stm32cube.ide.mcu.externaltools.gnu-tools-for-stm32.9-2020-q2-update.linux64_2.0.0.202105311346/tools/bin/../lib/gcc/arm-none-eabi/9.3.1/../../../../arm-none-eabi/lib/thumb/v7-m/nofp/libc_nano.a(lib_a-signal.o)
                0x0000000008008040                _raise_r
 .text.raise    0x0000000008008090       0x10 /opt/st/stm32cubeide_1.8.0/plugins/com.st.stm32cube.ide.mcu.externaltools.gnu-tools-for-stm32.9-2020-q2-update.linux64_2.0.0.202105311346/tools/bin/../lib/gcc/arm-none-eabi/9.3.1/../../../../arm-none-eabi/lib/thumb/v7-m/nofp/libc_nano.a(lib_a-signal.o)
                0x0000000008008090                raise
 .text._kill_r  0x00000000080080a0       0x24 /opt/st/stm32cubeide_1.8.0/plugins/com.st.stm32cube.ide.mcu.externaltools.gnu-tools-for-stm32.9-2020-q2-update.linux64_2.0.0.202105311346/tools/bin/../lib/gcc/arm-none-eabi/9.3.1/../../../../arm-none-eabi/lib/thumb/v7-m/nofp/libc_nano.a(lib_a-signalr.o)
                0x00000000080080a0                _kill_r
 .text._getpid_r
                0x00000000080080c4        0x4 /opt/st/stm32cubeide_1.8.0/plugins/com.st.stm32cube.ide.mcu.externaltools.gnu-tools-for-stm32.9-2020-q2-update.linux64_2.0.0.202105311346/tools/bin/../lib/gcc/arm-none-eabi/9.3.1/../../../../arm-none-eabi/lib/thumb/v7-m/nofp/libc_nano.a(lib_a-signalr.o)
                0x00000000080080c4                _getpid_r
 .text.__sread  0x00000000080080c8       0x22 /opt/st/stm32cubeide_1.8.0/plugins/com.st.stm32cube.ide.mcu.externaltools.gnu-tools-for-stm32.9-2020-q2-update.linux64_2.0.0.202105311346/tools/bin/../lib/gcc/arm-none-eabi/9.3.1/../../../../arm-none-eabi/lib/thumb/v7-m/nofp/libc_nano.a(lib_a-stdio.o)
                0x00000000080080c8                __sread
 .text.__swrite
                0x00000000080080ea       0x38 /opt/st/stm32cubeide_1.8.0/plugins/com.st.stm32cube.ide.mcu.externaltools.gnu-tools-for-stm32.9-2020-q2-update.linux64_2.0.0.202105311346/tools/bin/../lib/gcc/arm-none-eabi/9.3.1/../../../../arm-none-eabi/lib/thumb/v7-m/nofp/libc_nano.a(lib_a-stdio.o)
                0x00000000080080ea                __swrite
 .text.__sseek  0x0000000008008122       0x24 /opt/st/stm32cubeide_1.8.0/plugins/com.st.stm32cube.ide.mcu.externaltools.gnu-tools-for-stm32.9-2020-q2-update.linux64_2.0.0.202105311346/tools/bin/../lib/gcc/arm-none-eabi/9.3.1/../../../../arm-none-eabi/lib/thumb/v7-m/nofp/libc_nano.a(lib_a-stdio.o)
                0x0000000008008122                __sseek
 .text.__sclose
                0x0000000008008146        0x8 /opt/st/stm32cubeide_1.8.0/plugins/com.st.stm32cube.ide.mcu.externaltools.gnu-tools-for-stm32.9-2020-q2-update.linux64_2.0.0.202105311346/tools/bin/../lib/gcc/arm-none-eabi/9.3.1/../../../../arm-none-eabi/lib/thumb/v7-m/nofp/libc_nano.a(lib_a-stdio.o)
                0x0000000008008146                __sclose
 *fill*         0x000000000800814e        0x2 
 .text._write_r
                0x0000000008008150       0x24 /opt/st/stm32cubeide_1.8.0/plugins/com.st.stm32cube.ide.mcu.externaltools.gnu-tools-for-stm32.9-2020-q2-update.linux64_2.0.0.202105311346/tools/bin/../lib/gcc/arm-none-eabi/9.3.1/../../../../arm-none-eabi/lib/thumb/v7-m/nofp/libc_nano.a(lib_a-writer.o)
                0x0000000008008150                _write_r
 .text._close_r
                0x0000000008008174       0x20 /opt/st/stm32cubeide_1.8.0/plugins/com.st.stm32cube.ide.mcu.externaltools.gnu-tools-for-stm32.9-2020-q2-update.linux64_2.0.0.202105311346/tools/bin/../lib/gcc/arm-none-eabi/9.3.1/../../../../arm-none-eabi/lib/thumb/v7-m/nofp/libc_nano.a(lib_a-closer.o)
                0x0000000008008174                _close_r
 .text._fstat_r
                0x0000000008008194       0x24 /opt/st/stm32cubeide_1.8.0/plugins/com.st.stm32cube.ide.mcu.externaltools.gnu-tools-for-stm32.9-2020-q2-update.linux64_2.0.0.202105311346/tools/bin/../lib/gcc/arm-none-eabi/9.3.1/../../../../arm-none-eabi/lib/thumb/v7-m/nofp/libc_nano.a(lib_a-fstatr.o)
                0x0000000008008194                _fstat_r
 .text._isatty_r
                0x00000000080081b8       0x20 /opt/st/stm32cubeide_1.8.0/plugins/com.st.stm32cube.ide.mcu.externaltools.gnu-tools-for-stm32.9-2020-q2-update.linux64_2.0.0.202105311346/tools/bin/../lib/gcc/arm-none-eabi/9.3.1/../../../../arm-none-eabi/lib/thumb/v7-m/nofp/libc_nano.a(lib_a-isattyr.o)
                0x00000000080081b8                _isatty_r
 .text._lseek_r
                0x00000000080081d8       0x24 /opt/st/stm32cubeide_1.8.0/plugins/com.st.stm32cube.ide.mcu.externaltools.gnu-tools-for-stm32.9-2020-q2-update.linux64_2.0.0.202105311346/tools/bin/../lib/gcc/arm-none-eabi/9.3.1/../../../../arm-none-eabi/lib/thumb/v7-m/nofp/libc_nano.a(lib_a-lseekr.o)
                0x00000000080081d8                _lseek_r
 .text._read_r  0x00000000080081fc       0x24 /opt/st/stm32cubeide_1.8.0/plugins/com.st.stm32cube.ide.mcu.externaltools.gnu-tools-for-stm32.9-2020-q2-update.linux64_2.0.0.202105311346/tools/bin/../lib/gcc/arm-none-eabi/9.3.1/../../../../arm-none-eabi/lib/thumb/v7-m/nofp/libc_nano.a(lib_a-readr.o)
                0x00000000080081fc                _read_r
 *(.glue_7)
 .glue_7        0x0000000008008220        0x0 linker stubs
 *(.glue_7t)
 .glue_7t       0x0000000008008220        0x0 linker stubs
 *(.eh_frame)
 .eh_frame      0x0000000008008220        0x0 /opt/st/stm32cubeide_1.8.0/plugins/com.st.stm32cube.ide.mcu.externaltools.gnu-tools-for-stm32.9-2020-q2-update.linux64_2.0.0.202105311346/tools/bin/../lib/gcc/arm-none-eabi/9.3.1/thumb/v7-m/nofp/crtbegin.o
 *(.init)
 .init          0x0000000008008220        0x4 /opt/st/stm32cubeide_1.8.0/plugins/com.st.stm32cube.ide.mcu.externaltools.gnu-tools-for-stm32.9-2020-q2-update.linux64_2.0.0.202105311346/tools/bin/../lib/gcc/arm-none-eabi/9.3.1/thumb/v7-m/nofp/crti.o
                0x0000000008008220                _init
 .init          0x0000000008008224        0x8 /opt/st/stm32cubeide_1.8.0/plugins/com.st.stm32cube.ide.mcu.externaltools.gnu-tools-for-stm32.9-2020-q2-update.linux64_2.0.0.202105311346/tools/bin/../lib/gcc/arm-none-eabi/9.3.1/thumb/v7-m/nofp/crtn.o
 *(.fini)
 .fini          0x000000000800822c        0x4 /opt/st/stm32cubeide_1.8.0/plugins/com.st.stm32cube.ide.mcu.externaltools.gnu-tools-for-stm32.9-2020-q2-update.linux64_2.0.0.202105311346/tools/bin/../lib/gcc/arm-none-eabi/9.3.1/thumb/v7-m/nofp/crti.o
                0x000000000800822c                _fini
 .fini          0x0000000008008230        0x8 /opt/st/stm32cubeide_1.8.0/plugins/com.st.stm32cube.ide.mcu.externaltools.gnu-tools-for-stm32.9-2020-q2-update.linux64_2.0.0.202105311346/tools/bin/../lib/gcc/arm-none-eabi/9.3.1/thumb/v7-m/nofp/crtn.o
                0x0000000008008238                . = ALIGN (0x4)
                0x0000000008008238                _etext = .

.vfp11_veneer   0x0000000008008238        0x0
 .vfp11_veneer  0x0000000008008238        0x0 linker stubs

.v4_bx          0x0000000008008238        0x0
 .v4_bx         0x0000000008008238        0x0 linker stubs

.iplt           0x0000000008008238        0x0
 .iplt          0x0000000008008238        0x0 /opt/st/stm32cubeide_1.8.0/plugins/com.st.stm32cube.ide.mcu.externaltools.gnu-tools-for-stm32.9-2020-q2-update.linux64_2.0.0.202105311346/tools/bin/../lib/gcc/arm-none-eabi/9.3.1/thumb/v7-m/nofp/crtbegin.o

.rodata         0x0000000008008238      0x54c
                0x0000000008008238                . = ALIGN (0x4)
 *(.rodata)
 *(.rodata*)
 .rodata.str1.1
                0x0000000008008238       0x14 ./FreeRTOS/tasks.o
 .rodata.str1.1
                0x000000000800824c        0xc ./src/fun_for_USART.o
                                          0xd (size before relaxing)
 .rodata.str1.1
                0x0000000008008258       0x76 ./src/main.o
 *fill*         0x00000000080082ce        0x2 
 .rodata._global_impure_ptr
                0x00000000080082d0        0x4 /opt/st/stm32cubeide_1.8.0/plugins/com.st.stm32cube.ide.mcu.externaltools.gnu-tools-for-stm32.9-2020-q2-update.linux64_2.0.0.202105311346/tools/bin/../lib/gcc/arm-none-eabi/9.3.1/../../../../arm-none-eabi/lib/thumb/v7-m/nofp/libc_nano.a(lib_a-impure.o)
                0x00000000080082d0                _global_impure_ptr
 .rodata._printf_float.str1.1
                0x00000000080082d4       0x12 /opt/st/stm32cubeide_1.8.0/plugins/com.st.stm32cube.ide.mcu.externaltools.gnu-tools-for-stm32.9-2020-q2-update.linux64_2.0.0.202105311346/tools/bin/../lib/gcc/arm-none-eabi/9.3.1/../../../../arm-none-eabi/lib/thumb/v7-m/nofp/libc_nano.a(lib_a-nano-vfprintf_float.o)
 .rodata._printf_i.str1.1
                0x00000000080082e6       0x22 /opt/st/stm32cubeide_1.8.0/plugins/com.st.stm32cube.ide.mcu.externaltools.gnu-tools-for-stm32.9-2020-q2-update.linux64_2.0.0.202105311346/tools/bin/../lib/gcc/arm-none-eabi/9.3.1/../../../../arm-none-eabi/lib/thumb/v7-m/nofp/libc_nano.a(lib_a-nano-vfprintf_i.o)
 .rodata._scanf_float.str1.1
                0x0000000008008308        0x5 /opt/st/stm32cubeide_1.8.0/plugins/com.st.stm32cube.ide.mcu.externaltools.gnu-tools-for-stm32.9-2020-q2-update.linux64_2.0.0.202105311346/tools/bin/../lib/gcc/arm-none-eabi/9.3.1/../../../../arm-none-eabi/lib/thumb/v7-m/nofp/libc_nano.a(lib_a-nano-vfscanf_float.o)
                                          0x6 (size before relaxing)
 .rodata._strtod_l.str1.1
                0x000000000800830d        0x5 /opt/st/stm32cubeide_1.8.0/plugins/com.st.stm32cube.ide.mcu.externaltools.gnu-tools-for-stm32.9-2020-q2-update.linux64_2.0.0.202105311346/tools/bin/../lib/gcc/arm-none-eabi/9.3.1/../../../../arm-none-eabi/lib/thumb/v7-m/nofp/libc_nano.a(lib_a-strtod.o)
                                          0xd (size before relaxing)
 *fill*         0x000000000800830d        0x3 
 .rodata.fpi.6220
                0x0000000008008310       0x14 /opt/st/stm32cubeide_1.8.0/plugins/com.st.stm32cube.ide.mcu.externaltools.gnu-tools-for-stm32.9-2020-q2-update.linux64_2.0.0.202105311346/tools/bin/../lib/gcc/arm-none-eabi/9.3.1/../../../../arm-none-eabi/lib/thumb/v7-m/nofp/libc_nano.a(lib_a-strtod.o)
 .rodata.fpinan.6256
                0x0000000008008324       0x14 /opt/st/stm32cubeide_1.8.0/plugins/com.st.stm32cube.ide.mcu.externaltools.gnu-tools-for-stm32.9-2020-q2-update.linux64_2.0.0.202105311346/tools/bin/../lib/gcc/arm-none-eabi/9.3.1/../../../../arm-none-eabi/lib/thumb/v7-m/nofp/libc_nano.a(lib_a-strtod.o)
 .rodata.tinytens
                0x0000000008008338       0x28 /opt/st/stm32cubeide_1.8.0/plugins/com.st.stm32cube.ide.mcu.externaltools.gnu-tools-for-stm32.9-2020-q2-update.linux64_2.0.0.202105311346/tools/bin/../lib/gcc/arm-none-eabi/9.3.1/../../../../arm-none-eabi/lib/thumb/v7-m/nofp/libc_nano.a(lib_a-strtod.o)
 .rodata._ctype_
                0x0000000008008360      0x101 /opt/st/stm32cubeide_1.8.0/plugins/com.st.stm32cube.ide.mcu.externaltools.gnu-tools-for-stm32.9-2020-q2-update.linux64_2.0.0.202105311346/tools/bin/../lib/gcc/arm-none-eabi/9.3.1/../../../../arm-none-eabi/lib/thumb/v7-m/nofp/libc_nano.a(lib_a-ctype_.o)
                0x0000000008008360                _ctype_
 .rodata._dtoa_r.str1.1
                0x0000000008008461       0x94 /opt/st/stm32cubeide_1.8.0/plugins/com.st.stm32cube.ide.mcu.externaltools.gnu-tools-for-stm32.9-2020-q2-update.linux64_2.0.0.202105311346/tools/bin/../lib/gcc/arm-none-eabi/9.3.1/../../../../arm-none-eabi/lib/thumb/v7-m/nofp/libc_nano.a(lib_a-dtoa.o)
                                         0x96 (size before relaxing)
 .rodata.__gethex.str1.1
                0x00000000080084f5       0x67 /opt/st/stm32cubeide_1.8.0/plugins/com.st.stm32cube.ide.mcu.externaltools.gnu-tools-for-stm32.9-2020-q2-update.linux64_2.0.0.202105311346/tools/bin/../lib/gcc/arm-none-eabi/9.3.1/../../../../arm-none-eabi/lib/thumb/v7-m/nofp/libc_nano.a(lib_a-gdtoa-gethex.o)
                                         0x78 (size before relaxing)
 .rodata.str1.1
                0x000000000800855c        0x2 /opt/st/stm32cubeide_1.8.0/plugins/com.st.stm32cube.ide.mcu.externaltools.gnu-tools-for-stm32.9-2020-q2-update.linux64_2.0.0.202105311346/tools/bin/../lib/gcc/arm-none-eabi/9.3.1/../../../../arm-none-eabi/lib/thumb/v7-m/nofp/libc_nano.a(lib_a-lnumeric.o)
                                          0x3 (size before relaxing)
 *fill*         0x000000000800855e        0x2 
 .rodata._C_numeric_locale
                0x0000000008008560        0xc /opt/st/stm32cubeide_1.8.0/plugins/com.st.stm32cube.ide.mcu.externaltools.gnu-tools-for-stm32.9-2020-q2-update.linux64_2.0.0.202105311346/tools/bin/../lib/gcc/arm-none-eabi/9.3.1/../../../../arm-none-eabi/lib/thumb/v7-m/nofp/libc_nano.a(lib_a-lnumeric.o)
                0x0000000008008560                _C_numeric_locale
 .rodata._setlocale_r.str1.1
                0x000000000800856c        0x8 /opt/st/stm32cubeide_1.8.0/plugins/com.st.stm32cube.ide.mcu.externaltools.gnu-tools-for-stm32.9-2020-q2-update.linux64_2.0.0.202105311346/tools/bin/../lib/gcc/arm-none-eabi/9.3.1/../../../../arm-none-eabi/lib/thumb/v7-m/nofp/libc_nano.a(lib_a-locale.o)
                                          0x9 (size before relaxing)
 .rodata.str1.1
                0x0000000008008574        0x2 /opt/st/stm32cubeide_1.8.0/plugins/com.st.stm32cube.ide.mcu.externaltools.gnu-tools-for-stm32.9-2020-q2-update.linux64_2.0.0.202105311346/tools/bin/../lib/gcc/arm-none-eabi/9.3.1/../../../../arm-none-eabi/lib/thumb/v7-m/nofp/libc_nano.a(lib_a-locale.o)
 .rodata._Balloc.str1.1
                0x0000000008008574       0x60 /opt/st/stm32cubeide_1.8.0/plugins/com.st.stm32cube.ide.mcu.externaltools.gnu-tools-for-stm32.9-2020-q2-update.linux64_2.0.0.202105311346/tools/bin/../lib/gcc/arm-none-eabi/9.3.1/../../../../arm-none-eabi/lib/thumb/v7-m/nofp/libc_nano.a(lib_a-mprec.o)
                                         0x77 (size before relaxing)
 .rodata.__multadd.str1.1
                0x00000000080085d4       0x11 /opt/st/stm32cubeide_1.8.0/plugins/com.st.stm32cube.ide.mcu.externaltools.gnu-tools-for-stm32.9-2020-q2-update.linux64_2.0.0.202105311346/tools/bin/../lib/gcc/arm-none-eabi/9.3.1/../../../../arm-none-eabi/lib/thumb/v7-m/nofp/libc_nano.a(lib_a-mprec.o)
 *fill*         0x00000000080085d4        0x4 
 .rodata.__mprec_bigtens
                0x00000000080085d8       0x28 /opt/st/stm32cubeide_1.8.0/plugins/com.st.stm32cube.ide.mcu.externaltools.gnu-tools-for-stm32.9-2020-q2-update.linux64_2.0.0.202105311346/tools/bin/../lib/gcc/arm-none-eabi/9.3.1/../../../../arm-none-eabi/lib/thumb/v7-m/nofp/libc_nano.a(lib_a-mprec.o)
                0x00000000080085d8                __mprec_bigtens
 .rodata.__mprec_tens
                0x0000000008008600       0xc8 /opt/st/stm32cubeide_1.8.0/plugins/com.st.stm32cube.ide.mcu.externaltools.gnu-tools-for-stm32.9-2020-q2-update.linux64_2.0.0.202105311346/tools/bin/../lib/gcc/arm-none-eabi/9.3.1/../../../../arm-none-eabi/lib/thumb/v7-m/nofp/libc_nano.a(lib_a-mprec.o)
                0x0000000008008600                __mprec_tens
 .rodata.p05.6150
                0x00000000080086c8        0xc /opt/st/stm32cubeide_1.8.0/plugins/com.st.stm32cube.ide.mcu.externaltools.gnu-tools-for-stm32.9-2020-q2-update.linux64_2.0.0.202105311346/tools/bin/../lib/gcc/arm-none-eabi/9.3.1/../../../../arm-none-eabi/lib/thumb/v7-m/nofp/libc_nano.a(lib_a-mprec.o)
 .rodata._svfprintf_r.str1.1
                0x00000000080086d4       0x11 /opt/st/stm32cubeide_1.8.0/plugins/com.st.stm32cube.ide.mcu.externaltools.gnu-tools-for-stm32.9-2020-q2-update.linux64_2.0.0.202105311346/tools/bin/../lib/gcc/arm-none-eabi/9.3.1/../../../../arm-none-eabi/lib/thumb/v7-m/nofp/libc_nano.a(lib_a-nano-svfprintf.o)
 .rodata.__assert_func.str1.1
                0x00000000080086e5       0x3c /opt/st/stm32cubeide_1.8.0/plugins/com.st.stm32cube.ide.mcu.externaltools.gnu-tools-for-stm32.9-2020-q2-update.linux64_2.0.0.202105311346/tools/bin/../lib/gcc/arm-none-eabi/9.3.1/../../../../arm-none-eabi/lib/thumb/v7-m/nofp/libc_nano.a(lib_a-assert.o)
                                         0x3d (size before relaxing)
 .rodata._vfprintf_r.str1.1
                0x0000000008008721       0x11 /opt/st/stm32cubeide_1.8.0/plugins/com.st.stm32cube.ide.mcu.externaltools.gnu-tools-for-stm32.9-2020-q2-update.linux64_2.0.0.202105311346/tools/bin/../lib/gcc/arm-none-eabi/9.3.1/../../../../arm-none-eabi/lib/thumb/v7-m/nofp/libc_nano.a(lib_a-nano-vfprintf.o)
 *fill*         0x0000000008008721        0x3 
 .rodata.__sf_fake_stderr
                0x0000000008008724       0x20 /opt/st/stm32cubeide_1.8.0/plugins/com.st.stm32cube.ide.mcu.externaltools.gnu-tools-for-stm32.9-2020-q2-update.linux64_2.0.0.202105311346/tools/bin/../lib/gcc/arm-none-eabi/9.3.1/../../../../arm-none-eabi/lib/thumb/v7-m/nofp/libc_nano.a(lib_a-findfp.o)
                0x0000000008008724                __sf_fake_stderr
 .rodata.__sf_fake_stdin
                0x0000000008008744       0x20 /opt/st/stm32cubeide_1.8.0/plugins/com.st.stm32cube.ide.mcu.externaltools.gnu-tools-for-stm32.9-2020-q2-update.linux64_2.0.0.202105311346/tools/bin/../lib/gcc/arm-none-eabi/9.3.1/../../../../arm-none-eabi/lib/thumb/v7-m/nofp/libc_nano.a(lib_a-findfp.o)
                0x0000000008008744                __sf_fake_stdin
 .rodata.__sf_fake_stdout
                0x0000000008008764       0x20 /opt/st/stm32cubeide_1.8.0/plugins/com.st.stm32cube.ide.mcu.externaltools.gnu-tools-for-stm32.9-2020-q2-update.linux64_2.0.0.202105311346/tools/bin/../lib/gcc/arm-none-eabi/9.3.1/../../../../arm-none-eabi/lib/thumb/v7-m/nofp/libc_nano.a(lib_a-findfp.o)
                0x0000000008008764                __sf_fake_stdout
                0x0000000008008784                . = ALIGN (0x4)

.rel.dyn        0x0000000008008784        0x0
 .rel.iplt      0x0000000008008784        0x0 /opt/st/stm32cubeide_1.8.0/plugins/com.st.stm32cube.ide.mcu.externaltools.gnu-tools-for-stm32.9-2020-q2-update.linux64_2.0.0.202105311346/tools/bin/../lib/gcc/arm-none-eabi/9.3.1/thumb/v7-m/nofp/crtbegin.o

.ARM.extab      0x0000000008008784        0x0
                0x0000000008008784                . = ALIGN (0x4)
 *(.ARM.extab* .gnu.linkonce.armextab.*)
                0x0000000008008784                . = ALIGN (0x4)

.ARM            0x0000000008008784        0x0
                0x0000000008008784                . = ALIGN (0x4)
                0x0000000008008784                __exidx_start = .
 *(.ARM.exidx*)
                0x0000000008008784                __exidx_end = .
                0x0000000008008784                . = ALIGN (0x4)

.preinit_array  0x0000000008008784        0x0
                0x0000000008008784                . = ALIGN (0x4)
                0x0000000008008784                PROVIDE (__preinit_array_start = .)
 *(.preinit_array*)
                0x0000000008008784                PROVIDE (__preinit_array_end = .)
                0x0000000008008784                . = ALIGN (0x4)

.init_array     0x0000000008008784        0x4
                0x0000000008008784                . = ALIGN (0x4)
                0x0000000008008784                PROVIDE (__init_array_start = .)
 *(SORT_BY_NAME(.init_array.*))
 *(.init_array*)
 .init_array    0x0000000008008784        0x4 /opt/st/stm32cubeide_1.8.0/plugins/com.st.stm32cube.ide.mcu.externaltools.gnu-tools-for-stm32.9-2020-q2-update.linux64_2.0.0.202105311346/tools/bin/../lib/gcc/arm-none-eabi/9.3.1/thumb/v7-m/nofp/crtbegin.o
                0x0000000008008788                PROVIDE (__init_array_end = .)
                0x0000000008008788                . = ALIGN (0x4)

.fini_array     0x0000000008008788        0x4
                0x0000000008008788                . = ALIGN (0x4)
                [!provide]                        PROVIDE (__fini_array_start = .)
 *(SORT_BY_NAME(.fini_array.*))
 *(.fini_array*)
 .fini_array    0x0000000008008788        0x4 /opt/st/stm32cubeide_1.8.0/plugins/com.st.stm32cube.ide.mcu.externaltools.gnu-tools-for-stm32.9-2020-q2-update.linux64_2.0.0.202105311346/tools/bin/../lib/gcc/arm-none-eabi/9.3.1/thumb/v7-m/nofp/crtbegin.o
                [!provide]                        PROVIDE (__fini_array_end = .)
                0x000000000800878c                . = ALIGN (0x4)
                0x000000000800878c                _sidata = LOADADDR (.data)

.data           0x0000000020000000      0x1f4 load address 0x000000000800878c
                0x0000000020000000                . = ALIGN (0x4)
                0x0000000020000000                _sdata = .
 *(.data)
 .data          0x0000000020000000        0x4 ./FreeRTOS/heap_2.o
 .data          0x0000000020000004        0x4 ./FreeRTOS/port.o
 .data          0x0000000020000008        0x4 ./FreeRTOS/tasks.o
                0x0000000020000008                uxTopUsedPriority
 .data          0x000000002000000c       0x14 ./StdPeriph_Driver/src/stm32f10x_rcc.o
 *(.data*)
 .data._impure_ptr