queue.c:2384:19:prvIsQueueEmpty	8	static
queue.c:2160:19:prvCopyDataToQueue	24	static
queue.c:2243:13:prvCopyDataFromQueue	4	static
queue.c:2264:13:prvUnlockQueue	16	static
queue.c:266:12:xQueueGenericReset	16	static,ignoring_inline_asm
queue.c:398:19:xQueueGenericCreate	24	static
queue.c:772:19:xQueueCreateCountingSemaphore	8	static
queue.c:805:12:xQueueGenericSend	48	static,ignoring_inline_asm
queue.c:542:19:xQueueCreateMutex	16	static
queue.c:1017:12:xQueueGenericSendFromISR	24	static,ignoring_inline_asm
queue.c:1184:12:xQueueGiveFromISR	16	static,ignoring_inline_asm
queue.c:1352:12:xQueueReceive	48	static,ignoring_inline_asm
queue.c:1495:12:xQueueSemaphoreTake	48	static,ignoring_inline_asm
queue.c:1714:12:xQueuePeek	48	static,ignoring_inline_asm
queue.c:1865:12:xQueueReceiveFromISR	24	static,ignoring_inline_asm
queue.c:1960:12:xQueuePeekFromISR	16	static,ignoring_inline_asm
queue.c:2015:13:uxQueueMessagesWaiting	8	static
queue.c:2031:13:uxQueueSpacesAvailable	8	static
queue.c:2048:13:uxQueueMessagesWaitingFromISR	0	static
queue.c:2060:6:vQueueDelete	0	static
queue.c:2104:17:uxQueueGetQueueNumber	0	static
queue.c:2114:10:vQueueSetQueueNumber	0	static
queue.c:2125:13:ucQueueGetQueueType	0	static
queue.c:2405:12:xQueueIsQueueEmptyFromISR	0	static
queue.c:2446:12:xQueueIsQueueFullFromISR	0	static
