17:42:00 **** Incremental Build of configuration Debug for project LASET_FreeRTOS ****
make all 
arm-none-eabi-gcc "../src/main.c" -mcpu=cortex-m3 -std=gnu11 -g3 -DSTM32F1 -DSTM32F103RBTx -DSTM32 -DDEBUG -DUSE_STDPERIPH_DRIVER -DSTM32F10X_MD -c -I"/home/maksym/STM32CubeIDE/workspace_1.8.0/LASET_FreeRTOS/inc" -I"/home/maksym/STM32CubeIDE/workspace_1.8.0/LASET_FreeRTOS/StdPeriph_Driver/inc" -I"/home/maksym/STM32CubeIDE/workspace_1.8.0/LASET_FreeRTOS/CMSIS/core" -I"/home/maksym/STM32CubeIDE/workspace_1.8.0/LASET_FreeRTOS/CMSIS/device" -I"/home/maksym/STM32CubeIDE/workspace_1.8.0/LASET_FreeRTOS/FreeRTOS/include" -Os -ffunction-sections -Wall -fstack-usage -MMD -MP -MF"src/main.d" -MT"src/main.o" --specs=nano.specs -mfloat-abi=soft -mthumb -o "src/main.o"
../src/main.c: In function 'prvOdometryTrack':
../src/main.c:176:38: warning: unused variable 'buf' [-Wunused-variable]
  176 |  char buf_x[15],buf_y[15],buf_th[15],buf[msg_length];
      |                                      ^~~
../src/main.c:176:27: warning: unused variable 'buf_th' [-Wunused-variable]
  176 |  char buf_x[15],buf_y[15],buf_th[15],buf[msg_length];
      |                           ^~~~~~
../src/main.c:176:17: warning: unused variable 'buf_y' [-Wunused-variable]
  176 |  char buf_x[15],buf_y[15],buf_th[15],buf[msg_length];
      |                 ^~~~~
../src/main.c:176:7: warning: unused variable 'buf_x' [-Wunused-variable]
  176 |  char buf_x[15],buf_y[15],buf_th[15],buf[msg_length];
      |       ^~~~~
../src/main.c:175:52: warning: unused variable 'y' [-Wunused-variable]
  175 |  float d_s, d_theta_i, theta=0, d_x=0, d_y=0, x=0, y=0;
      |                                                    ^
../src/main.c:175:47: warning: unused variable 'x' [-Wunused-variable]
  175 |  float d_s, d_theta_i, theta=0, d_x=0, d_y=0, x=0, y=0;
      |                                               ^
../src/main.c:175:40: warning: variable 'd_y' set but not used [-Wunused-but-set-variable]
  175 |  float d_s, d_theta_i, theta=0, d_x=0, d_y=0, x=0, y=0;
      |                                        ^~~
../src/main.c: In function 'prvControlador':
../src/main.c:228:73: warning: unused variable 'I_old' [-Wunused-variable]
  228 |  float erro=0,erro_ant=0, erro_acum=0, pwm=0,P=0,Kp=0.1,D=0,Kd=0.1,I=0, I_old=0, Ki=0.001, PID=0;
      |                                                                         ^~~~~
../src/main.c:225:9: warning: unused variable 'pwm_des' [-Wunused-variable]
  225 |  My_PWM pwm_des, pwm_real;
      |         ^~~~~~~
../src/main.c:223:30: warning: unused variable 'delta_ticks_des' [-Wunused-variable]
  223 |  Var_ticks delta_ticks_real, delta_ticks_des;
      |                              ^~~~~~~~~~~~~~~
../src/main.c:222:12: warning: variable 'ticks_old' set but not used [-Wunused-but-set-variable]
  222 |  Num_ticks ticks_old, ticks_new; ticks_new.esq=0; ticks_new.dir=0; ticks_old.esq=0;
      |            ^~~~~~~~~
../src/main.c: In function 'prvReadUsart':
../src/main.c:316:7: warning: unused variable 'buf' [-Wunused-variable]
  316 |  char buf[30];
      |       ^~~
arm-none-eabi-gcc -o "LASET_FreeRTOS.elf" @"objects.list"   -mcpu=cortex-m3 -T"/home/maksym/STM32CubeIDE/workspace_1.8.0/LASET_FreeRTOS/LinkerScript.ld" --specs=nosys.specs -Wl,-Map="LASET_FreeRTOS.map" -Wl,--gc-sections -static --specs=nano.specs -mfloat-abi=soft -mthumb -u _printf_float -u _scanf_float -Wl,--start-group -lc -lm -Wl,--end-group
Finished building target: LASET_FreeRTOS.elf
 
arm-none-eabi-size   LASET_FreeRTOS.elf 
   text	   data	    bss	    dec	    hex	filename
  34656	    508	  13916	  49080	   bfb8	LASET_FreeRTOS.elf
Finished building: default.size.stdout
 
arm-none-eabi-objdump -h -S  LASET_FreeRTOS.elf  > "LASET_FreeRTOS.list"
Finished building: LASET_FreeRTOS.list
 
arm-none-eabi-objcopy  -O binary  LASET_FreeRTOS.elf  "LASET_FreeRTOS.bin"
Finished building: LASET_FreeRTOS.bin
 
17:42:06 **** Incremental Build of configuration Debug for project LASET_FreeRTOS ****
make all 
arm-none-eabi-size   LASET_FreeRTOS.elf 
   text	   data	    bss	    dec	    hex	filename
  34656	    508	  13916	  49080	   bfb8	LASET_FreeRTOS.elf
Finished building: default.size.stdout
 
17:45:26 **** Incremental Build of configuration Debug for project LASET_FreeRTOS ****
make all 
arm-none-eabi-gcc "../src/main.c" -mcpu=cortex-m3 -std=gnu11 -g3 -DSTM32F1 -DSTM32F103RBTx -DSTM32 -DDEBUG -DUSE_STDPERIPH_DRIVER -DSTM32F10X_MD -c -I"/home/maksym/STM32CubeIDE/workspace_1.8.0/LASET_FreeRTOS/inc" -I"/home/maksym/STM32CubeIDE/workspace_1.8.0/LASET_FreeRTOS/StdPeriph_Driver/inc" -I"/home/maksym/STM32CubeIDE/workspace_1.8.0/LASET_FreeRTOS/CMSIS/core" -I"/home/maksym/STM32CubeIDE/workspace_1.8.0/LASET_FreeRTOS/CMSIS/device" -I"/home/maksym/STM32CubeIDE/workspace_1.8.0/LASET_FreeRTOS/FreeRTOS/include" -Os -ffunction-sections -Wall -fstack-usage -MMD -MP -MF"src/main.d" -MT"src/main.o" --specs=nano.specs -mfloat-abi=soft -mthumb -o "src/main.o"
../src/main.c: In function 'prvOdometryTrack':
../src/main.c:176:38: warning: unused variable 'buf' [-Wunused-variable]
  176 |  char buf_x[15],buf_y[15],buf_th[15],buf[msg_length];
      |                                      ^~~
../src/main.c:176:27: warning: unused variable 'buf_th' [-Wunused-variable]
  176 |  char buf_x[15],buf_y[15],buf_th[15],buf[msg_length];
      |                           ^~~~~~
../src/main.c:176:17: warning: unused variable 'buf_y' [-Wunused-variable]
  176 |  char buf_x[15],buf_y[15],buf_th[15],buf[msg_length];
      |                 ^~~~~
../src/main.c:176:7: warning: unused variable 'buf_x' [-Wunused-variable]
  176 |  char buf_x[15],buf_y[15],buf_th[15],buf[msg_length];
      |       ^~~~~
../src/main.c:175:52: warning: unused variable 'y' [-Wunused-variable]
  175 |  float d_s, d_theta_i, theta=0, d_x=0, d_y=0, x=0, y=0;
      |                                                    ^
../src/main.c:175:47: warning: unused variable 'x' [-Wunused-variable]
  175 |  float d_s, d_theta_i, theta=0, d_x=0, d_y=0, x=0, y=0;
      |                                               ^
../src/main.c:175:40: warning: variable 'd_y' set but not used [-Wunused-but-set-variable]
  175 |  float d_s, d_theta_i, theta=0, d_x=0, d_y=0, x=0, y=0;
      |                                        ^~~
../src/main.c: In function 'prvControlador':
../src/main.c:228:73: warning: unused variable 'I_old' [-Wunused-variable]
  228 |  float erro=0,erro_ant=0, erro_acum=0, pwm=0,P=0,Kp=0.1,D=0,Kd=0.0,I=0, I_old=0, Ki=0.000, PID=0;
      |                                                                         ^~~~~
../src/main.c:225:9: warning: unused variable 'pwm_des' [-Wunused-variable]
  225 |  My_PWM pwm_des, pwm_real;
      |         ^~~~~~~
../src/main.c:223:30: warning: unused variable 'delta_ticks_des' [-Wunused-variable]
  223 |  Var_ticks delta_ticks_real, delta_ticks_des;
      |                              ^~~~~~~~~~~~~~~
../src/main.c:222:12: warning: variable 'ticks_old' set but not used [-Wunused-but-set-variable]
  222 |  Num_ticks ticks_old, ticks_new; ticks_new.esq=0; ticks_new.dir=0; ticks_old.esq=0;
      |            ^~~~~~~~~
../src/main.c: In function 'prvReadUsart':
../src/main.c:316:7: warning: unused variable 'buf' [-Wunused-variable]
  316 |  char buf[30];
      |       ^~~
arm-none-eabi-gcc -o "LASET_FreeRTOS.elf" @"objects.list"   -mcpu=cortex-m3 -T"/home/maksym/STM32CubeIDE/workspace_1.8.0/LASET_FreeRTOS/LinkerScript.ld" --specs=nosys.specs -Wl,-Map="LASET_FreeRTOS.map" -Wl,--gc-sections -static --specs=nano.specs -mfloat-abi=soft -mthumb -u _printf_float -u _scanf_float -Wl,--start-group -lc -lm -Wl,--end-group
Finished building target: LASET_FreeRTOS.elf
 
arm-none-eabi-size   LASET_FreeRTOS.elf 
   text	   data	    bss	    dec	    hex	filename
  34664	    508	  13916	  49088	   bfc0	LASET_FreeRTOS.elf
Finished building: default.size.stdout
 
arm-none-eabi-objdump -h -S  LASET_FreeRTOS.elf  > "LASET_FreeRTOS.list"
Finished building: LASET_FreeRTOS.list
 
arm-none-eabi-objcopy  -O binary  LASET_FreeRTOS.elf  "LASET_FreeRTOS.bin"
Finished building: LASET_FreeRTOS.bin
 
17:46:41 **** Incremental Build of configuration Debug for project LASET_FreeRTOS ****
make all 
arm-none-eabi-gcc "../src/main.c" -mcpu=cortex-m3 -std=gnu11 -g3 -DSTM32F1 -DSTM32F103RBTx -DSTM32 -DDEBUG -DUSE_STDPERIPH_DRIVER -DSTM32F10X_MD -c -I"/home/maksym/STM32CubeIDE/workspace_1.8.0/LASET_FreeRTOS/inc" -I"/home/maksym/STM32CubeIDE/workspace_1.8.0/LASET_FreeRTOS/StdPeriph_Driver/inc" -I"/home/maksym/STM32CubeIDE/workspace_1.8.0/LASET_FreeRTOS/CMSIS/core" -I"/home/maksym/STM32CubeIDE/workspace_1.8.0/LASET_FreeRTOS/CMSIS/device" -I"/home/maksym/STM32CubeIDE/workspace_1.8.0/LASET_FreeRTOS/FreeRTOS/include" -Os -ffunction-sections -Wall -fstack-usage -MMD -MP -MF"src/main.d" -MT"src/main.o" --specs=nano.specs -mfloat-abi=soft -mthumb -o "src/main.o"
../src/main.c: In function 'prvOdometryTrack':
../src/main.c:176:38: warning: unused variable 'buf' [-Wunused-variable]
  176 |  char buf_x[15],buf_y[15],buf_th[15],buf[msg_length];
      |                                      ^~~
../src/main.c:176:27: warning: unused variable 'buf_th' [-Wunused-variable]
  176 |  char buf_x[15],buf_y[15],buf_th[15],buf[msg_length];
      |                           ^~~~~~
../src/main.c:176:17: warning: unused variable 'buf_y' [-Wunused-variable]
  176 |  char buf_x[15],buf_y[15],buf_th[15],buf[msg_length];
      |                 ^~~~~
../src/main.c:176:7: warning: unused variable 'buf_x' [-Wunused-variable]
  176 |  char buf_x[15],buf_y[15],buf_th[15],buf[msg_length];
      |       ^~~~~
../src/main.c:175:52: warning: unused variable 'y' [-Wunused-variable]
  175 |  float d_s, d_theta_i, theta=0, d_x=0, d_y=0, x=0, y=0;
      |                                                    ^
../src/main.c:175:47: warning: unused variable 'x' [-Wunused-variable]
  175 |  float d_s, d_theta_i, theta=0, d_x=0, d_y=0, x=0, y=0;
      |                                               ^
../src/main.c:175:40: warning: variable 'd_y' set but not used [-Wunused-but-set-variable]
  175 |  float d_s, d_theta_i, theta=0, d_x=0, d_y=0, x=0, y=0;
      |                                        ^~~
../src/main.c: In function 'prvControlador':
../src/main.c:228:73: warning: unused variable 'I_old' [-Wunused-variable]
  228 |  float erro=0,erro_ant=0, erro_acum=0, pwm=0,P=0,Kp=0.1,D=0,Kd=0.0,I=0, I_old=0, Ki=0.000, PID=0;
      |                                                                         ^~~~~
../src/main.c:225:9: warning: unused variable 'pwm_des' [-Wunused-variable]
  225 |  My_PWM pwm_des, pwm_real;
      |         ^~~~~~~
../src/main.c:223:30: warning: unused variable 'delta_ticks_des' [-Wunused-variable]
  223 |  Var_ticks delta_ticks_real, delta_ticks_des;
      |                              ^~~~~~~~~~~~~~~
../src/main.c:222:12: warning: variable 'ticks_old' set but not used [-Wunused-but-set-variable]
  222 |  Num_ticks ticks_old, ticks_new; ticks_new.esq=0; ticks_new.dir=0; ticks_old.esq=0;
      |            ^~~~~~~~~
../src/main.c: In function 'prvReadUsart':
../src/main.c:316:7: warning: unused variable 'buf' [-Wunused-variable]
  316 |  char buf[30];
      |       ^~~
arm-none-eabi-gcc -o "LASET_FreeRTOS.elf" @"objects.list"   -mcpu=cortex-m3 -T"/home/maksym/STM32CubeIDE/workspace_1.8.0/LASET_FreeRTOS/LinkerScript.ld" --specs=nosys.specs -Wl,-Map="LASET_FreeRTOS.map" -Wl,--gc-sections -static --specs=nano.specs -mfloat-abi=soft -mthumb -u _printf_float -u _scanf_float -Wl,--start-group -lc -lm -Wl,--end-group
Finished building target: LASET_FreeRTOS.elf
 
arm-none-eabi-size   LASET_FreeRTOS.elf 
   text	   data	    bss	    dec	    hex	filename
  34656	    508	  13916	  49080	   bfb8	LASET_FreeRTOS.elf
Finished building: default.size.stdout
 
arm-none-eabi-objdump -h -S  LASET_FreeRTOS.elf  > "LASET_FreeRTOS.list"
Finished building: LASET_FreeRTOS.list
 
arm-none-eabi-objcopy  -O binary  LASET_FreeRTOS.elf  "LASET_FreeRTOS.bin"
Finished building: LASET_FreeRTOS.bin
 
17:48:03 **** Incremental Build of configuration Debug for project LASET_FreeRTOS ****
make all 
arm-none-eabi-gcc "../src/main.c" -mcpu=cortex-m3 -std=gnu11 -g3 -DSTM32F1 -DSTM32F103RBTx -DSTM32 -DDEBUG -DUSE_STDPERIPH_DRIVER -DSTM32F10X_MD -c -I"/home/maksym/STM32CubeIDE/workspace_1.8.0/LASET_FreeRTOS/inc" -I"/home/maksym/STM32CubeIDE/workspace_1.8.0/LASET_FreeRTOS/StdPeriph_Driver/inc" -I"/home/maksym/STM32CubeIDE/workspace_1.8.0/LASET_FreeRTOS/CMSIS/core" -I"/home/maksym/STM32CubeIDE/workspace_1.8.0/LASET_FreeRTOS/CMSIS/device" -I"/home/maksym/STM32CubeIDE/workspace_1.8.0/LASET_FreeRTOS/FreeRTOS/include" -Os -ffunction-sections -Wall -fstack-usage -MMD -MP -MF"src/main.d" -MT"src/main.o" --specs=nano.specs -mfloat-abi=soft -mthumb -o "src/main.o"
../src/main.c: In function 'prvOdometryTrack':
../src/main.c:176:38: warning: unused variable 'buf' [-Wunused-variable]
  176 |  char buf_x[15],buf_y[15],buf_th[15],buf[msg_length];
      |                                      ^~~
../src/main.c:176:27: warning: unused variable 'buf_th' [-Wunused-variable]
  176 |  char buf_x[15],buf_y[15],buf_th[15],buf[msg_length];
      |                           ^~~~~~
../src/main.c:176:17: warning: unused variable 'buf_y' [-Wunused-variable]
  176 |  char buf_x[15],buf_y[15],buf_th[15],buf[msg_length];
      |                 ^~~~~
../src/main.c:176:7: warning: unused variable 'buf_x' [-Wunused-variable]
  176 |  char buf_x[15],buf_y[15],buf_th[15],buf[msg_length];
      |       ^~~~~
../src/main.c:175:52: warning: unused variable 'y' [-Wunused-variable]
  175 |  float d_s, d_theta_i, theta=0, d_x=0, d_y=0, x=0, y=0;
      |                                                    ^
../src/main.c:175:47: warning: unused variable 'x' [-Wunused-variable]
  175 |  float d_s, d_theta_i, theta=0, d_x=0, d_y=0, x=0, y=0;
      |                                               ^
../src/main.c:175:40: warning: variable 'd_y' set but not used [-Wunused-but-set-variable]
  175 |  float d_s, d_theta_i, theta=0, d_x=0, d_y=0, x=0, y=0;
      |                                        ^~~
../src/main.c: In function 'prvControlador':
../src/main.c:228:74: warning: unused variable 'I_old' [-Wunused-variable]
  228 |  float erro=0,erro_ant=0, erro_acum=0, pwm=0,P=0,Kp=0.05,D=0,Kd=0.0,I=0, I_old=0, Ki=0.000, PID=0;
      |                                                                          ^~~~~
../src/main.c:225:9: warning: unused variable 'pwm_des' [-Wunused-variable]
  225 |  My_PWM pwm_des, pwm_real;
      |         ^~~~~~~
../src/main.c:223:30: warning: unused variable 'delta_ticks_des' [-Wunused-variable]
  223 |  Var_ticks delta_ticks_real, delta_ticks_des;
      |                              ^~~~~~~~~~~~~~~
../src/main.c:222:12: warning: variable 'ticks_old' set but not used [-Wunused-but-set-variable]
  222 |  Num_ticks ticks_old, ticks_new; ticks_new.esq=0; ticks_new.dir=0; ticks_old.esq=0;
      |            ^~~~~~~~~
../src/main.c: In function 'prvReadUsart':
../src/main.c:316:7: warning: unused variable 'buf' [-Wunused-variable]
  316 |  char buf[30];
      |       ^~~
arm-none-eabi-gcc -o "LASET_FreeRTOS.elf" @"objects.list"   -mcpu=cortex-m3 -T"/home/maksym/STM32CubeIDE/workspace_1.8.0/LASET_FreeRTOS/LinkerScript.ld" --specs=nosys.specs -Wl,-Map="LASET_FreeRTOS.map" -Wl,--gc-sections -static --specs=nano.specs -mfloat-abi=soft -mthumb -u _printf_float -u _scanf_float -Wl,--start-group -lc -lm -Wl,--end-group
Finished building target: LASET_FreeRTOS.elf
 
arm-none-eabi-size   LASET_FreeRTOS.elf 
   text	   data	    bss	    dec	    hex	filename
  34656	    508	  13916	  49080	   bfb8	LASET_FreeRTOS.elf
Finished building: default.size.stdout
 
arm-none-eabi-objdump -h -S  LASET_FreeRTOS.elf  > "LASET_FreeRTOS.list"
Finished building: LASET_FreeRTOS.list
 
arm-none-eabi-objcopy  -O binary  LASET_FreeRTOS.elf  "LASET_FreeRTOS.bin"
Finished building: LASET_FreeRTOS.bin
 
17:53:39 **** Incremental Build of configuration Debug for project LASET_FreeRTOS ****
make all 
arm-none-eabi-gcc "../src/main.c" -mcpu=cortex-m3 -std=gnu11 -g3 -DSTM32F1 -DSTM32F103RBTx -DSTM32 -DDEBUG -DUSE_STDPERIPH_DRIVER -DSTM32F10X_MD -c -I"/home/maksym/STM32CubeIDE/workspace_1.8.0/LASET_FreeRTOS/inc" -I"/home/maksym/STM32CubeIDE/workspace_1.8.0/LASET_FreeRTOS/StdPeriph_Driver/inc" -I"/home/maksym/STM32CubeIDE/workspace_1.8.0/LASET_FreeRTOS/CMSIS/core" -I"/home/maksym/STM32CubeIDE/workspace_1.8.0/LASET_FreeRTOS/CMSIS/device" -I"/home/maksym/STM32CubeIDE/workspace_1.8.0/LASET_FreeRTOS/FreeRTOS/include" -Os -ffunction-sections -Wall -fstack-usage -MMD -MP -MF"src/main.d" -MT"src/main.o" --specs=nano.specs -mfloat-abi=soft -mthumb -o "src/main.o"
../src/main.c: In function 'prvOdometryTrack':
../src/main.c:176:38: warning: unused variable 'buf' [-Wunused-variable]
  176 |  char buf_x[15],buf_y[15],buf_th[15],buf[msg_length];
      |                                      ^~~
../src/main.c:176:27: warning: unused variable 'buf_th' [-Wunused-variable]
  176 |  char buf_x[15],buf_y[15],buf_th[15],buf[msg_length];
      |                           ^~~~~~
../src/main.c:176:17: warning: unused variable 'buf_y' [-Wunused-variable]
  176 |  char buf_x[15],buf_y[15],buf_th[15],buf[msg_length];
      |                 ^~~~~
../src/main.c:176:7: warning: unused variable 'buf_x' [-Wunused-variable]
  176 |  char buf_x[15],buf_y[15],buf_th[15],buf[msg_length];
      |       ^~~~~
../src/main.c:175:52: warning: unused variable 'y' [-Wunused-variable]
  175 |  float d_s, d_theta_i, theta=0, d_x=0, d_y=0, x=0, y=0;
      |                                                    ^
../src/main.c:175:47: warning: unused variable 'x' [-Wunused-variable]
  175 |  float d_s, d_theta_i, theta=0, d_x=0, d_y=0, x=0, y=0;
      |                                               ^
../src/main.c:175:40: warning: variable 'd_y' set but not used [-Wunused-but-set-variable]
  175 |  float d_s, d_theta_i, theta=0, d_x=0, d_y=0, x=0, y=0;
      |                                        ^~~
../src/main.c: In function 'prvControlador':
../src/main.c:228:73: warning: unused variable 'I_old' [-Wunused-variable]
  228 |  float erro=0,erro_ant=0, erro_acum=0, pwm=0,P=0,Kp=0.1,D=0,Kd=0.0,I=0, I_old=0, Ki=0.000, PID=0;
      |                                                                         ^~~~~
../src/main.c:225:9: warning: unused variable 'pwm_des' [-Wunused-variable]
  225 |  My_PWM pwm_des, pwm_real;
      |         ^~~~~~~
../src/main.c:223:30: warning: unused variable 'delta_ticks_des' [-Wunused-variable]
  223 |  Var_ticks delta_ticks_real, delta_ticks_des;
      |                              ^~~~~~~~~~~~~~~
../src/main.c:222:12: warning: variable 'ticks_old' set but not used [-Wunused-but-set-variable]
  222 |  Num_ticks ticks_old, ticks_new; ticks_new.esq=0; ticks_new.dir=0; ticks_old.esq=0;
      |            ^~~~~~~~~
../src/main.c: In function 'prvReadUsart':
../src/main.c:316:7: warning: unused variable 'buf' [-Wunused-variable]
  316 |  char buf[30];
      |       ^~~
arm-none-eabi-gcc -o "LASET_FreeRTOS.elf" @"objects.list"   -mcpu=cortex-m3 -T"/home/maksym/STM32CubeIDE/workspace_1.8.0/LASET_FreeRTOS/LinkerScript.ld" --specs=nosys.specs -Wl,-Map="LASET_FreeRTOS.map" -Wl,--gc-sections -static --specs=nano.specs -mfloat-abi=soft -mthumb -u _printf_float -u _scanf_float -Wl,--start-group -lc -lm -Wl,--end-group
Finished building target: LASET_FreeRTOS.elf
 
arm-none-eabi-size   LASET_FreeRTOS.elf 
   text	   data	    bss	    dec	    hex	filename
  34656	    508	  13916	  49080	   bfb8	LASET_FreeRTOS.elf
Finished building: default.size.stdout
 
arm-none-eabi-objdump -h -S  LASET_FreeRTOS.elf  > "LASET_FreeRTOS.list"
Finished building: LASET_FreeRTOS.list
 
arm-none-eabi-objcopy  -O binary  LASET_FreeRTOS.elf  "LASET_FreeRTOS.bin"
Finished building: LASET_FreeRTOS.bin
 
18:15:49 **** Incremental Build of configuration Debug for project LASET_FreeRTOS ****
make all 
arm-none-eabi-gcc "../src/main.c" -mcpu=cortex-m3 -std=gnu11 -g3 -DSTM32F1 -DSTM32F103RBTx -DSTM32 -DDEBUG -DUSE_STDPERIPH_DRIVER -DSTM32F10X_MD -c -I"/home/maksym/STM32CubeIDE/workspace_1.8.0/LASET_FreeRTOS/inc" -I"/home/maksym/STM32CubeIDE/workspace_1.8.0/LASET_FreeRTOS/StdPeriph_Driver/inc" -I"/home/maksym/STM32CubeIDE/workspace_1.8.0/LASET_FreeRTOS/CMSIS/core" -I"/home/maksym/STM32CubeIDE/workspace_1.8.0/LASET_FreeRTOS/CMSIS/device" -I"/home/maksym/STM32CubeIDE/workspace_1.8.0/LASET_FreeRTOS/FreeRTOS/include" -Os -ffunction-sections -Wall -fstack-usage -MMD -MP -MF"src/main.d" -MT"src/main.o" --specs=nano.specs -mfloat-abi=soft -mthumb -o "src/main.o"
../src/main.c: In function 'prvOdometryTrack':
../src/main.c:176:38: warning: unused variable 'buf' [-Wunused-variable]
  176 |  char buf_x[15],buf_y[15],buf_th[15],buf[msg_length];
      |                                      ^~~
../src/main.c:176:27: warning: unused variable 'buf_th' [-Wunused-variable]
  176 |  char buf_x[15],buf_y[15],buf_th[15],buf[msg_length];
      |                           ^~~~~~
../src/main.c:176:17: warning: unused variable 'buf_y' [-Wunused-variable]
  176 |  char buf_x[15],buf_y[15],buf_th[15],buf[msg_length];
      |                 ^~~~~
../src/main.c:176:7: warning: unused variable 'buf_x' [-Wunused-variable]
  176 |  char buf_x[15],buf_y[15],buf_th[15],buf[msg_length];
      |       ^~~~~
../src/main.c:175:52: warning: unused variable 'y' [-Wunused-variable]
  175 |  float d_s, d_theta_i, theta=0, d_x=0, d_y=0, x=0, y=0;
      |                                                    ^
../src/main.c:175:47: warning: unused variable 'x' [-Wunused-variable]
  175 |  float d_s, d_theta_i, theta=0, d_x=0, d_y=0, x=0, y=0;
      |                                               ^
../src/main.c:175:40: warning: variable 'd_y' set but not used [-Wunused-but-set-variable]
  175 |  float d_s, d_theta_i, theta=0, d_x=0, d_y=0, x=0, y=0;
      |                                        ^~~
../src/main.c: In function 'prvControlador':
../src/main.c:228:64: error: too many decimal points in number
  228 |  float erro=0,erro_ant=0, erro_acum=0, pwm=0,P=0,Kp=0.1,D=0,Kd=0.01.0,I=0, I_old=0, Ki=0.000, PID=0;
      |                                                                ^~~~~~
../src/main.c:228:76: warning: unused variable 'I_old' [-Wunused-variable]
  228 |  float erro=0,erro_ant=0, erro_acum=0, pwm=0,P=0,Kp=0.1,D=0,Kd=0.01.0,I=0, I_old=0, Ki=0.000, PID=0;
      |                                                                            ^~~~~
../src/main.c:225:9: warning: unused variable 'pwm_des' [-Wunused-variable]
  225 |  My_PWM pwm_des, pwm_real;
      |         ^~~~~~~
../src/main.c:223:30: warning: unused variable 'delta_ticks_des' [-Wunused-variable]
  223 |  Var_ticks delta_ticks_real, delta_ticks_des;
      |                              ^~~~~~~~~~~~~~~
../src/main.c:222:12: warning: variable 'ticks_old' set but not used [-Wunused-but-set-variable]
  222 |  Num_ticks ticks_old, ticks_new; ticks_new.esq=0; ticks_new.dir=0; ticks_old.esq=0;
      |            ^~~~~~~~~
../src/main.c: In function 'prvReadUsart':
../src/main.c:316:7: warning: unused variable 'buf' [-Wunused-variable]
  316 |  char buf[30];
      |       ^~~
make: *** [src/subdir.mk:34: src/main.o] Error 1
"make all" terminated with exit code 2. Build might be incomplete.
18:15:58 **** Incremental Build of configuration Debug for project LASET_FreeRTOS ****
make all 
arm-none-eabi-gcc "../src/main.c" -mcpu=cortex-m3 -std=gnu11 -g3 -DSTM32F1 -DSTM32F103RBTx -DSTM32 -DDEBUG -DUSE_STDPERIPH_DRIVER -DSTM32F10X_MD -c -I"/home/maksym/STM32CubeIDE/workspace_1.8.0/LASET_FreeRTOS/inc" -I"/home/maksym/STM32CubeIDE/workspace_1.8.0/LASET_FreeRTOS/StdPeriph_Driver/inc" -I"/home/maksym/STM32CubeIDE/workspace_1.8.0/LASET_FreeRTOS/CMSIS/core" -I"/home/maksym/STM32CubeIDE/workspace_1.8.0/LASET_FreeRTOS/CMSIS/device" -I"/home/maksym/STM32CubeIDE/workspace_1.8.0/LASET_FreeRTOS/FreeRTOS/include" -Os -ffunction-sections -Wall -fstack-usage -MMD -MP -MF"src/main.d" -MT"src/main.o" --specs=nano.specs -mfloat-abi=soft -mthumb -o "src/main.o"
../src/main.c: In function 'prvOdometryTrack':
../src/main.c:176:38: warning: unused variable 'buf' [-Wunused-variable]
  176 |  char buf_x[15],buf_y[15],buf_th[15],buf[msg_length];
      |                                      ^~~
../src/main.c:176:27: warning: unused variable 'buf_th' [-Wunused-variable]
  176 |  char buf_x[15],buf_y[15],buf_th[15],buf[msg_length];
      |                           ^~~~~~
../src/main.c:176:17: warning: unused variable 'buf_y' [-Wunused-variable]
  176 |  char buf_x[15],buf_y[15],buf_th[15],buf[msg_length];
      |                 ^~~~~
../src/main.c:176:7: warning: unused variable 'buf_x' [-Wunused-variable]
  176 |  char buf_x[15],buf_y[15],buf_th[15],buf[msg_length];
      |       ^~~~~
../src/main.c:175:52: warning: unused variable 'y' [-Wunused-variable]
  175 |  float d_s, d_theta_i, theta=0, d_x=0, d_y=0, x=0, y=0;
      |                                                    ^
../src/main.c:175:47: warning: unused variable 'x' [-Wunused-variable]
  175 |  float d_s, d_theta_i, theta=0, d_x=0, d_y=0, x=0, y=0;
      |                                               ^
../src/main.c:175:40: warning: variable 'd_y' set but not used [-Wunused-but-set-variable]
  175 |  float d_s, d_theta_i, theta=0, d_x=0, d_y=0, x=0, y=0;
      |                                        ^~~
../src/main.c: In function 'prvControlador':
../src/main.c:228:74: warning: unused variable 'I_old' [-Wunused-variable]
  228 |  float erro=0,erro_ant=0, erro_acum=0, pwm=0,P=0,Kp=0.1,D=0,Kd=0.01,I=0, I_old=0, Ki=0.000, PID=0;
      |                                                                          ^~~~~
../src/main.c:225:9: warning: unused variable 'pwm_des' [-Wunused-variable]
  225 |  My_PWM pwm_des, pwm_real;
      |         ^~~~~~~
../src/main.c:223:30: warning: unused variable 'delta_ticks_des' [-Wunused-variable]
  223 |  Var_ticks delta_ticks_real, delta_ticks_des;
      |                              ^~~~~~~~~~~~~~~
../src/main.c:222:12: warning: variable 'ticks_old' set but not used [-Wunused-but-set-variable]
  222 |  Num_ticks ticks_old, ticks_new; ticks_new.esq=0; ticks_new.dir=0; ticks_old.esq=0;
      |            ^~~~~~~~~
../src/main.c: In function 'prvReadUsart':
../src/main.c:316:7: warning: unused variable 'buf' [-Wunused-variable]
  316 |  char buf[30];
      |       ^~~
arm-none-eabi-gcc -o "LASET_FreeRTOS.elf" @"objects.list"   -mcpu=cortex-m3 -T"/home/maksym/STM32CubeIDE/workspace_1.8.0/LASET_FreeRTOS/LinkerScript.ld" --specs=nosys.specs -Wl,-Map="LASET_FreeRTOS.map" -Wl,--gc-sections -static --specs=nano.specs -mfloat-abi=soft -mthumb -u _printf_float -u _scanf_float -Wl,--start-group -lc -lm -Wl,--end-group
Finished building target: LASET_FreeRTOS.elf
 
arm-none-eabi-size   LASET_FreeRTOS.elf 
   text	   data	    bss	    dec	    hex	filename
  34656	    508	  13916	  49080	   bfb8	LASET_FreeRTOS.elf
Finished building: default.size.stdout
 
arm-none-eabi-objdump -h -S  LASET_FreeRTOS.elf  > "LASET_FreeRTOS.list"
Finished building: LASET_FreeRTOS.list
 
arm-none-eabi-objcopy  -O binary  LASET_FreeRTOS.elf  "LASET_FreeRTOS.bin"
Finished building: LASET_FreeRTOS.bin
 
18:17:15 **** Incremental Build of configuration Debug for project LASET_FreeRTOS ****
make all 
arm-none-eabi-gcc "../src/main.c" -mcpu=cortex-m3 -std=gnu11 -g3 -DSTM32F1 -DSTM32F103RBTx -DSTM32 -DDEBUG -DUSE_STDPERIPH_DRIVER -DSTM32F10X_MD -c -I"/home/maksym/STM32CubeIDE/workspace_1.8.0/LASET_FreeRTOS/inc" -I"/home/maksym/STM32CubeIDE/workspace_1.8.0/LASET_FreeRTOS/StdPeriph_Driver/inc" -I"/home/maksym/STM32CubeIDE/workspace_1.8.0/LASET_FreeRTOS/CMSIS/core" -I"/home/maksym/STM32CubeIDE/workspace_1.8.0/LASET_FreeRTOS/CMSIS/device" -I"/home/maksym/STM32CubeIDE/workspace_1.8.0/LASET_FreeRTOS/FreeRTOS/include" -Os -ffunction-sections -Wall -fstack-usage -MMD -MP -MF"src/main.d" -MT"src/main.o" --specs=nano.specs -mfloat-abi=soft -mthumb -o "src/main.o"
../src/main.c: In function 'prvOdometryTrack':
../src/main.c:176:38: warning: unused variable 'buf' [-Wunused-variable]
  176 |  char buf_x[15],buf_y[15],buf_th[15],buf[msg_length];
      |                                      ^~~
../src/main.c:176:27: warning: unused variable 'buf_th' [-Wunused-variable]
  176 |  char buf_x[15],buf_y[15],buf_th[15],buf[msg_length];
      |                           ^~~~~~
../src/main.c:176:17: warning: unused variable 'buf_y' [-Wunused-variable]
  176 |  char buf_x[15],buf_y[15],buf_th[15],buf[msg_length];
      |                 ^~~~~
../src/main.c:176:7: warning: unused variable 'buf_x' [-Wunused-variable]
  176 |  char buf_x[15],buf_y[15],buf_th[15],buf[msg_length];
      |       ^~~~~
../src/main.c:175:52: warning: unused variable 'y' [-Wunused-variable]
  175 |  float d_s, d_theta_i, theta=0, d_x=0, d_y=0, x=0, y=0;
      |                                                    ^
../src/main.c:175:47: warning: unused variable 'x' [-Wunused-variable]
  175 |  float d_s, d_theta_i, theta=0, d_x=0, d_y=0, x=0, y=0;
      |                                               ^
../src/main.c:175:40: warning: variable 'd_y' set but not used [-Wunused-but-set-variable]
  175 |  float d_s, d_theta_i, theta=0, d_x=0, d_y=0, x=0, y=0;
      |                                        ^~~
../src/main.c: In function 'prvControlador':
../src/main.c:228:74: warning: unused variable 'I_old' [-Wunused-variable]
  228 |  float erro=0,erro_ant=0, erro_acum=0, pwm=0,P=0,Kp=0.1,D=0,Kd=0.01,I=0, I_old=0, Ki=0.001, PID=0;
      |                                                                          ^~~~~
../src/main.c:225:9: warning: unused variable 'pwm_des' [-Wunused-variable]
  225 |  My_PWM pwm_des, pwm_real;
      |         ^~~~~~~
../src/main.c:223:30: warning: unused variable 'delta_ticks_des' [-Wunused-variable]
  223 |  Var_ticks delta_ticks_real, delta_ticks_des;
      |                              ^~~~~~~~~~~~~~~
../src/main.c:222:12: warning: variable 'ticks_old' set but not used [-Wunused-but-set-variable]
  222 |  Num_ticks ticks_old, ticks_new; ticks_new.esq=0; ticks_new.dir=0; ticks_old.esq=0;
      |            ^~~~~~~~~
../src/main.c: In function 'prvReadUsart':
../src/main.c:316:7: warning: unused variable 'buf' [-Wunused-variable]
  316 |  char buf[30];
      |       ^~~
arm-none-eabi-gcc -o "LASET_FreeRTOS.elf" @"objects.list"   -mcpu=cortex-m3 -T"/home/maksym/STM32CubeIDE/workspace_1.8.0/LASET_FreeRTOS/LinkerScript.ld" --specs=nosys.specs -Wl,-Map="LASET_FreeRTOS.map" -Wl,--gc-sections -static --specs=nano.specs -mfloat-abi=soft -mthumb -u _printf_float -u _scanf_float -Wl,--start-group -lc -lm -Wl,--end-group
Finished building target: LASET_FreeRTOS.elf
 
arm-none-eabi-size   LASET_FreeRTOS.elf 
   text	   data	    bss	    dec	    hex	filename
  34664	    508	  13916	  49088	   bfc0	LASET_FreeRTOS.elf
Finished building: default.size.stdout
 
arm-none-eabi-objdump -h -S  LASET_FreeRTOS.elf  > "LASET_FreeRTOS.list"
Finished building: LASET_FreeRTOS.list
 
arm-none-eabi-objcopy  -O binary  LASET_FreeRTOS.elf  "LASET_FreeRTOS.bin"
Finished building: LASET_FreeRTOS.bin
 
18:19:16 **** Incremental Build of configuration Debug for project LASET_FreeRTOS ****
make all 
arm-none-eabi-gcc "../src/main.c" -mcpu=cortex-m3 -std=gnu11 -g3 -DSTM32F1 -DSTM32F103RBTx -DSTM32 -DDEBUG -DUSE_STDPERIPH_DRIVER -DSTM32F10X_MD -c -I"/home/maksym/STM32CubeIDE/workspace_1.8.0/LASET_FreeRTOS/inc" -I"/home/maksym/STM32CubeIDE/workspace_1.8.0/LASET_FreeRTOS/StdPeriph_Driver/inc" -I"/home/maksym/STM32CubeIDE/workspace_1.8.0/LASET_FreeRTOS/CMSIS/core" -I"/home/maksym/STM32CubeIDE/workspace_1.8.0/LASET_FreeRTOS/CMSIS/device" -I"/home/maksym/STM32CubeIDE/workspace_1.8.0/LASET_FreeRTOS/FreeRTOS/include" -Os -ffunction-sections -Wall -fstack-usage -MMD -MP -MF"src/main.d" -MT"src/main.o" --specs=nano.specs -mfloat-abi=soft -mthumb -o "src/main.o"
../src/main.c: In function 'prvOdometryTrack':
../src/main.c:176:38: warning: unused variable 'buf' [-Wunused-variable]
  176 |  char buf_x[15],buf_y[15],buf_th[15],buf[msg_length];
      |                                      ^~~
../src/main.c:176:27: warning: unused variable 'buf_th' [-Wunused-variable]
  176 |  char buf_x[15],buf_y[15],buf_th[15],buf[msg_length];
      |                           ^~~~~~
../src/main.c:176:17: warning: unused variable 'buf_y' [-Wunused-variable]
  176 |  char buf_x[15],buf_y[15],buf_th[15],buf[msg_length];
      |                 ^~~~~
../src/main.c:176:7: warning: unused variable 'buf_x' [-Wunused-variable]
  176 |  char buf_x[15],buf_y[15],buf_th[15],buf[msg_length];
      |       ^~~~~
../src/main.c:175:52: warning: unused variable 'y' [-Wunused-variable]
  175 |  float d_s, d_theta_i, theta=0, d_x=0, d_y=0, x=0, y=0;
      |                                                    ^
../src/main.c:175:47: warning: unused variable 'x' [-Wunused-variable]
  175 |  float d_s, d_theta_i, theta=0, d_x=0, d_y=0, x=0, y=0;
      |                                               ^
../src/main.c:175:40: warning: variable 'd_y' set but not used [-Wunused-but-set-variable]
  175 |  float d_s, d_theta_i, theta=0, d_x=0, d_y=0, x=0, y=0;
      |                                        ^~~
../src/main.c: In function 'prvControlador':
../src/main.c:228:74: warning: unused variable 'I_old' [-Wunused-variable]
  228 |  float erro=0,erro_ant=0, erro_acum=0, pwm=0,P=0,Kp=0.05,D=0,Kd=0.1,I=0, I_old=0, Ki=0.001, PID=0;
      |                                                                          ^~~~~
../src/main.c:225:9: warning: unused variable 'pwm_des' [-Wunused-variable]
  225 |  My_PWM pwm_des, pwm_real;
      |         ^~~~~~~
../src/main.c:223:30: warning: unused variable 'delta_ticks_des' [-Wunused-variable]
  223 |  Var_ticks delta_ticks_real, delta_ticks_des;
      |                              ^~~~~~~~~~~~~~~
../src/main.c:222:12: warning: variable 'ticks_old' set but not used [-Wunused-but-set-variable]
  222 |  Num_ticks ticks_old, ticks_new; ticks_new.esq=0; ticks_new.dir=0; ticks_old.esq=0;
      |            ^~~~~~~~~
../src/main.c: In function 'prvReadUsart':
../src/main.c:316:7: warning: unused variable 'buf' [-Wunused-variable]
  316 |  char buf[30];
      |       ^~~
arm-none-eabi-gcc -o "LASET_FreeRTOS.elf" @"objects.list"   -mcpu=cortex-m3 -T"/home/maksym/STM32CubeIDE/workspace_1.8.0/LASET_FreeRTOS/LinkerScript.ld" --specs=nosys.specs -Wl,-Map="LASET_FreeRTOS.map" -Wl,--gc-sections -static --specs=nano.specs -mfloat-abi=soft -mthumb -u _printf_float -u _scanf_float -Wl,--start-group -lc -lm -Wl,--end-group
Finished building target: LASET_FreeRTOS.elf
 
arm-none-eabi-size   LASET_FreeRTOS.elf 
   text	   data	    bss	    dec	    hex	filename
  34664	    508	  13916	  49088	   bfc0	LASET_FreeRTOS.elf
Finished building: default.size.stdout
 
arm-none-eabi-objdump -h -S  LASET_FreeRTOS.elf  > "LASET_FreeRTOS.list"
Finished building: LASET_FreeRTOS.list
 
arm-none-eabi-objcopy  -O binary  LASET_FreeRTOS.elf  "LASET_FreeRTOS.bin"
Finished building: LASET_FreeRTOS.bin
 
18:19:22 **** Incremental Build of configuration Debug for project LASET_FreeRTOS ****
make all 
arm-none-eabi-size   LASET_FreeRTOS.elf 
   text	   data	    bss	    dec	    hex	filename
  34664	    508	  13916	  49088	   bfc0	LASET_FreeRTOS.elf
Finished building: default.size.stdout
 
18:21:17 **** Incremental Build of configuration Debug for project LASET_FreeRTOS ****
make all 
arm-none-eabi-gcc "../src/main.c" -mcpu=cortex-m3 -std=gnu11 -g3 -DSTM32F1 -DSTM32F103RBTx -DSTM32 -DDEBUG -DUSE_STDPERIPH_DRIVER -DSTM32F10X_MD -c -I"/home/maksym/STM32CubeIDE/workspace_1.8.0/LASET_FreeRTOS/inc" -I"/home/maksym/STM32CubeIDE/workspace_1.8.0/LASET_FreeRTOS/StdPeriph_Driver/inc" -I"/home/maksym/STM32CubeIDE/workspace_1.8.0/LASET_FreeRTOS/CMSIS/core" -I"/home/maksym/STM32CubeIDE/workspace_1.8.0/LASET_FreeRTOS/CMSIS/device" -I"/home/maksym/STM32CubeIDE/workspace_1.8.0/LASET_FreeRTOS/FreeRTOS/include" -Os -ffunction-sections -Wall -fstack-usage -MMD -MP -MF"src/main.d" -MT"src/main.o" --specs=nano.specs -mfloat-abi=soft -mthumb -o "src/main.o"
../src/main.c: In function 'prvOdometryTrack':
../src/main.c:176:38: warning: unused variable 'buf' [-Wunused-variable]
  176 |  char buf_x[15],buf_y[15],buf_th[15],buf[msg_length];
      |                                      ^~~
../src/main.c:176:27: warning: unused variable 'buf_th' [-Wunused-variable]
  176 |  char buf_x[15],buf_y[15],buf_th[15],buf[msg_length];
      |                           ^~~~~~
../src/main.c:176:17: warning: unused variable 'buf_y' [-Wunused-variable]
  176 |  char buf_x[15],buf_y[15],buf_th[15],buf[msg_length];
      |                 ^~~~~
../src/main.c:176:7: warning: unused variable 'buf_x' [-Wunused-variable]
  176 |  char buf_x[15],buf_y[15],buf_th[15],buf[msg_length];
      |       ^~~~~
../src/main.c:175:52: warning: unused variable 'y' [-Wunused-variable]
  175 |  float d_s, d_theta_i, theta=0, d_x=0, d_y=0, x=0, y=0;
      |                                                    ^
../src/main.c:175:47: warning: unused variable 'x' [-Wunused-variable]
  175 |  float d_s, d_theta_i, theta=0, d_x=0, d_y=0, x=0, y=0;
      |                                               ^
../src/main.c:175:40: warning: variable 'd_y' set but not used [-Wunused-but-set-variable]
  175 |  float d_s, d_theta_i, theta=0, d_x=0, d_y=0, x=0, y=0;
      |                                        ^~~
../src/main.c: In function 'prvControlador':
../src/main.c:228:75: warning: unused variable 'I_old' [-Wunused-variable]
  228 |  float erro=0,erro_ant=0, erro_acum=0, pwm=0,P=0,Kp=0.05,D=0,Kd=0.05,I=0, I_old=0, Ki=0.005, PID=0;
      |                                                                           ^~~~~
../src/main.c:225:9: warning: unused variable 'pwm_des' [-Wunused-variable]
  225 |  My_PWM pwm_des, pwm_real;
      |         ^~~~~~~
../src/main.c:223:30: warning: unused variable 'delta_ticks_des' [-Wunused-variable]
  223 |  Var_ticks delta_ticks_real, delta_ticks_des;
      |                              ^~~~~~~~~~~~~~~
../src/main.c:222:12: warning: variable 'ticks_old' set but not used [-Wunused-but-set-variable]
  222 |  Num_ticks ticks_old, ticks_new; ticks_new.esq=0; ticks_new.dir=0; ticks_old.esq=0;
      |            ^~~~~~~~~
../src/main.c: In function 'prvReadUsart':
../src/main.c:316:7: warning: unused variable 'buf' [-Wunused-variable]
  316 |  char buf[30];
      |       ^~~
arm-none-eabi-gcc -o "LASET_FreeRTOS.elf" @"objects.list"   -mcpu=cortex-m3 -T"/home/maksym/STM32CubeIDE/workspace_1.8.0/LASET_FreeRTOS/LinkerScript.ld" --specs=nosys.specs -Wl,-Map="LASET_FreeRTOS.map" -Wl,--gc-sections -static --specs=nano.specs -mfloat-abi=soft -mthumb -u _printf_float -u _scanf_float -Wl,--start-group -lc -lm -Wl,--end-group
Finished building target: LASET_FreeRTOS.elf
 
arm-none-eabi-size   LASET_FreeRTOS.elf 
   text	   data	    bss	    dec	    hex	filename
  34648	    508	  13916	  49072	   bfb0	LASET_FreeRTOS.elf
Finished building: default.size.stdout
 
arm-none-eabi-objdump -h -S  LASET_FreeRTOS.elf  > "LASET_FreeRTOS.list"
Finished building: LASET_FreeRTOS.list
 
arm-none-eabi-objcopy  -O binary  LASET_FreeRTOS.elf  "LASET_FreeRTOS.bin"
Finished building: LASET_FreeRTOS.bin
 
18:22:54 **** Incremental Build of configuration Debug for project LASET_FreeRTOS ****
make all 
arm-none-eabi-gcc "../src/main.c" -mcpu=cortex-m3 -std=gnu11 -g3 -DSTM32F1 -DSTM32F103RBTx -DSTM32 -DDEBUG -DUSE_STDPERIPH_DRIVER -DSTM32F10X_MD -c -I"/home/maksym/STM32CubeIDE/workspace_1.8.0/LASET_FreeRTOS/inc" -I"/home/maksym/STM32CubeIDE/workspace_1.8.0/LASET_FreeRTOS/StdPeriph_Driver/inc" -I"/home/maksym/STM32CubeIDE/workspace_1.8.0/LASET_FreeRTOS/CMSIS/core" -I"/home/maksym/STM32CubeIDE/workspace_1.8.0/LASET_FreeRTOS/CMSIS/device" -I"/home/maksym/STM32CubeIDE/workspace_1.8.0/LASET_FreeRTOS/FreeRTOS/include" -Os -ffunction-sections -Wall -fstack-usage -MMD -MP -MF"src/main.d" -MT"src/main.o" --specs=nano.specs -mfloat-abi=soft -mthumb -o "src/main.o"
../src/main.c: In function 'prvOdometryTrack':
../src/main.c:176:38: warning: unused variable 'buf' [-Wunused-variable]
  176 |  char buf_x[15],buf_y[15],buf_th[15],buf[msg_length];
      |                                      ^~~
../src/main.c:176:27: warning: unused variable 'buf_th' [-Wunused-variable]
  176 |  char buf_x[15],buf_y[15],buf_th[15],buf[msg_length];
      |                           ^~~~~~
../src/main.c:176:17: warning: unused variable 'buf_y' [-Wunused-variable]
  176 |  char buf_x[15],buf_y[15],buf_th[15],buf[msg_length];
      |                 ^~~~~
../src/main.c:176:7: warning: unused variable 'buf_x' [-Wunused-variable]
  176 |  char buf_x[15],buf_y[15],buf_th[15],buf[msg_length];
      |       ^~~~~
../src/main.c:175:52: warning: unused variable 'y' [-Wunused-variable]
  175 |  float d_s, d_theta_i, theta=0, d_x=0, d_y=0, x=0, y=0;
      |                                                    ^
../src/main.c:175:47: warning: unused variable 'x' [-Wunused-variable]
  175 |  float d_s, d_theta_i, theta=0, d_x=0, d_y=0, x=0, y=0;
      |                                               ^
../src/main.c:175:40: warning: variable 'd_y' set but not used [-Wunused-but-set-variable]
  175 |  float d_s, d_theta_i, theta=0, d_x=0, d_y=0, x=0, y=0;
      |                                        ^~~
../src/main.c: In function 'prvControlador':
../src/main.c:228:75: warning: unused variable 'I_old' [-Wunused-variable]
  228 |  float erro=0,erro_ant=0, erro_acum=0, pwm=0,P=0,Kp=0.05,D=0,Kd=0.05,I=0, I_old=0, Ki=0.002, PID=0;
      |                                                                           ^~~~~
../src/main.c:225:9: warning: unused variable 'pwm_des' [-Wunused-variable]
  225 |  My_PWM pwm_des, pwm_real;
      |         ^~~~~~~
../src/main.c:223:30: warning: unused variable 'delta_ticks_des' [-Wunused-variable]
  223 |  Var_ticks delta_ticks_real, delta_ticks_des;
      |                              ^~~~~~~~~~~~~~~
../src/main.c:222:12: warning: variable 'ticks_old' set but not used [-Wunused-but-set-variable]
  222 |  Num_ticks ticks_old, ticks_new; ticks_new.esq=0; ticks_new.dir=0; ticks_old.esq=0;
      |            ^~~~~~~~~
../src/main.c: In function 'prvReadUsart':
../src/main.c:316:7: warning: unused variable 'buf' [-Wunused-variable]
  316 |  char buf[30];
      |       ^~~
arm-none-eabi-gcc -o "LASET_FreeRTOS.elf" @"objects.list"   -mcpu=cortex-m3 -T"/home/maksym/STM32CubeIDE/workspace_1.8.0/LASET_FreeRTOS/LinkerScript.ld" --specs=nosys.specs -Wl,-Map="LASET_FreeRTOS.map" -Wl,--gc-sections -static --specs=nano.specs -mfloat-abi=soft -mthumb -u _printf_float -u _scanf_float -Wl,--start-group -lc -lm -Wl,--end-group
Finished building target: LASET_FreeRTOS.elf
 
arm-none-eabi-size   LASET_FreeRTOS.elf 
   text	   data	    bss	    dec	    hex	filename
  34648	    508	  13916	  49072	   bfb0	LASET_FreeRTOS.elf
Finished building: default.size.stdout
 
arm-none-eabi-objdump -h -S  LASET_FreeRTOS.elf  > "LASET_FreeRTOS.list"
Finished building: LASET_FreeRTOS.list
 
arm-none-eabi-objcopy  -O binary  LASET_FreeRTOS.elf  "LASET_FreeRTOS.bin"
Finished building: LASET_FreeRTOS.bin
 
18:24:24 **** Incremental Build of configuration Debug for project LASET_FreeRTOS ****
make all 
arm-none-eabi-gcc "../src/main.c" -mcpu=cortex-m3 -std=gnu11 -g3 -DSTM32F1 -DSTM32F103RBTx -DSTM32 -DDEBUG -DUSE_STDPERIPH_DRIVER -DSTM32F10X_MD -c -I"/home/maksym/STM32CubeIDE/workspace_1.8.0/LASET_FreeRTOS/inc" -I"/home/maksym/STM32CubeIDE/workspace_1.8.0/LASET_FreeRTOS/StdPeriph_Driver/inc" -I"/home/maksym/STM32CubeIDE/workspace_1.8.0/LASET_FreeRTOS/CMSIS/core" -I"/home/maksym/STM32CubeIDE/workspace_1.8.0/LASET_FreeRTOS/CMSIS/device" -I"/home/maksym/STM32CubeIDE/workspace_1.8.0/LASET_FreeRTOS/FreeRTOS/include" -Os -ffunction-sections -Wall -fstack-usage -MMD -MP -MF"src/main.d" -MT"src/main.o" --specs=nano.specs -mfloat-abi=soft -mthumb -o "src/main.o"
../src/main.c: In function 'prvOdometryTrack':
../src/main.c:176:38: warning: unused variable 'buf' [-Wunused-variable]
  176 |  char buf_x[15],buf_y[15],buf_th[15],buf[msg_length];
      |                                      ^~~
../src/main.c:176:27: warning: unused variable 'buf_th' [-Wunused-variable]
  176 |  char buf_x[15],buf_y[15],buf_th[15],buf[msg_length];
      |                           ^~~~~~
../src/main.c:176:17: warning: unused variable 'buf_y' [-Wunused-variable]
  176 |  char buf_x[15],buf_y[15],buf_th[15],buf[msg_length];
      |                 ^~~~~
../src/main.c:176:7: warning: unused variable 'buf_x' [-Wunused-variable]
  176 |  char buf_x[15],buf_y[15],buf_th[15],buf[msg_length];
      |       ^~~~~
../src/main.c:175:52: warning: unused variable 'y' [-Wunused-variable]
  175 |  float d_s, d_theta_i, theta=0, d_x=0, d_y=0, x=0, y=0;
      |                                                    ^
../src/main.c:175:47: warning: unused variable 'x' [-Wunused-variable]
  175 |  float d_s, d_theta_i, theta=0, d_x=0, d_y=0, x=0, y=0;
      |                                               ^
../src/main.c:175:40: warning: variable 'd_y' set but not used [-Wunused-but-set-variable]
  175 |  float d_s, d_theta_i, theta=0, d_x=0, d_y=0, x=0, y=0;
      |                                        ^~~
../src/main.c: In function 'prvControlador':
../src/main.c:228:75: warning: unused variable 'I_old' [-Wunused-variable]
  228 |  float erro=0,erro_ant=0, erro_acum=0, pwm=0,P=0,Kp=0.03,D=0,Kd=0.05,I=0, I_old=0, Ki=0.002, PID=0;
      |                                                                           ^~~~~
../src/main.c:225:9: warning: unused variable 'pwm_des' [-Wunused-variable]
  225 |  My_PWM pwm_des, pwm_real;
      |         ^~~~~~~
../src/main.c:223:30: warning: unused variable 'delta_ticks_des' [-Wunused-variable]
  223 |  Var_ticks delta_ticks_real, delta_ticks_des;
      |                              ^~~~~~~~~~~~~~~
../src/main.c:222:12: warning: variable 'ticks_old' set but not used [-Wunused-but-set-variable]
  222 |  Num_ticks ticks_old, ticks_new; ticks_new.esq=0; ticks_new.dir=0; ticks_old.esq=0;
      |            ^~~~~~~~~
../src/main.c: In function 'prvReadUsart':
../src/main.c:316:7: warning: unused variable 'buf' [-Wunused-variable]
  316 |  char buf[30];
      |       ^~~
arm-none-eabi-gcc -o "LASET_FreeRTOS.elf" @"objects.list"   -mcpu=cortex-m3 -T"/home/maksym/STM32CubeIDE/workspace_1.8.0/LASET_FreeRTOS/LinkerScript.ld" --specs=nosys.specs -Wl,-Map="LASET_FreeRTOS.map" -Wl,--gc-sections -static --specs=nano.specs -mfloat-abi=soft -mthumb -u _printf_float -u _scanf_float -Wl,--start-group -lc -lm -Wl,--end-group
Finished building target: LASET_FreeRTOS.elf
 
arm-none-eabi-size   LASET_FreeRTOS.elf 
   text	   data	    bss	    dec	    hex	filename
  34664	    508	  13916	  49088	   bfc0	LASET_FreeRTOS.elf
Finished building: default.size.stdout
 
arm-none-eabi-objdump -h -S  LASET_FreeRTOS.elf  > "LASET_FreeRTOS.list"
Finished building: LASET_FreeRTOS.list
 
arm-none-eabi-objcopy  -O binary  LASET_FreeRTOS.elf  "LASET_FreeRTOS.bin"
Finished building: LASET_FreeRTOS.bin
 
18:26:09 **** Incremental Build of configuration Debug for project LASET_FreeRTOS ****
make all 
arm-none-eabi-gcc "../src/main.c" -mcpu=cortex-m3 -std=gnu11 -g3 -DSTM32F1 -DSTM32F103RBTx -DSTM32 -DDEBUG -DUSE_STDPERIPH_DRIVER -DSTM32F10X_MD -c -I"/home/maksym/STM32CubeIDE/workspace_1.8.0/LASET_FreeRTOS/inc" -I"/home/maksym/STM32CubeIDE/workspace_1.8.0/LASET_FreeRTOS/StdPeriph_Driver/inc" -I"/home/maksym/STM32CubeIDE/workspace_1.8.0/LASET_FreeRTOS/CMSIS/core" -I"/home/maksym/STM32CubeIDE/workspace_1.8.0/LASET_FreeRTOS/CMSIS/device" -I"/home/maksym/STM32CubeIDE/workspace_1.8.0/LASET_FreeRTOS/FreeRTOS/include" -Os -ffunction-sections -Wall -fstack-usage -MMD -MP -MF"src/main.d" -MT"src/main.o" --specs=nano.specs -mfloat-abi=soft -mthumb -o "src/main.o"
../src/main.c: In function 'prvOdometryTrack':
../src/main.c:176:38: warning: unused variable 'buf' [-Wunused-variable]
  176 |  char buf_x[15],buf_y[15],buf_th[15],buf[msg_length];
      |                                      ^~~
../src/main.c:176:27: warning: unused variable 'buf_th' [-Wunused-variable]
  176 |  char buf_x[15],buf_y[15],buf_th[15],buf[msg_length];
      |                           ^~~~~~
../src/main.c:176:17: warning: unused variable 'buf_y' [-Wunused-variable]
  176 |  char buf_x[15],buf_y[15],buf_th[15],buf[msg_length];
      |                 ^~~~~
../src/main.c:176:7: warning: unused variable 'buf_x' [-Wunused-variable]
  176 |  char buf_x[15],buf_y[15],buf_th[15],buf[msg_length];
      |       ^~~~~
../src/main.c:175:52: warning: unused variable 'y' [-Wunused-variable]
  175 |  float d_s, d_theta_i, theta=0, d_x=0, d_y=0, x=0, y=0;
      |                                                    ^
../src/main.c:175:47: warning: unused variable 'x' [-Wunused-variable]
  175 |  float d_s, d_theta_i, theta=0, d_x=0, d_y=0, x=0, y=0;
      |                                               ^
../src/main.c:175:40: warning: variable 'd_y' set but not used [-Wunused-but-set-variable]
  175 |  float d_s, d_theta_i, theta=0, d_x=0, d_y=0, x=0, y=0;
      |                                        ^~~
../src/main.c: In function 'prvControlador':
../src/main.c:228:75: warning: unused variable 'I_old' [-Wunused-variable]
  228 |  float erro=0,erro_ant=0, erro_acum=0, pwm=0,P=0,Kp=0.03,D=0,Kd=0.05,I=0, I_old=0, Ki=0.002, PID=0;
      |                                                                           ^~~~~
../src/main.c:225:9: warning: unused variable 'pwm_des' [-Wunused-variable]
  225 |  My_PWM pwm_des, pwm_real;
      |         ^~~~~~~
../src/main.c:223:30: warning: unused variable 'delta_ticks_des' [-Wunused-variable]
  223 |  Var_ticks delta_ticks_real, delta_ticks_des;
      |                              ^~~~~~~~~~~~~~~
../src/main.c:222:12: warning: variable 'ticks_old' set but not used [-Wunused-but-set-variable]
  222 |  Num_ticks ticks_old, ticks_new; ticks_new.esq=0; ticks_new.dir=0; ticks_old.esq=0;
      |            ^~~~~~~~~
../src/main.c: In function 'prvReadUsart':
../src/main.c:317:7: warning: unused variable 'buf' [-Wunused-variable]
  317 |  char buf[30];
      |       ^~~
arm-none-eabi-gcc -o "LASET_FreeRTOS.elf" @"objects.list"   -mcpu=cortex-m3 -T"/home/maksym/STM32CubeIDE/workspace_1.8.0/LASET_FreeRTOS/LinkerScript.ld" --specs=nosys.specs -Wl,-Map="LASET_FreeRTOS.map" -Wl,--gc-sections -static --specs=nano.specs -mfloat-abi=soft -mthumb -u _printf_float -u _scanf_float -Wl,--start-group -lc -lm -Wl,--end-group
Finished building target: LASET_FreeRTOS.elf
 
arm-none-eabi-size   LASET_FreeRTOS.elf 
   text	   data	    bss	    dec	    hex	filename
  34672	    508	  13916	  49096	   bfc8	LASET_FreeRTOS.elf
Finished building: default.size.stdout
 
arm-none-eabi-objdump -h -S  LASET_FreeRTOS.elf  > "LASET_FreeRTOS.list"
Finished building: LASET_FreeRTOS.list
 
arm-none-eabi-objcopy  -O binary  LASET_FreeRTOS.elf  "LASET_FreeRTOS.bin"
Finished building: LASET_FreeRTOS.bin
 
18:27:59 **** Incremental Build of configuration Debug for project LASET_FreeRTOS ****
make all 
arm-none-eabi-gcc "../src/main.c" -mcpu=cortex-m3 -std=gnu11 -g3 -DSTM32F1 -DSTM32F103RBTx -DSTM32 -DDEBUG -DUSE_STDPERIPH_DRIVER -DSTM32F10X_MD -c -I"/home/maksym/STM32CubeIDE/workspace_1.8.0/LASET_FreeRTOS/inc" -I"/home/maksym/STM32CubeIDE/workspace_1.8.0/LASET_FreeRTOS/StdPeriph_Driver/inc" -I"/home/maksym/STM32CubeIDE/workspace_1.8.0/LASET_FreeRTOS/CMSIS/core" -I"/home/maksym/STM32CubeIDE/workspace_1.8.0/LASET_FreeRTOS/CMSIS/device" -I"/home/maksym/STM32CubeIDE/workspace_1.8.0/LASET_FreeRTOS/FreeRTOS/include" -Os -ffunction-sections -Wall -fstack-usage -MMD -MP -MF"src/main.d" -MT"src/main.o" --specs=nano.specs -mfloat-abi=soft -mthumb -o "src/main.o"
../src/main.c: In function 'prvOdometryTrack':
../src/main.c:176:38: warning: unused variable 'buf' [-Wunused-variable]
  176 |  char buf_x[15],buf_y[15],buf_th[15],buf[msg_length];
      |                                      ^~~
../src/main.c:176:27: warning: unused variable 'buf_th' [-Wunused-variable]
  176 |  char buf_x[15],buf_y[15],buf_th[15],buf[msg_length];
      |                           ^~~~~~
../src/main.c:176:17: warning: unused variable 'buf_y' [-Wunused-variable]
  176 |  char buf_x[15],buf_y[15],buf_th[15],buf[msg_length];
      |                 ^~~~~
../src/main.c:176:7: warning: unused variable 'buf_x' [-Wunused-variable]
  176 |  char buf_x[15],buf_y[15],buf_th[15],buf[msg_length];
      |       ^~~~~
../src/main.c:175:52: warning: unused variable 'y' [-Wunused-variable]
  175 |  float d_s, d_theta_i, theta=0, d_x=0, d_y=0, x=0, y=0;
      |                                                    ^
../src/main.c:175:47: warning: unused variable 'x' [-Wunused-variable]
  175 |  float d_s, d_theta_i, theta=0, d_x=0, d_y=0, x=0, y=0;
      |                                               ^
../src/main.c:175:40: warning: variable 'd_y' set but not used [-Wunused-but-set-variable]
  175 |  float d_s, d_theta_i, theta=0, d_x=0, d_y=0, x=0, y=0;
      |                                        ^~~
../src/main.c: In function 'prvControlador':
../src/main.c:228:75: warning: unused variable 'I_old' [-Wunused-variable]
  228 |  float erro=0,erro_ant=0, erro_acum=0, pwm=0,P=0,Kp=0.05,D=0,Kd=0.02,I=0, I_old=0, Ki=0.002, PID=0;
      |                                                                           ^~~~~
../src/main.c:225:9: warning: unused variable 'pwm_des' [-Wunused-variable]
  225 |  My_PWM pwm_des, pwm_real;
      |         ^~~~~~~
../src/main.c:223:30: warning: unused variable 'delta_ticks_des' [-Wunused-variable]
  223 |  Var_ticks delta_ticks_real, delta_ticks_des;
      |                              ^~~~~~~~~~~~~~~
../src/main.c:222:12: warning: variable 'ticks_old' set but not used [-Wunused-but-set-variable]
  222 |  Num_ticks ticks_old, ticks_new; ticks_new.esq=0; ticks_new.dir=0; ticks_old.esq=0;
      |            ^~~~~~~~~
../src/main.c: In function 'prvReadUsart':
../src/main.c:317:7: warning: unused variable 'buf' [-Wunused-variable]
  317 |  char buf[30];
      |       ^~~
arm-none-eabi-gcc -o "LASET_FreeRTOS.elf" @"objects.list"   -mcpu=cortex-m3 -T"/home/maksym/STM32CubeIDE/workspace_1.8.0/LASET_FreeRTOS/LinkerScript.ld" --specs=nosys.specs -Wl,-Map="LASET_FreeRTOS.map" -Wl,--gc-sections -static --specs=nano.specs -mfloat-abi=soft -mthumb -u _printf_float -u _scanf_float -Wl,--start-group -lc -lm -Wl,--end-group
Finished building target: LASET_FreeRTOS.elf
 
arm-none-eabi-size   LASET_FreeRTOS.elf 
   text	   data	    bss	    dec	    hex	filename
  34672	    508	  13916	  49096	   bfc8	LASET_FreeRTOS.elf
Finished building: default.size.stdout
 
arm-none-eabi-objdump -h -S  LASET_FreeRTOS.elf  > "LASET_FreeRTOS.list"
Finished building: LASET_FreeRTOS.list
 
arm-none-eabi-objcopy  -O binary  LASET_FreeRTOS.elf  "LASET_FreeRTOS.bin"
Finished building: LASET_FreeRTOS.bin
 
18:29:45 **** Incremental Build of configuration Debug for project LASET_FreeRTOS ****
make all 
arm-none-eabi-gcc "../src/main.c" -mcpu=cortex-m3 -std=gnu11 -g3 -DSTM32F1 -DSTM32F103RBTx -DSTM32 -DDEBUG -DUSE_STDPERIPH_DRIVER -DSTM32F10X_MD -c -I"/home/maksym/STM32CubeIDE/workspace_1.8.0/LASET_FreeRTOS/inc" -I"/home/maksym/STM32CubeIDE/workspace_1.8.0/LASET_FreeRTOS/StdPeriph_Driver/inc" -I"/home/maksym/STM32CubeIDE/workspace_1.8.0/LASET_FreeRTOS/CMSIS/core" -I"/home/maksym/STM32CubeIDE/workspace_1.8.0/LASET_FreeRTOS/CMSIS/device" -I"/home/maksym/STM32CubeIDE/workspace_1.8.0/LASET_FreeRTOS/FreeRTOS/include" -Os -ffunction-sections -Wall -fstack-usage -MMD -MP -MF"src/main.d" -MT"src/main.o" --specs=nano.specs -mfloat-abi=soft -mthumb -o "src/main.o"
../src/main.c: In function 'prvOdometryTrack':
../src/main.c:176:38: warning: unused variable 'buf' [-Wunused-variable]
  176 |  char buf_x[15],buf_y[15],buf_th[15],buf[msg_length];
      |                                      ^~~
../src/main.c:176:27: warning: unused variable 'buf_th' [-Wunused-variable]
  176 |  char buf_x[15],buf_y[15],buf_th[15],buf[msg_length];
      |                           ^~~~~~
../src/main.c:176:17: warning: unused variable 'buf_y' [-Wunused-variable]
  176 |  char buf_x[15],buf_y[15],buf_th[15],buf[msg_length];
      |                 ^~~~~
../src/main.c:176:7: warning: unused variable 'buf_x' [-Wunused-variable]
  176 |  char buf_x[15],buf_y[15],buf_th[15],buf[msg_length];
      |       ^~~~~
../src/main.c:175:52: warning: unused variable 'y' [-Wunused-variable]
  175 |  float d_s, d_theta_i, theta=0, d_x=0, d_y=0, x=0, y=0;
      |                                                    ^
../src/main.c:175:47: warning: unused variable 'x' [-Wunused-variable]
  175 |  float d_s, d_theta_i, theta=0, d_x=0, d_y=0, x=0, y=0;
      |                                               ^
../src/main.c:175:40: warning: variable 'd_y' set but not used [-Wunused-but-set-variable]
  175 |  float d_s, d_theta_i, theta=0, d_x=0, d_y=0, x=0, y=0;
      |                                        ^~~
../src/main.c: In function 'prvControlador':
../src/main.c:228:75: warning: unused variable 'I_old' [-Wunused-variable]
  228 |  float erro=0,erro_ant=0, erro_acum=0, pwm=0,P=0,Kp=0.05,D=0,Kd=0.04,I=0, I_old=0, Ki=0.002, PID=0;
      |                                                                           ^~~~~
../src/main.c:225:9: warning: unused variable 'pwm_des' [-Wunused-variable]
  225 |  My_PWM pwm_des, pwm_real;
      |         ^~~~~~~
../src/main.c:223:30: warning: unused variable 'delta_ticks_des' [-Wunused-variable]
  223 |  Var_ticks delta_ticks_real, delta_ticks_des;
      |                              ^~~~~~~~~~~~~~~
../src/main.c:222:12: warning: variable 'ticks_old' set but not used [-Wunused-but-set-variable]
  222 |  Num_ticks ticks_old, ticks_new; ticks_new.esq=0; ticks_new.dir=0; ticks_old.esq=0;
      |            ^~~~~~~~~
../src/main.c: In function 'prvReadUsart':
../src/main.c:317:7: warning: unused variable 'buf' [-Wunused-variable]
  317 |  char buf[30];
      |       ^~~
arm-none-eabi-gcc -o "LASET_FreeRTOS.elf" @"objects.list"   -mcpu=cortex-m3 -T"/home/maksym/STM32CubeIDE/workspace_1.8.0/LASET_FreeRTOS/LinkerScript.ld" --specs=nosys.specs -Wl,-Map="LASET_FreeRTOS.map" -Wl,--gc-sections -static --specs=nano.specs -mfloat-abi=soft -mthumb -u _printf_float -u _scanf_float -Wl,--start-group -lc -lm -Wl,--end-group
Finished building target: LASET_FreeRTOS.elf
 
arm-none-eabi-size   LASET_FreeRTOS.elf 
   text	   data	    bss	    dec	    hex	filename
  34672	    508	  13916	  49096	   bfc8	LASET_FreeRTOS.elf
Finished building: default.size.stdout
 
arm-none-eabi-objdump -h -S  LASET_FreeRTOS.elf  > "LASET_FreeRTOS.list"
Finished building: LASET_FreeRTOS.list
 
arm-none-eabi-objcopy  -O binary  LASET_FreeRTOS.elf  "LASET_FreeRTOS.bin"
Finished building: LASET_FreeRTOS.bin
 
18:31:40 **** Incremental Build of configuration Debug for project LASET_FreeRTOS ****
make all 
arm-none-eabi-gcc "../src/main.c" -mcpu=cortex-m3 -std=gnu11 -g3 -DSTM32F1 -DSTM32F103RBTx -DSTM32 -DDEBUG -DUSE_STDPERIPH_DRIVER -DSTM32F10X_MD -c -I"/home/maksym/STM32CubeIDE/workspace_1.8.0/LASET_FreeRTOS/inc" -I"/home/maksym/STM32CubeIDE/workspace_1.8.0/LASET_FreeRTOS/StdPeriph_Driver/inc" -I"/home/maksym/STM32CubeIDE/workspace_1.8.0/LASET_FreeRTOS/CMSIS/core" -I"/home/maksym/STM32CubeIDE/workspace_1.8.0/LASET_FreeRTOS/CMSIS/device" -I"/home/maksym/STM32CubeIDE/workspace_1.8.0/LASET_FreeRTOS/FreeRTOS/include" -Os -ffunction-sections -Wall -fstack-usage -MMD -MP -MF"src/main.d" -MT"src/main.o" --specs=nano.specs -mfloat-abi=soft -mthumb -o "src/main.o"
../src/main.c: In function 'prvOdometryTrack':
../src/main.c:176:38: warning: unused variable 'buf' [-Wunused-variable]
  176 |  char buf_x[15],buf_y[15],buf_th[15],buf[msg_length];
      |                                      ^~~
../src/main.c:176:27: warning: unused variable 'buf_th' [-Wunused-variable]
  176 |  char buf_x[15],buf_y[15],buf_th[15],buf[msg_length];
      |                           ^~~~~~
../src/main.c:176:17: warning: unused variable 'buf_y' [-Wunused-variable]
  176 |  char buf_x[15],buf_y[15],buf_th[15],buf[msg_length];
      |                 ^~~~~
../src/main.c:176:7: warning: unused variable 'buf_x' [-Wunused-variable]
  176 |  char buf_x[15],buf_y[15],buf_th[15],buf[msg_length];
      |       ^~~~~
../src/main.c:175:52: warning: unused variable 'y' [-Wunused-variable]
  175 |  float d_s, d_theta_i, theta=0, d_x=0, d_y=0, x=0, y=0;
      |                                                    ^
../src/main.c:175:47: warning: unused variable 'x' [-Wunused-variable]
  175 |  float d_s, d_theta_i, theta=0, d_x=0, d_y=0, x=0, y=0;
      |                                               ^
../src/main.c:175:40: warning: variable 'd_y' set but not used [-Wunused-but-set-variable]
  175 |  float d_s, d_theta_i, theta=0, d_x=0, d_y=0, x=0, y=0;
      |                                        ^~~
../src/main.c: In function 'prvControlador':
../src/main.c:228:75: warning: unused variable 'I_old' [-Wunused-variable]
  228 |  float erro=0,erro_ant=0, erro_acum=0, pwm=0,P=0,Kp=0.05,D=0,Kd=0.06,I=0, I_old=0, Ki=0.002, PID=0;
      |                                                                           ^~~~~
../src/main.c:225:9: warning: unused variable 'pwm_des' [-Wunused-variable]
  225 |  My_PWM pwm_des, pwm_real;
      |         ^~~~~~~
../src/main.c:223:30: warning: unused variable 'delta_ticks_des' [-Wunused-variable]
  223 |  Var_ticks delta_ticks_real, delta_ticks_des;
      |                              ^~~~~~~~~~~~~~~
../src/main.c:222:12: warning: variable 'ticks_old' set but not used [-Wunused-but-set-variable]
  222 |  Num_ticks ticks_old, ticks_new; ticks_new.esq=0; ticks_new.dir=0; ticks_old.esq=0;
      |            ^~~~~~~~~
../src/main.c: In function 'prvReadUsart':
../src/main.c:317:7: warning: unused variable 'buf' [-Wunused-variable]
  317 |  char buf[30];
      |       ^~~
arm-none-eabi-gcc -o "LASET_FreeRTOS.elf" @"objects.list"   -mcpu=cortex-m3 -T"/home/maksym/STM32CubeIDE/workspace_1.8.0/LASET_FreeRTOS/LinkerScript.ld" --specs=nosys.specs -Wl,-Map="LASET_FreeRTOS.map" -Wl,--gc-sections -static --specs=nano.specs -mfloat-abi=soft -mthumb -u _printf_float -u _scanf_float -Wl,--start-group -lc -lm -Wl,--end-group
Finished building target: LASET_FreeRTOS.elf
 
arm-none-eabi-size   LASET_FreeRTOS.elf 
   text	   data	    bss	    dec	    hex	filename
  34672	    508	  13916	  49096	   bfc8	LASET_FreeRTOS.elf
Finished building: default.size.stdout
 
arm-none-eabi-objdump -h -S  LASET_FreeRTOS.elf  > "LASET_FreeRTOS.list"
Finished building: LASET_FreeRTOS.list
 
arm-none-eabi-objcopy  -O binary  LASET_FreeRTOS.elf  "LASET_FreeRTOS.bin"
Finished building: LASET_FreeRTOS.bin
 
18:33:08 **** Incremental Build of configuration Debug for project LASET_FreeRTOS ****
make all 
arm-none-eabi-gcc "../src/main.c" -mcpu=cortex-m3 -std=gnu11 -g3 -DSTM32F1 -DSTM32F103RBTx -DSTM32 -DDEBUG -DUSE_STDPERIPH_DRIVER -DSTM32F10X_MD -c -I"/home/maksym/STM32CubeIDE/workspace_1.8.0/LASET_FreeRTOS/inc" -I"/home/maksym/STM32CubeIDE/workspace_1.8.0/LASET_FreeRTOS/StdPeriph_Driver/inc" -I"/home/maksym/STM32CubeIDE/workspace_1.8.0/LASET_FreeRTOS/CMSIS/core" -I"/home/maksym/STM32CubeIDE/workspace_1.8.0/LASET_FreeRTOS/CMSIS/device" -I"/home/maksym/STM32CubeIDE/workspace_1.8.0/LASET_FreeRTOS/FreeRTOS/include" -Os -ffunction-sections -Wall -fstack-usage -MMD -MP -MF"src/main.d" -MT"src/main.o" --specs=nano.specs -mfloat-abi=soft -mthumb -o "src/main.o"
../src/main.c: In function 'prvOdometryTrack':
../src/main.c:176:38: warning: unused variable 'buf' [-Wunused-variable]
  176 |  char buf_x[15],buf_y[15],buf_th[15],buf[msg_length];
      |                                      ^~~
../src/main.c:176:27: warning: unused variable 'buf_th' [-Wunused-variable]
  176 |  char buf_x[15],buf_y[15],buf_th[15],buf[msg_length];
      |                           ^~~~~~
../src/main.c:176:17: warning: unused variable 'buf_y' [-Wunused-variable]
  176 |  char buf_x[15],buf_y[15],buf_th[15],buf[msg_length];
      |                 ^~~~~
../src/main.c:176:7: warning: unused variable 'buf_x' [-Wunused-variable]
  176 |  char buf_x[15],buf_y[15],buf_th[15],buf[msg_length];
      |       ^~~~~
../src/main.c:175:52: warning: unused variable 'y' [-Wunused-variable]
  175 |  float d_s, d_theta_i, theta=0, d_x=0, d_y=0, x=0, y=0;
      |                                                    ^
../src/main.c:175:47: warning: unused variable 'x' [-Wunused-variable]
  175 |  float d_s, d_theta_i, theta=0, d_x=0, d_y=0, x=0, y=0;
      |                                               ^
../src/main.c:175:40: warning: variable 'd_y' set but not used [-Wunused-but-set-variable]
  175 |  float d_s, d_theta_i, theta=0, d_x=0, d_y=0, x=0, y=0;
      |                                        ^~~
../src/main.c: In function 'prvControlador':
../src/main.c:228:75: warning: unused variable 'I_old' [-Wunused-variable]
  228 |  float erro=0,erro_ant=0, erro_acum=0, pwm=0,P=0,Kp=0.05,D=0,Kd=0.06,I=0, I_old=0, Ki=0.0005, PID=0;
      |                                                                           ^~~~~
../src/main.c:225:9: warning: unused variable 'pwm_des' [-Wunused-variable]
  225 |  My_PWM pwm_des, pwm_real;
      |         ^~~~~~~
../src/main.c:223:30: warning: unused variable 'delta_ticks_des' [-Wunused-variable]
  223 |  Var_ticks delta_ticks_real, delta_ticks_des;
      |                              ^~~~~~~~~~~~~~~
../src/main.c:222:12: warning: variable 'ticks_old' set but not used [-Wunused-but-set-variable]
  222 |  Num_ticks ticks_old, ticks_new; ticks_new.esq=0; ticks_new.dir=0; ticks_old.esq=0;
      |            ^~~~~~~~~
../src/main.c: In function 'prvReadUsart':
../src/main.c:317:7: warning: unused variable 'buf' [-Wunused-variable]
  317 |  char buf[30];
      |       ^~~
arm-none-eabi-gcc -o "LASET_FreeRTOS.elf" @"objects.list"   -mcpu=cortex-m3 -T"/home/maksym/STM32CubeIDE/workspace_1.8.0/LASET_FreeRTOS/LinkerScript.ld" --specs=nosys.specs -Wl,-Map="LASET_FreeRTOS.map" -Wl,--gc-sections -static --specs=nano.specs -mfloat-abi=soft -mthumb -u _printf_float -u _scanf_float -Wl,--start-group -lc -lm -Wl,--end-group
Finished building target: LASET_FreeRTOS.elf
 
arm-none-eabi-size   LASET_FreeRTOS.elf 
   text	   data	    bss	    dec	    hex	filename
  34672	    508	  13916	  49096	   bfc8	LASET_FreeRTOS.elf
Finished building: default.size.stdout
 
arm-none-eabi-objdump -h -S  LASET_FreeRTOS.elf  > "LASET_FreeRTOS.list"
Finished building: LASET_FreeRTOS.list
 
arm-none-eabi-objcopy  -O binary  LASET_FreeRTOS.elf  "LASET_FreeRTOS.bin"
Finished building: LASET_FreeRTOS.bin
 
18:34:13 **** Incremental Build of configuration Debug for project LASET_FreeRTOS ****
make all 
arm-none-eabi-gcc "../src/main.c" -mcpu=cortex-m3 -std=gnu11 -g3 -DSTM32F1 -DSTM32F103RBTx -DSTM32 -DDEBUG -DUSE_STDPERIPH_DRIVER -DSTM32F10X_MD -c -I"/home/maksym/STM32CubeIDE/workspace_1.8.0/LASET_FreeRTOS/inc" -I"/home/maksym/STM32CubeIDE/workspace_1.8.0/LASET_FreeRTOS/StdPeriph_Driver/inc" -I"/home/maksym/STM32CubeIDE/workspace_1.8.0/LASET_FreeRTOS/CMSIS/core" -I"/home/maksym/STM32CubeIDE/workspace_1.8.0/LASET_FreeRTOS/CMSIS/device" -I"/home/maksym/STM32CubeIDE/workspace_1.8.0/LASET_FreeRTOS/FreeRTOS/include" -Os -ffunction-sections -Wall -fstack-usage -MMD -MP -MF"src/main.d" -MT"src/main.o" --specs=nano.specs -mfloat-abi=soft -mthumb -o "src/main.o"
../src/main.c: In function 'prvOdometryTrack':
../src/main.c:176:38: warning: unused variable 'buf' [-Wunused-variable]
  176 |  char buf_x[15],buf_y[15],buf_th[15],buf[msg_length];
      |                                      ^~~
../src/main.c:176:27: warning: unused variable 'buf_th' [-Wunused-variable]
  176 |  char buf_x[15],buf_y[15],buf_th[15],buf[msg_length];
      |                           ^~~~~~
../src/main.c:176:17: warning: unused variable 'buf_y' [-Wunused-variable]
  176 |  char buf_x[15],buf_y[15],buf_th[15],buf[msg_length];
      |                 ^~~~~
../src/main.c:176:7: warning: unused variable 'buf_x' [-Wunused-variable]
  176 |  char buf_x[15],buf_y[15],buf_th[15],buf[msg_length];
      |       ^~~~~
../src/main.c:175:52: warning: unused variable 'y' [-Wunused-variable]
  175 |  float d_s, d_theta_i, theta=0, d_x=0, d_y=0, x=0, y=0;
      |                                                    ^
../src/main.c:175:47: warning: unused variable 'x' [-Wunused-variable]
  175 |  float d_s, d_theta_i, theta=0, d_x=0, d_y=0, x=0, y=0;
      |                                               ^
../src/main.c:175:40: warning: variable 'd_y' set but not used [-Wunused-but-set-variable]
  175 |  float d_s, d_theta_i, theta=0, d_x=0, d_y=0, x=0, y=0;
      |                                        ^~~
../src/main.c: In function 'prvControlador':
../src/main.c:228:75: warning: unused variable 'I_old' [-Wunused-variable]
  228 |  float erro=0,erro_ant=0, erro_acum=0, pwm=0,P=0,Kp=0.02,D=0,Kd=0.06,I=0, I_old=0, Ki=0.0005, PID=0;
      |                                                                           ^~~~~
../src/main.c:225:9: warning: unused variable 'pwm_des' [-Wunused-variable]
  225 |  My_PWM pwm_des, pwm_real;
      |         ^~~~~~~
../src/main.c:223:30: warning: unused variable 'delta_ticks_des' [-Wunused-variable]
  223 |  Var_ticks delta_ticks_real, delta_ticks_des;
      |                              ^~~~~~~~~~~~~~~
../src/main.c:222:12: warning: variable 'ticks_old' set but not used [-Wunused-but-set-variable]
  222 |  Num_ticks ticks_old, ticks_new; ticks_new.esq=0; ticks_new.dir=0; ticks_old.esq=0;
      |            ^~~~~~~~~
../src/main.c: In function 'prvReadUsart':
../src/main.c:317:7: warning: unused variable 'buf' [-Wunused-variable]
  317 |  char buf[30];
      |       ^~~
arm-none-eabi-gcc -o "LASET_FreeRTOS.elf" @"objects.list"   -mcpu=cortex-m3 -T"/home/maksym/STM32CubeIDE/workspace_1.8.0/LASET_FreeRTOS/LinkerScript.ld" --specs=nosys.specs -Wl,-Map="LASET_FreeRTOS.map" -Wl,--gc-sections -static --specs=nano.specs -mfloat-abi=soft -mthumb -u _printf_float -u _scanf_float -Wl,--start-group -lc -lm -Wl,--end-group
Finished building target: LASET_FreeRTOS.elf
 
arm-none-eabi-size   LASET_FreeRTOS.elf 
   text	   data	    bss	    dec	    hex	filename
  34672	    508	  13916	  49096	   bfc8	LASET_FreeRTOS.elf
Finished building: default.size.stdout
 
arm-none-eabi-objdump -h -S  LASET_FreeRTOS.elf  > "LASET_FreeRTOS.list"
Finished building: LASET_FreeRTOS.list
 
arm-none-eabi-objcopy  -O binary  LASET_FreeRTOS.elf  "LASET_FreeRTOS.bin"
Finished building: LASET_FreeRTOS.bin
 
18:36:07 **** Incremental Build of configuration Debug for project LASET_FreeRTOS ****
make all 
arm-none-eabi-gcc "../src/main.c" -mcpu=cortex-m3 -std=gnu11 -g3 -DSTM32F1 -DSTM32F103RBTx -DSTM32 -DDEBUG -DUSE_STDPERIPH_DRIVER -DSTM32F10X_MD -c -I"/home/maksym/STM32CubeIDE/workspace_1.8.0/LASET_FreeRTOS/inc" -I"/home/maksym/STM32CubeIDE/workspace_1.8.0/LASET_FreeRTOS/StdPeriph_Driver/inc" -I"/home/maksym/STM32CubeIDE/workspace_1.8.0/LASET_FreeRTOS/CMSIS/core" -I"/home/maksym/STM32CubeIDE/workspace_1.8.0/LASET_FreeRTOS/CMSIS/device" -I"/home/maksym/STM32CubeIDE/workspace_1.8.0/LASET_FreeRTOS/FreeRTOS/include" -Os -ffunction-sections -Wall -fstack-usage -MMD -MP -MF"src/main.d" -MT"src/main.o" --specs=nano.specs -mfloat-abi=soft -mthumb -o "src/main.o"
../src/main.c: In function 'prvOdometryTrack':
../src/main.c:176:38: warning: unused variable 'buf' [-Wunused-variable]
  176 |  char buf_x[15],buf_y[15],buf_th[15],buf[msg_length];
      |                                      ^~~
../src/main.c:176:27: warning: unused variable 'buf_th' [-Wunused-variable]
  176 |  char buf_x[15],buf_y[15],buf_th[15],buf[msg_length];
      |                           ^~~~~~
../src/main.c:176:17: warning: unused variable 'buf_y' [-Wunused-variable]
  176 |  char buf_x[15],buf_y[15],buf_th[15],buf[msg_length];
      |                 ^~~~~
../src/main.c:176:7: warning: unused variable 'buf_x' [-Wunused-variable]
  176 |  char buf_x[15],buf_y[15],buf_th[15],buf[msg_length];
      |       ^~~~~
../src/main.c:175:52: warning: unused variable 'y' [-Wunused-variable]
  175 |  float d_s, d_theta_i, theta=0, d_x=0, d_y=0, x=0, y=0;
      |                                                    ^
../src/main.c:175:47: warning: unused variable 'x' [-Wunused-variable]
  175 |  float d_s, d_theta_i, theta=0, d_x=0, d_y=0, x=0, y=0;
      |                                               ^
../src/main.c:175:40: warning: variable 'd_y' set but not used [-Wunused-but-set-variable]
  175 |  float d_s, d_theta_i, theta=0, d_x=0, d_y=0, x=0, y=0;
      |                                        ^~~
../src/main.c: In function 'prvControlador':
../src/main.c:228:75: warning: unused variable 'I_old' [-Wunused-variable]
  228 |  float erro=0,erro_ant=0, erro_acum=0, pwm=0,P=0,Kp=0.02,D=0,Kd=0.08,I=0, I_old=0, Ki=0.0002, PID=0;
      |                                                                           ^~~~~
../src/main.c:225:9: warning: unused variable 'pwm_des' [-Wunused-variable]
  225 |  My_PWM pwm_des, pwm_real;
      |         ^~~~~~~
../src/main.c:223:30: warning: unused variable 'delta_ticks_des' [-Wunused-variable]
  223 |  Var_ticks delta_ticks_real, delta_ticks_des;
      |                              ^~~~~~~~~~~~~~~
../src/main.c:222:12: warning: variable 'ticks_old' set but not used [-Wunused-but-set-variable]
  222 |  Num_ticks ticks_old, ticks_new; ticks_new.esq=0; ticks_new.dir=0; ticks_old.esq=0;
      |            ^~~~~~~~~
../src/main.c: In function 'prvReadUsart':
../src/main.c:317:7: warning: unused variable 'buf' [-Wunused-variable]
  317 |  char buf[30];
      |       ^~~
arm-none-eabi-gcc -o "LASET_FreeRTOS.elf" @"objects.list"   -mcpu=cortex-m3 -T"/home/maksym/STM32CubeIDE/workspace_1.8.0/LASET_FreeRTOS/LinkerScript.ld" --specs=nosys.specs -Wl,-Map="LASET_FreeRTOS.map" -Wl,--gc-sections -static --specs=nano.specs -mfloat-abi=soft -mthumb -u _printf_float -u _scanf_float -Wl,--start-group -lc -lm -Wl,--end-group
Finished building target: LASET_FreeRTOS.elf
 
arm-none-eabi-size   LASET_FreeRTOS.elf 
   text	   data	    bss	    dec	    hex	filename
  34672	    508	  13916	  49096	   bfc8	LASET_FreeRTOS.elf
Finished building: default.size.stdout
 
arm-none-eabi-objdump -h -S  LASET_FreeRTOS.elf  > "LASET_FreeRTOS.list"
Finished building: LASET_FreeRTOS.list
 
arm-none-eabi-objcopy  -O binary  LASET_FreeRTOS.elf  "LASET_FreeRTOS.bin"
Finished building: LASET_FreeRTOS.bin
 
18:37:55 **** Incremental Build of configuration Debug for project LASET_FreeRTOS ****
make all 
arm-none-eabi-gcc "../src/main.c" -mcpu=cortex-m3 -std=gnu11 -g3 -DSTM32F1 -DSTM32F103RBTx -DSTM32 -DDEBUG -DUSE_STDPERIPH_DRIVER -DSTM32F10X_MD -c -I"/home/maksym/STM32CubeIDE/workspace_1.8.0/LASET_FreeRTOS/inc" -I"/home/maksym/STM32CubeIDE/workspace_1.8.0/LASET_FreeRTOS/StdPeriph_Driver/inc" -I"/home/maksym/STM32CubeIDE/workspace_1.8.0/LASET_FreeRTOS/CMSIS/core" -I"/home/maksym/STM32CubeIDE/workspace_1.8.0/LASET_FreeRTOS/CMSIS/device" -I"/home/maksym/STM32CubeIDE/workspace_1.8.0/LASET_FreeRTOS/FreeRTOS/include" -Os -ffunction-sections -Wall -fstack-usage -MMD -MP -MF"src/main.d" -MT"src/main.o" --specs=nano.specs -mfloat-abi=soft -mthumb -o "src/main.o"
../src/main.c: In function 'prvOdometryTrack':
../src/main.c:176:38: warning: unused variable 'buf' [-Wunused-variable]
  176 |  char buf_x[15],buf_y[15],buf_th[15],buf[msg_length];
      |                                      ^~~
../src/main.c:176:27: warning: unused variable 'buf_th' [-Wunused-variable]
  176 |  char buf_x[15],buf_y[15],buf_th[15],buf[msg_length];
      |                           ^~~~~~
../src/main.c:176:17: warning: unused variable 'buf_y' [-Wunused-variable]
  176 |  char buf_x[15],buf_y[15],buf_th[15],buf[msg_length];
      |                 ^~~~~
../src/main.c:176:7: warning: unused variable 'buf_x' [-Wunused-variable]
  176 |  char buf_x[15],buf_y[15],buf_th[15],buf[msg_length];
      |       ^~~~~
../src/main.c:175:52: warning: unused variable 'y' [-Wunused-variable]
  175 |  float d_s, d_theta_i, theta=0, d_x=0, d_y=0, x=0, y=0;
      |                                                    ^
../src/main.c:175:47: warning: unused variable 'x' [-Wunused-variable]
  175 |  float d_s, d_theta_i, theta=0, d_x=0, d_y=0, x=0, y=0;
      |                                               ^
../src/main.c:175:40: warning: variable 'd_y' set but not used [-Wunused-but-set-variable]
  175 |  float d_s, d_theta_i, theta=0, d_x=0, d_y=0, x=0, y=0;
      |                                        ^~~
../src/main.c: In function 'prvControlador':
../src/main.c:228:74: warning: unused variable 'I_old' [-Wunused-variable]
  228 |  float erro=0,erro_ant=0, erro_acum=0, pwm=0,P=0,Kp=0.02,D=0,Kd=0.1,I=0, I_old=0, Ki=0.0002, PID=0;
      |                                                                          ^~~~~
../src/main.c:225:9: warning: unused variable 'pwm_des' [-Wunused-variable]
  225 |  My_PWM pwm_des, pwm_real;
      |         ^~~~~~~
../src/main.c:223:30: warning: unused variable 'delta_ticks_des' [-Wunused-variable]
  223 |  Var_ticks delta_ticks_real, delta_ticks_des;
      |                              ^~~~~~~~~~~~~~~
../src/main.c:222:12: warning: variable 'ticks_old' set but not used [-Wunused-but-set-variable]
  222 |  Num_ticks ticks_old, ticks_new; ticks_new.esq=0; ticks_new.dir=0; ticks_old.esq=0;
      |            ^~~~~~~~~
../src/main.c: In function 'prvReadUsart':
../src/main.c:317:7: warning: unused variable 'buf' [-Wunused-variable]
  317 |  char buf[30];
      |       ^~~
arm-none-eabi-gcc -o "LASET_FreeRTOS.elf" @"objects.list"   -mcpu=cortex-m3 -T"/home/maksym/STM32CubeIDE/workspace_1.8.0/LASET_FreeRTOS/LinkerScript.ld" --specs=nosys.specs -Wl,-Map="LASET_FreeRTOS.map" -Wl,--gc-sections -static --specs=nano.specs -mfloat-abi=soft -mthumb -u _printf_float -u _scanf_float -Wl,--start-group -lc -lm -Wl,--end-group
Finished building target: LASET_FreeRTOS.elf
 
arm-none-eabi-size   LASET_FreeRTOS.elf 
   text	   data	    bss	    dec	    hex	filename
  34672	    508	  13916	  49096	   bfc8	LASET_FreeRTOS.elf
Finished building: default.size.stdout
 
arm-none-eabi-objdump -h -S  LASET_FreeRTOS.elf  > "LASET_FreeRTOS.list"
Finished building: LASET_FreeRTOS.list
 
arm-none-eabi-objcopy  -O binary  LASET_FreeRTOS.elf  "LASET_FreeRTOS.bin"
Finished building: LASET_FreeRTOS.bin
 
18:41:47 **** Incremental Build of configuration Debug for project LASET_FreeRTOS ****
make all 
arm-none-eabi-gcc "../src/main.c" -mcpu=cortex-m3 -std=gnu11 -g3 -DSTM32F1 -DSTM32F103RBTx -DSTM32 -DDEBUG -DUSE_STDPERIPH_DRIVER -DSTM32F10X_MD -c -I"/home/maksym/STM32CubeIDE/workspace_1.8.0/LASET_FreeRTOS/inc" -I"/home/maksym/STM32CubeIDE/workspace_1.8.0/LASET_FreeRTOS/StdPeriph_Driver/inc" -I"/home/maksym/STM32CubeIDE/workspace_1.8.0/LASET_FreeRTOS/CMSIS/core" -I"/home/maksym/STM32CubeIDE/workspace_1.8.0/LASET_FreeRTOS/CMSIS/device" -I"/home/maksym/STM32CubeIDE/workspace_1.8.0/LASET_FreeRTOS/FreeRTOS/include" -Os -ffunction-sections -Wall -fstack-usage -MMD -MP -MF"src/main.d" -MT"src/main.o" --specs=nano.specs -mfloat-abi=soft -mthumb -o "src/main.o"
../src/main.c: In function 'prvOdometryTrack':
../src/main.c:176:38: warning: unused variable 'buf' [-Wunused-variable]
  176 |  char buf_x[15],buf_y[15],buf_th[15],buf[msg_length];
      |                                      ^~~
../src/main.c:176:27: warning: unused variable 'buf_th' [-Wunused-variable]
  176 |  char buf_x[15],buf_y[15],buf_th[15],buf[msg_length];
      |                           ^~~~~~
../src/main.c:176:17: warning: unused variable 'buf_y' [-Wunused-variable]
  176 |  char buf_x[15],buf_y[15],buf_th[15],buf[msg_length];
      |                 ^~~~~
../src/main.c:176:7: warning: unused variable 'buf_x' [-Wunused-variable]
  176 |  char buf_x[15],buf_y[15],buf_th[15],buf[msg_length];
      |       ^~~~~
[...]
      |                                                                           ^~~~~
../src/main.c:211:9: warning: unused variable 'pwm_des' [-Wunused-variable]
  211 |  My_PWM pwm_des, pwm_real;
      |         ^~~~~~~
../src/main.c:209:30: warning: unused variable 'delta_ticks_des' [-Wunused-variable]
  209 |  Var_ticks delta_ticks_real, delta_ticks_des;
      |                              ^~~~~~~~~~~~~~~
../src/main.c:208:12: warning: variable 'ticks_old' set but not used [-Wunused-but-set-variable]
  208 |  Num_ticks ticks_old, ticks_new; ticks_new.esq=0; ticks_new.dir=0;
      |            ^~~~~~~~~
../src/main.c: In function 'prvReadUsart':
../src/main.c:303:7: warning: unused variable 'buf' [-Wunused-variable]
  303 |  char buf[30];
      |       ^~~
arm-none-eabi-gcc -o "LASET_FreeRTOS.elf" @"objects.list"   -mcpu=cortex-m3 -T"/home/maksym/STM32CubeIDE/workspace_1.8.0/LASET_FreeRTOS/LinkerScript.ld" --specs=nosys.specs -Wl,-Map="LASET_FreeRTOS.map" -Wl,--gc-sections -static --specs=nano.specs -mfloat-abi=soft -mthumb -u _printf_float -u _scanf_float -Wl,--start-group -lc -lm -Wl,--end-group
Finished building target: LASET_FreeRTOS.elf
 
arm-none-eabi-size   LASET_FreeRTOS.elf 
   text	   data	    bss	    dec	    hex	filename
  34672	    508	  13916	  49096	   bfc8	LASET_FreeRTOS.elf
Finished building: default.size.stdout
 
arm-none-eabi-objdump -h -S  LASET_FreeRTOS.elf  > "LASET_FreeRTOS.list"
Finished building: LASET_FreeRTOS.list
 
arm-none-eabi-objcopy  -O binary  LASET_FreeRTOS.elf  "LASET_FreeRTOS.bin"
Finished building: LASET_FreeRTOS.bin
 
00:43:05 **** Incremental Build of configuration Debug for project LASET_FreeRTOS ****
make all 
arm-none-eabi-gcc "../src/main.c" -mcpu=cortex-m3 -std=gnu11 -g3 -DSTM32F1 -DSTM32F103RBTx -DSTM32 -DDEBUG -DUSE_STDPERIPH_DRIVER -DSTM32F10X_MD -c -I"/home/maksym/STM32CubeIDE/workspace_1.8.0/LASET_FreeRTOS/inc" -I"/home/maksym/STM32CubeIDE/workspace_1.8.0/LASET_FreeRTOS/StdPeriph_Driver/inc" -I"/home/maksym/STM32CubeIDE/workspace_1.8.0/LASET_FreeRTOS/CMSIS/core" -I"/home/maksym/STM32CubeIDE/workspace_1.8.0/LASET_FreeRTOS/CMSIS/device" -I"/home/maksym/STM32CubeIDE/workspace_1.8.0/LASET_FreeRTOS/FreeRTOS/include" -Os -ffunction-sections -Wall -fstack-usage -MMD -MP -MF"src/main.d" -MT"src/main.o" --specs=nano.specs -mfloat-abi=soft -mthumb -o "src/main.o"
../src/main.c: In function 'prvOdometryTrack':
../src/main.c:161:40: warning: variable 'd_y' set but not used [-Wunused-but-set-variable]
  161 |  float d_s, d_theta_i, theta=0, d_x=0, d_y=0;
      |                                        ^~~
../src/main.c: In function 'prvControlador':
../src/main.c:211:9: warning: unused variable 'pwm_des' [-Wunused-variable]
  211 |  My_PWM pwm_des, pwm_real;
      |         ^~~~~~~
../src/main.c:209:30: warning: unused variable 'delta_ticks_des' [-Wunused-variable]
  209 |  Var_ticks delta_ticks_real, delta_ticks_des;
      |                              ^~~~~~~~~~~~~~~
../src/main.c:208:23: warning: variable 'ticks_new' set but not used [-Wunused-but-set-variable]
  208 |  Num_ticks ticks_old, ticks_new; ticks_new.esq=0; ticks_new.dir=0;
      |                       ^~~~~~~~~
../src/main.c:208:12: warning: unused variable 'ticks_old' [-Wunused-variable]
  208 |  Num_ticks ticks_old, ticks_new; ticks_new.esq=0; ticks_new.dir=0;
      |            ^~~~~~~~~
arm-none-eabi-gcc -o "LASET_FreeRTOS.elf" @"objects.list"   -mcpu=cortex-m3 -T"/home/maksym/STM32CubeIDE/workspace_1.8.0/LASET_FreeRTOS/LinkerScript.ld" --specs=nosys.specs -Wl,-Map="LASET_FreeRTOS.map" -Wl,--gc-sections -static --specs=nano.specs -mfloat-abi=soft -mthumb -u _printf_float -u _scanf_float -Wl,--start-group -lc -lm -Wl,--end-group
Finished building target: LASET_FreeRTOS.elf
 
arm-none-eabi-size   LASET_FreeRTOS.elf 
   text	   data	    bss	    dec	    hex	filename
  34672	    508	  13916	  49096	   bfc8	LASET_FreeRTOS.elf
Finished building: default.size.stdout
 
arm-none-eabi-objdump -h -S  LASET_FreeRTOS.elf  > "LASET_FreeRTOS.list"
Finished building: LASET_FreeRTOS.list
 
arm-none-eabi-objcopy  -O binary  LASET_FreeRTOS.elf  "LASET_FreeRTOS.bin"
Finished building: LASET_FreeRTOS.bin
 
00:50:35 **** Incremental Build of configuration Debug for project LASET_FreeRTOS ****
make all 
arm-none-eabi-gcc "../src/main.c" -mcpu=cortex-m3 -std=gnu11 -g3 -DSTM32F1 -DSTM32F103RBTx -DSTM32 -DDEBUG -DUSE_STDPERIPH_DRIVER -DSTM32F10X_MD -c -I"/home/maksym/STM32CubeIDE/workspace_1.8.0/LASET_FreeRTOS/inc" -I"/home/maksym/STM32CubeIDE/workspace_1.8.0/LASET_FreeRTOS/StdPeriph_Driver/inc" -I"/home/maksym/STM32CubeIDE/workspace_1.8.0/LASET_FreeRTOS/CMSIS/core" -I"/home/maksym/STM32CubeIDE/workspace_1.8.0/LASET_FreeRTOS/CMSIS/device" -I"/home/maksym/STM32CubeIDE/workspace_1.8.0/LASET_FreeRTOS/FreeRTOS/include" -Os -ffunction-sections -Wall -fstack-usage -MMD -MP -MF"src/main.d" -MT"src/main.o" --specs=nano.specs -mfloat-abi=soft -mthumb -o "src/main.o"
../src/main.c: In function 'prvOdometryTrack':
../src/main.c:165:40: warning: variable 'd_y' set but not used [-Wunused-but-set-variable]
  165 |  float d_s, d_theta_i, theta=0, d_x=0, d_y=0;
      |                                        ^~~
../src/main.c: In function 'prvControlador':
../src/main.c:214:9: warning: unused variable 'pwm_des' [-Wunused-variable]
  214 |  My_PWM pwm_des, pwm_real;
      |         ^~~~~~~
../src/main.c:212:30: warning: unused variable 'delta_ticks_des' [-Wunused-variable]
  212 |  Var_ticks delta_ticks_real, delta_ticks_des;
      |                              ^~~~~~~~~~~~~~~
arm-none-eabi-gcc -o "LASET_FreeRTOS.elf" @"objects.list"   -mcpu=cortex-m3 -T"/home/maksym/STM32CubeIDE/workspace_1.8.0/LASET_FreeRTOS/LinkerScript.ld" --specs=nosys.specs -Wl,-Map="LASET_FreeRTOS.map" -Wl,--gc-sections -static --specs=nano.specs -mfloat-abi=soft -mthumb -u _printf_float -u _scanf_float -Wl,--start-group -lc -lm -Wl,--end-group
Finished building target: LASET_FreeRTOS.elf
 
arm-none-eabi-size   LASET_FreeRTOS.elf 
   text	   data	    bss	    dec	    hex	filename
  34672	    508	  13916	  49096	   bfc8	LASET_FreeRTOS.elf
Finished building: default.size.stdout
 
arm-none-eabi-objdump -h -S  LASET_FreeRTOS.elf  > "LASET_FreeRTOS.list"
Finished building: LASET_FreeRTOS.list
 
arm-none-eabi-objcopy  -O binary  LASET_FreeRTOS.elf  "LASET_FreeRTOS.bin"
Finished building: LASET_FreeRTOS.bin
 
01:01:31 **** Incremental Build of configuration Debug for project LASET_FreeRTOS ****
make all 
arm-none-eabi-gcc "../src/main.c" -mcpu=cortex-m3 -std=gnu11 -g3 -DSTM32F1 -DSTM32F103RBTx -DSTM32 -DDEBUG -DUSE_STDPERIPH_DRIVER -DSTM32F10X_MD -c -I"/home/maksym/STM32CubeIDE/workspace_1.8.0/LASET_FreeRTOS/inc" -I"/home/maksym/STM32CubeIDE/workspace_1.8.0/LASET_FreeRTOS/StdPeriph_Driver/inc" -I"/home/maksym/STM32CubeIDE/workspace_1.8.0/LASET_FreeRTOS/CMSIS/core" -I"/home/maksym/STM32CubeIDE/workspace_1.8.0/LASET_FreeRTOS/CMSIS/device" -I"/home/maksym/STM32CubeIDE/workspace_1.8.0/LASET_FreeRTOS/FreeRTOS/include" -Os -ffunction-sections -Wall -fstack-usage -MMD -MP -MF"src/main.d" -MT"src/main.o" --specs=nano.specs -mfloat-abi=soft -mthumb -o "src/main.o"
../src/main.c: In function 'prvOdometryTrack':
../src/main.c:169:40: warning: variable 'd_y' set but not used [-Wunused-but-set-variable]
  169 |  float d_s, d_theta_i, theta=0, d_x=0, d_y=0;
      |                                        ^~~
../src/main.c: In function 'prvControlador':
../src/main.c:220:8: warning: variable 'cmd_vel' set but not used [-Wunused-but-set-variable]
  220 |  Twist cmd_vel;
      |        ^~~~~~~
../src/main.c:218:9: warning: unused variable 'pwm_des' [-Wunused-variable]
  218 |  My_PWM pwm_des, pwm_real;
      |         ^~~~~~~
../src/main.c:216:30: warning: unused variable 'delta_ticks_des' [-Wunused-variable]
  216 |  Var_ticks delta_ticks_real, delta_ticks_des;
      |                              ^~~~~~~~~~~~~~~
arm-none-eabi-gcc -o "LASET_FreeRTOS.elf" @"objects.list"   -mcpu=cortex-m3 -T"/home/maksym/STM32CubeIDE/workspace_1.8.0/LASET_FreeRTOS/LinkerScript.ld" --specs=nosys.specs -Wl,-Map="LASET_FreeRTOS.map" -Wl,--gc-sections -static --specs=nano.specs -mfloat-abi=soft -mthumb -u _printf_float -u _scanf_float -Wl,--start-group -lc -lm -Wl,--end-group
Finished building target: LASET_FreeRTOS.elf
 
arm-none-eabi-size   LASET_FreeRTOS.elf 
   text	   data	    bss	    dec	    hex	filename
  34672	    508	  13916	  49096	   bfc8	LASET_FreeRTOS.elf
Finished building: default.size.stdout
 
arm-none-eabi-objdump -h -S  LASET_FreeRTOS.elf  > "LASET_FreeRTOS.list"
Finished building: LASET_FreeRTOS.list
 
arm-none-eabi-objcopy  -O binary  LASET_FreeRTOS.elf  "LASET_FreeRTOS.bin"
Finished building: LASET_FreeRTOS.bin
 
01:33:01 **** Incremental Build of configuration Debug for project LASET_FreeRTOS ****
make all 
arm-none-eabi-gcc "../src/main.c" -mcpu=cortex-m3 -std=gnu11 -g3 -DSTM32F1 -DSTM32F103RBTx -DSTM32 -DDEBUG -DUSE_STDPERIPH_DRIVER -DSTM32F10X_MD -c -I"/home/maksym/STM32CubeIDE/workspace_1.8.0/LASET_FreeRTOS/inc" -I"/home/maksym/STM32CubeIDE/workspace_1.8.0/LASET_FreeRTOS/StdPeriph_Driver/inc" -I"/home/maksym/STM32CubeIDE/workspace_1.8.0/LASET_FreeRTOS/CMSIS/core" -I"/home/maksym/STM32CubeIDE/workspace_1.8.0/LASET_FreeRTOS/CMSIS/device" -I"/home/maksym/STM32CubeIDE/workspace_1.8.0/LASET_FreeRTOS/FreeRTOS/include" -Os -ffunction-sections -Wall -fstack-usage -MMD -MP -MF"src/main.d" -MT"src/main.o" --specs=nano.specs -mfloat-abi=soft -mthumb -o "src/main.o"
../src/main.c: In function 'prvOdometryTrack':
../src/main.c:175:40: warning: variable 'd_y' set but not used [-Wunused-but-set-variable]
  175 |  float d_s, d_theta_i, theta=0, d_x=0, d_y=0;
      |                                        ^~~
../src/main.c: In function 'prvControlador':
../src/main.c:227:8: error: expected '=', ',', ';', 'asm' or '__attribute__' before 'cmd_vel'
  227 |  Twist cmd_vel;
      |        ^~~~~~~
../src/main.c:227:8: error: 'cmd_vel' undeclared (first use in this function)
../src/main.c:227:8: note: each undeclared identifier is reported only once for each function it appears in
../src/main.c:260:8: warning: suggest parentheses around assignment used as truth value [-Wparentheses]
  260 |    if (delta_ticks_des.esq=0)
      |        ^~~~~~~~~~~~~~~
../src/main.c:261:3: error: expected expression before '}' token
  261 |   }
      |   ^
../src/main.c:299:16: error: 'pwm' undeclared (first use in this function)
  299 |   float2String(pwm, buf_pwm);
      |                ^~~
../src/main.c:224:9: warning: unused variable 'pwm_des' [-Wunused-variable]
  224 |  My_PWM pwm_des, pwm_real;
      |         ^~~~~~~
make: *** [src/subdir.mk:34: src/main.o] Error 1
"make all" terminated with exit code 2. Build might be incomplete.
01:38:22 **** Incremental Build of configuration Debug for project LASET_FreeRTOS ****
make all 
arm-none-eabi-gcc "../src/main.c" -mcpu=cortex-m3 -std=gnu11 -g3 -DSTM32F1 -DSTM32F103RBTx -DSTM32 -DDEBUG -DUSE_STDPERIPH_DRIVER -DSTM32F10X_MD -c -I"/home/maksym/STM32CubeIDE/workspace_1.8.0/LASET_FreeRTOS/inc" -I"/home/maksym/STM32CubeIDE/workspace_1.8.0/LASET_FreeRTOS/StdPeriph_Driver/inc" -I"/home/maksym/STM32CubeIDE/workspace_1.8.0/LASET_FreeRTOS/CMSIS/core" -I"/home/maksym/STM32CubeIDE/workspace_1.8.0/LASET_FreeRTOS/CMSIS/device" -I"/home/maksym/STM32CubeIDE/workspace_1.8.0/LASET_FreeRTOS/FreeRTOS/include" -Os -ffunction-sections -Wall -fstack-usage -MMD -MP -MF"src/main.d" -MT"src/main.o" --specs=nano.specs -mfloat-abi=soft -mthumb -o "src/main.o"
../src/main.c: In function 'prvOdometryTrack':
../src/main.c:170:40: warning: variable 'd_y' set but not used [-Wunused-but-set-variable]
  170 |  float d_s, d_theta_i, theta=0, d_x=0, d_y=0;
      |                                        ^~~
../src/main.c: In function 'prvControlador':
../src/main.c:255:8: warning: suggest parentheses around assignment used as truth value [-Wparentheses]
  255 |    if (delta_ticks_des.esq=0){pwm.en1_esq=0;pwm.en2_esq=0;}
      |        ^~~~~~~~~~~~~~~
../src/main.c:257:29: warning: statement with no effect [-Wunused-value]
  257 |    else (delta_ticks_des.esq<0){pwm.en1_esq=1;pwm.en2_esq=0;}
      |         ~~~~~~~~~~~~~~~~~~~~^~~
../src/main.c:257:32: error: expected ';' before '{' token
  257 |    else (delta_ticks_des.esq<0){pwm.en1_esq=1;pwm.en2_esq=0;}
      |                                ^
      |                                ;
../src/main.c:220:9: warning: variable 'pwm' set but not used [-Wunused-but-set-variable]
  220 |  My_PWM pwm;
      |         ^~~
../src/main.c:219:9: warning: unused variable 'pwm_des' [-Wunused-variable]
  219 |  My_PWM pwm_des, pwm_real;
      |         ^~~~~~~
make: *** [src/subdir.mk:34: src/main.o] Error 1
"make all" terminated with exit code 2. Build might be incomplete.
01:38:49 **** Incremental Build of configuration Debug for project LASET_FreeRTOS ****
make all 
arm-none-eabi-gcc "../src/main.c" -mcpu=cortex-m3 -std=gnu11 -g3 -DSTM32F1 -DSTM32F103RBTx -DSTM32 -DDEBUG -DUSE_STDPERIPH_DRIVER -DSTM32F10X_MD -c -I"/home/maksym/STM32CubeIDE/workspace_1.8.0/LASET_FreeRTOS/inc" -I"/home/maksym/STM32CubeIDE/workspace_1.8.0/LASET_FreeRTOS/StdPeriph_Driver/inc" -I"/home/maksym/STM32CubeIDE/workspace_1.8.0/LASET_FreeRTOS/CMSIS/core" -I"/home/maksym/STM32CubeIDE/workspace_1.8.0/LASET_FreeRTOS/CMSIS/device" -I"/home/maksym/STM32CubeIDE/workspace_1.8.0/LASET_FreeRTOS/FreeRTOS/include" -Os -ffunction-sections -Wall -fstack-usage -MMD -MP -MF"src/main.d" -MT"src/main.o" --specs=nano.specs -mfloat-abi=soft -mthumb -o "src/main.o"
../src/main.c: In function 'prvOdometryTrack':
../src/main.c:170:40: warning: variable 'd_y' set but not used [-Wunused-but-set-variable]
  170 |  float d_s, d_theta_i, theta=0, d_x=0, d_y=0;
      |                                        ^~~
../src/main.c: In function 'prvControlador':
../src/main.c:255:8: warning: suggest parentheses around assignment used as truth value [-Wparentheses]
  255 |    if (delta_ticks_des.esq=0){pwm.en1_esq=0;pwm.en2_esq=0;}
      |        ^~~~~~~~~~~~~~~
../src/main.c:220:9: warning: variable 'pwm' set but not used [-Wunused-but-set-variable]
  220 |  My_PWM pwm;
      |         ^~~
../src/main.c:219:9: warning: unused variable 'pwm_des' [-Wunused-variable]
  219 |  My_PWM pwm_des, pwm_real;
      |         ^~~~~~~
arm-none-eabi-gcc -o "LASET_FreeRTOS.elf" @"objects.list"   -mcpu=cortex-m3 -T"/home/maksym/STM32CubeIDE/workspace_1.8.0/LASET_FreeRTOS/LinkerScript.ld" --specs=nosys.specs -Wl,-Map="LASET_FreeRTOS.map" -Wl,--gc-sections -static --specs=nano.specs -mfloat-abi=soft -mthumb -u _printf_float -u _scanf_float -Wl,--start-group -lc -lm -Wl,--end-group
Finished building target: LASET_FreeRTOS.elf
 
arm-none-eabi-size   LASET_FreeRTOS.elf 
   text	   data	    bss	    dec	    hex	filename
  34688	    508	  13916	  49112	   bfd8	LASET_FreeRTOS.elf
Finished building: default.size.stdout
 
arm-none-eabi-objdump -h -S  LASET_FreeRTOS.elf  > "LASET_FreeRTOS.list"
Finished building: LASET_FreeRTOS.list
 
arm-none-eabi-objcopy  -O binary  LASET_FreeRTOS.elf  "LASET_FreeRTOS.bin"
Finished building: LASET_FreeRTOS.bin
 
01:41:00 **** Incremental Build of configuration Debug for project LASET_FreeRTOS ****
make all 
arm-none-eabi-gcc "../src/main.c" -mcpu=cortex-m3 -std=gnu11 -g3 -DSTM32F1 -DSTM32F103RBTx -DSTM32 -DDEBUG -DUSE_STDPERIPH_DRIVER -DSTM32F10X_MD -c -I"/home/maksym/STM32CubeIDE/workspace_1.8.0/LASET_FreeRTOS/inc" -I"/home/maksym/STM32CubeIDE/workspace_1.8.0/LASET_FreeRTOS/StdPeriph_Driver/inc" -I"/home/maksym/STM32CubeIDE/workspace_1.8.0/LASET_FreeRTOS/CMSIS/core" -I"/home/maksym/STM32CubeIDE/workspace_1.8.0/LASET_FreeRTOS/CMSIS/device" -I"/home/maksym/STM32CubeIDE/workspace_1.8.0/LASET_FreeRTOS/FreeRTOS/include" -Os -ffunction-sections -Wall -fstack-usage -MMD -MP -MF"src/main.d" -MT"src/main.o" --specs=nano.specs -mfloat-abi=soft -mthumb -o "src/main.o"
../src/main.c: In function 'prvOdometryTrack':
../src/main.c:170:40: warning: variable 'd_y' set but not used [-Wunused-but-set-variable]
  170 |  float d_s, d_theta_i, theta=0, d_x=0, d_y=0;
      |                                        ^~~
../src/main.c: In function 'prvControlador':
../src/main.c:256:9: warning: suggest parentheses around assignment used as truth value [-Wparentheses]
  256 |    if ( delta_ticks_des.esq=0 ){
      |         ^~~~~~~~~~~~~~~
../src/main.c:266:8: warning: suggest parentheses around assignment used as truth value [-Wparentheses]
  266 |    if (delta_ticks_des.esq=0){pwm.en1_esq=0;pwm.en2_esq=0;}
      |        ^~~~~~~~~~~~~~~
../src/main.c:220:9: warning: variable 'pwm' set but not used [-Wunused-but-set-variable]
  220 |  My_PWM pwm;
      |         ^~~
../src/main.c:219:9: warning: unused variable 'pwm_des' [-Wunused-variable]
  219 |  My_PWM pwm_des, pwm_real;
      |         ^~~~~~~
arm-none-eabi-gcc -o "LASET_FreeRTOS.elf" @"objects.list"   -mcpu=cortex-m3 -T"/home/maksym/STM32CubeIDE/workspace_1.8.0/LASET_FreeRTOS/LinkerScript.ld" --specs=nosys.specs -Wl,-Map="LASET_FreeRTOS.map" -Wl,--gc-sections -static --specs=nano.specs -mfloat-abi=soft -mthumb -u _printf_float -u _scanf_float -Wl,--start-group -lc -lm -Wl,--end-group
Finished building target: LASET_FreeRTOS.elf
 
arm-none-eabi-size   LASET_FreeRTOS.elf 
   text	   data	    bss	    dec	    hex	filename
  34688	    508	  13916	  49112	   bfd8	LASET_FreeRTOS.elf
Finished building: default.size.stdout
 
arm-none-eabi-objdump -h -S  LASET_FreeRTOS.elf  > "LASET_FreeRTOS.list"
Finished building: LASET_FreeRTOS.list
 
arm-none-eabi-objcopy  -O binary  LASET_FreeRTOS.elf  "LASET_FreeRTOS.bin"
Finished building: LASET_FreeRTOS.bin
 
01:41:16 **** Incremental Build of configuration Debug for project LASET_FreeRTOS ****
make all 
arm-none-eabi-gcc "../src/main.c" -mcpu=cortex-m3 -std=gnu11 -g3 -DSTM32F1 -DSTM32F103RBTx -DSTM32 -DDEBUG -DUSE_STDPERIPH_DRIVER -DSTM32F10X_MD -c -I"/home/maksym/STM32CubeIDE/workspace_1.8.0/LASET_FreeRTOS/inc" -I"/home/maksym/STM32CubeIDE/workspace_1.8.0/LASET_FreeRTOS/StdPeriph_Driver/inc" -I"/home/maksym/STM32CubeIDE/workspace_1.8.0/LASET_FreeRTOS/CMSIS/core" -I"/home/maksym/STM32CubeIDE/workspace_1.8.0/LASET_FreeRTOS/CMSIS/device" -I"/home/maksym/STM32CubeIDE/workspace_1.8.0/LASET_FreeRTOS/FreeRTOS/include" -Os -ffunction-sections -Wall -fstack-usage -MMD -MP -MF"src/main.d" -MT"src/main.o" --specs=nano.specs -mfloat-abi=soft -mthumb -o "src/main.o"
../src/main.c: In function 'prvOdometryTrack':
../src/main.c:170:40: warning: variable 'd_y' set but not used [-Wunused-but-set-variable]
  170 |  float d_s, d_theta_i, theta=0, d_x=0, d_y=0;
      |                                        ^~~
../src/main.c: In function 'prvControlador':
../src/main.c:266:8: warning: suggest parentheses around assignment used as truth value [-Wparentheses]
  266 |    if (delta_ticks_des.esq=0){pwm.en1_esq=0;pwm.en2_esq=0;}
      |        ^~~~~~~~~~~~~~~
../src/main.c:220:9: warning: variable 'pwm' set but not used [-Wunused-but-set-variable]
  220 |  My_PWM pwm;
      |         ^~~
../src/main.c:219:9: warning: unused variable 'pwm_des' [-Wunused-variable]
  219 |  My_PWM pwm_des, pwm_real;
      |         ^~~~~~~
arm-none-eabi-gcc -o "LASET_FreeRTOS.elf" @"objects.list"   -mcpu=cortex-m3 -T"/home/maksym/STM32CubeIDE/workspace_1.8.0/LASET_FreeRTOS/LinkerScript.ld" --specs=nosys.specs -Wl,-Map="LASET_FreeRTOS.map" -Wl,--gc-sections -static --specs=nano.specs -mfloat-abi=soft -mthumb -u _printf_float -u _scanf_float -Wl,--start-group -lc -lm -Wl,--end-group
Finished building target: LASET_FreeRTOS.elf
 
arm-none-eabi-size   LASET_FreeRTOS.elf 
   text	   data	    bss	    dec	    hex	filename
  34688	    508	  13916	  49112	   bfd8	LASET_FreeRTOS.elf
Finished building: default.size.stdout
 
arm-none-eabi-objdump -h -S  LASET_FreeRTOS.elf  > "LASET_FreeRTOS.list"
Finished building: LASET_FreeRTOS.list
 
arm-none-eabi-objcopy  -O binary  LASET_FreeRTOS.elf  "LASET_FreeRTOS.bin"
Finished building: LASET_FreeRTOS.bin
 
