01:41:16 **** Incremental Build of configuration Debug for project LASET_FreeRTOS ****
make all 
arm-none-eabi-gcc "../src/main.c" -mcpu=cortex-m3 -std=gnu11 -g3 -DSTM32F1 -DSTM32F103RBTx -DSTM32 -DDEBUG -DUSE_STDPERIPH_DRIVER -DSTM32F10X_MD -c -I"/home/maksym/STM32CubeIDE/workspace_1.8.0/LASET_FreeRTOS/inc" -I"/home/maksym/STM32CubeIDE/workspace_1.8.0/LASET_FreeRTOS/StdPeriph_Driver/inc" -I"/home/maksym/STM32CubeIDE/workspace_1.8.0/LASET_FreeRTOS/CMSIS/core" -I"/home/maksym/STM32CubeIDE/workspace_1.8.0/LASET_FreeRTOS/CMSIS/device" -I"/home/maksym/STM32CubeIDE/workspace_1.8.0/LASET_FreeRTOS/FreeRTOS/include" -Os -ffunction-sections -Wall -fstack-usage -MMD -MP -MF"src/main.d" -MT"src/main.o" --specs=nano.specs -mfloat-abi=soft -mthumb -o "src/main.o"
../src/main.c: In function 'prvOdometryTrack':
../src/main.c:170:40: warning: variable 'd_y' set but not used [-Wunused-but-set-variable]
  170 |  float d_s, d_theta_i, theta=0, d_x=0, d_y=0;
      |                                        ^~~
../src/main.c: In function 'prvControlador':
../src/main.c:266:8: warning: suggest parentheses around assignment used as truth value [-Wparentheses]
  266 |    if (delta_ticks_des.esq=0){pwm.en1_esq=0;pwm.en2_esq=0;}
      |        ^~~~~~~~~~~~~~~
../src/main.c:220:9: warning: variable 'pwm' set but not used [-Wunused-but-set-variable]
  220 |  My_PWM pwm;
      |         ^~~
../src/main.c:219:9: warning: unused variable 'pwm_des' [-Wunused-variable]
  219 |  My_PWM pwm_des, pwm_real;
      |         ^~~~~~~
arm-none-eabi-gcc -o "LASET_FreeRTOS.elf" @"objects.list"   -mcpu=cortex-m3 -T"/home/maksym/STM32CubeIDE/workspace_1.8.0/LASET_FreeRTOS/LinkerScript.ld" --specs=nosys.specs -Wl,-Map="LASET_FreeRTOS.map" -Wl,--gc-sections -static --specs=nano.specs -mfloat-abi=soft -mthumb -u _printf_float -u _scanf_float -Wl,--start-group -lc -lm -Wl,--end-group
Finished building target: LASET_FreeRTOS.elf
 
arm-none-eabi-size   LASET_FreeRTOS.elf 
   text	   data	    bss	    dec	    hex	filename
  34688	    508	  13916	  49112	   bfd8	LASET_FreeRTOS.elf
Finished building: default.size.stdout
 
arm-none-eabi-objdump -h -S  LASET_FreeRTOS.elf  > "LASET_FreeRTOS.list"
Finished building: LASET_FreeRTOS.list
 
arm-none-eabi-objcopy  -O binary  LASET_FreeRTOS.elf  "LASET_FreeRTOS.bin"
Finished building: LASET_FreeRTOS.bin
 

01:41:16 Build Finished. 0 errors, 4 warnings. (took 917ms)

