22:17:25 **** Incremental Build of configuration Debug for project LASET_FreeRTOS ****
make all 
arm-none-eabi-gcc "../src/main.c" -mcpu=cortex-m3 -std=gnu11 -g3 -DSTM32F1 -DSTM32F103RBTx -DSTM32 -DDEBUG -DUSE_STDPERIPH_DRIVER -DSTM32F10X_MD -c -I"/home/maksym/STM32CubeIDE/workspace_1.8.0/LASET_FreeRTOS/inc" -I"/home/maksym/STM32CubeIDE/workspace_1.8.0/LASET_FreeRTOS/StdPeriph_Driver/inc" -I"/home/maksym/STM32CubeIDE/workspace_1.8.0/LASET_FreeRTOS/CMSIS/core" -I"/home/maksym/STM32CubeIDE/workspace_1.8.0/LASET_FreeRTOS/CMSIS/device" -I"/home/maksym/STM32CubeIDE/workspace_1.8.0/LASET_FreeRTOS/FreeRTOS/include" -Os -ffunction-sections -Wall -fstack-usage -MMD -MP -MF"src/main.d" -MT"src/main.o" --specs=nano.specs -mfloat-abi=soft -mthumb -o "src/main.o"
../src/main.c: In function 'prvOdometryTrack':
../src/main.c:170:11: warning: unused variable 'odom' [-Wunused-variable]
  170 |  Odometry odom=init_odom_var();
      |           ^~~~
../src/main.c: In function 'prvControlador':
../src/main.c:214:47: warning: unused variable 'buf_d' [-Wunused-variable]
  214 |  char buf[msg_length], buf_p[15],buf_erro[15],buf_d[15],buf_v[15];
      |                                               ^~~~~
../src/main.c:214:34: warning: unused variable 'buf_erro' [-Wunused-variable]
  214 |  char buf[msg_length], buf_p[15],buf_erro[15],buf_d[15],buf_v[15];
      |                                  ^~~~~~~~
../src/main.c:214:24: warning: unused variable 'buf_p' [-Wunused-variable]
  214 |  char buf[msg_length], buf_p[15],buf_erro[15],buf_d[15],buf_v[15];
      |                        ^~~~~
../src/main.c:209:9: warning: unused variable 'pwm_des' [-Wunused-variable]
  209 |  My_PWM pwm_des, pwm_real;
      |         ^~~~~~~
../src/main.c:207:30: warning: unused variable 'delta_ticks_des' [-Wunused-variable]
  207 |  Var_ticks delta_ticks_real, delta_ticks_des;
      |                              ^~~~~~~~~~~~~~~
../src/main.c:206:12: warning: variable 'ticks_old' set but not used [-Wunused-but-set-variable]
  206 |  Num_ticks ticks_old, ticks_new; ticks_new.esq=0; ticks_new.dir=0; ticks_old.esq=0;
      |            ^~~~~~~~~
../src/main.c: In function 'prvReadUsart':
../src/main.c:304:7: warning: unused variable 'buf' [-Wunused-variable]
  304 |  char buf[30];
      |       ^~~
../src/main.c: At top level:
../src/main.c:396:1: warning: "/*" within comment [-Wcomment]
  396 | /*-----------------------------------------------------------*/
      |  
../src/main.c: In function 'prvOdometryTrack':
../src/main.c:197:23: warning: '%s' directive writing up to 14 bytes into a region of size between 11 and 25 [-Wformat-overflow=]
  197 |   sprintf(buf,"X:%s Y:%s th:%s\n",buf_x,buf_y,buf_th);
      |                       ^~                ~~~~~
../src/main.c:197:3: note: 'sprintf' output between 11 and 53 bytes into a destination of size 30
  197 |   sprintf(buf,"X:%s Y:%s th:%s\n",buf_x,buf_y,buf_th);
      |   ^~~~~~~~~~~~~~~~~~~~~~~~~~~~~~~~~~~~~~~~~~~~~~~~~~~
arm-none-eabi-gcc -o "LASET_FreeRTOS.elf" @"objects.list"   -mcpu=cortex-m3 -T"/home/maksym/STM32CubeIDE/workspace_1.8.0/LASET_FreeRTOS/LinkerScript.ld" --specs=nosys.specs -Wl,-Map="LASET_FreeRTOS.map" -Wl,--gc-sections -static --specs=nano.specs -mfloat-abi=soft -mthumb -u _printf_float -u _scanf_float -Wl,--start-group -lc -lm -Wl,--end-group
Finished building target: LASET_FreeRTOS.elf
 
arm-none-eabi-size   LASET_FreeRTOS.elf 
   text	   data	    bss	    dec	    hex	filename
  39856	    508	  13916	  54280	   d408	LASET_FreeRTOS.elf
Finished building: default.size.stdout
 
arm-none-eabi-objdump -h -S  LASET_FreeRTOS.elf  > "LASET_FreeRTOS.list"
Finished building: LASET_FreeRTOS.list
 
arm-none-eabi-objcopy  -O binary  LASET_FreeRTOS.elf  "LASET_FreeRTOS.bin"
Finished building: LASET_FreeRTOS.bin
 

22:17:26 Build Finished. 0 errors, 10 warnings. (took 1s.79ms)

